=== Apollo enrichment run started Mon Aug 17 13:32:16 CDT 2026 ===

######## CHUNK 1 (batches of 5, ~100 domains) ########
Domains remaining: 781 (already processed: 120)

--- Batch 1/5: 20 domains ---
  search: 7 people found across 20 domains
  (skipped 5 preview results with no confident domain match)
  + lee@dleeedwardsrealty.com  (dleeedwardsrealty.com — Broker/Owner, MCNE)

--- Batch 2/5: 20 domains ---
  search: 50 people found across 20 domains
  (skipped 49 preview results with no confident domain match)
  + lisa@legacybrokergroup.com  (legacybrokergroup.com — Director of Development and Cultural Growth)

--- Batch 3/5: 20 domains ---
  search: 50 people found across 20 domains
  (skipped 2 preview results with no confident domain match)
  (note: attributed kerrville.kw.com but match reveals kw.com — using true_dom)
  + amee@kw.com  (kw.com — Owner/Operator Keller Williams Realty)
  + laura@forepremierproperties.com  (forepremierproperties.com — Owner & Broker)

--- Batch 4/5: 20 domains ---
  search: 50 people found across 20 domains
  (skipped 50 preview results with no confident domain match)
  no attributable picks in this batch

--- Batch 5/5: 20 domains ---
  search: 29 people found across 20 domains
  (skipped 3 preview results with no confident domain match)
  + orios@seguinchevrolet.com  (seguinchevrolet.com — Marketing Director)
  + grayson@beckbeck.net  (beckbuickgmc.com — General Manager)
  + richie@mercermotorco.com  (mercermotorco.com — Owner)
  + mmagana@seguinmotorcars.com  (seguinmotorcars.com — Store Manager)
  + brian@camtruckz.com  (camtruckz.com — Sales Manager)
  + stephanie.nalepa@thirdcoastautos.com  (thirdcoastautos.com — Collections Manager)

=== Done. New emails this run: 10. Total contacts: 103. Unmatched previews skipped: 109 ===

######## CHUNK 2 (batches of 5, ~100 domains) ########
Domains remaining: 681 (already processed: 220)

--- Batch 1/5: 20 domains ---
  search: 50 people found across 20 domains
  + evan@mybelugaair.com  (nissanboerne.com — Marketing Manager)
  + dlockwood@fordofboerne.com  (fordofboerne.com — Service Director)
  + shawn@landroverboerne.com  (landroverboerne.com — Financial Director)
  + umer@nissanboerne.com  (toyotaofboerne.com — Owner at Nissan)
  + maggie.king@principleauto.com  (principlehyundaiboerne.com — Service Manager)
  + matt.kosub@gunnchevrolet.com  (gunnchevrolet.com — Service Director)
  + clint@boerneauto.com  (boernedodge.com — Service Director)

--- Batch 2/5: 20 domains ---
  search: 44 people found across 20 domains
  (skipped 3 preview results with no confident domain match)
  + lmayfield@stoepelford.com  (stoepelford.com — Service Director of Ken Stoepel Ford)
  + shannon@shannonmiller.net  (shannonmiller.net — Owner/Independent Agent)
  + cullenh@crenwelge.com  (crenwelgemotor.com — General Sales Manager)

--- Batch 3/5: 20 domains ---
  search: 50 people found across 20 domains
  + balaji_govindachari@progressive.com  (progressive.com — Application Owner)
  + andrew.kuntzman@goosehead.com  (goosehead.com — Agency Owner)

--- Batch 4/5: 20 domains ---
  search: 50 people found across 20 domains
  (skipped 10 preview results with no confident domain match)
  (note: attributed local.directauto.com but match reveals directauto.com — using true_dom)
  + chuck.caruso@directauto.com  (directauto.com — Territory Sales Manager)
  + chris.capone@comparioninsurance.com  (comparioninsurance.com — President & CEO)
  + paul.buono@fredloya.com  (fredloya.com — H.R. Manager)
  + s.mejdrich@lainsurance.com  (lainsurance.com — SVP, Operations)

--- Batch 5/5: 20 domains ---
  search: 50 people found across 20 domains
  + aarti@yatesinsurance.com  (yatesinsurance.com — Owner)
  + stephen@garrettinsurance.com  (garrettinsurance.com — Chief Executive Officer)
  + chuck@hulettinsurance.com  (hulettinsurance.com — Owner/Principal Agent)
  + agentabel@mojoprotects.com  (mojoprotects.com — Chief Executive Officer)
  + jbrunscheon@fcisinsurance.com  (tx.fcisinsurance.com — Senior Producer/Branch Manager)
  + joe@joecookagency.com  (joecookinsurance.com — Owner)
  + amatinfar@fiestainsurance.com  (fiestainsurance.com — Franchise Owner)
  + leed@dreissinsurance.com  (dreissinsurance.com — Owner)

=== Done. New emails this run: 24. Total contacts: 127. Unmatched previews skipped: 13 ===

######## CHUNK 3 (batches of 5, ~100 domains) ########
Domains remaining: 581 (already processed: 320)

--- Batch 1/5: 20 domains ---
  search: 50 people found across 20 domains
  (skipped 1 preview results with no confident domain match)
  + mchristian@acrisure.com  (acrisure.com — Vice President Retail and Mass Market)
  (note: attributed agents.allstate.com but match reveals allstate.com — using true_dom)
  + stevep@allstate.com  (allstate.com — Owner)

--- Batch 2/5: 20 domains ---
  search: 50 people found across 20 domains
  + rkhogan@drhorton.com  (drhorton.com — Vice President Sales and Marketing)
  + rmiller@keeleyconstruction.com  (keeleyconstruction.com — Vice President, Safety)

--- Batch 3/5: 20 domains ---
  search: 50 people found across 20 domains
  (skipped 50 preview results with no confident domain match)
  no attributable picks in this batch

--- Batch 4/5: 20 domains ---
  search: 35 people found across 20 domains
  + lanah@robotcreative.com  (robotcreative.com — Principal and President)
  + jsanchez@imagehousemedia.com  (imagehousemedia.com — Company Owner)
  + kfahim@chamoycreative.com  (chamoycreative.com — Associate Creative Director)
  + mike@dyalcustomhomes.com  (dyalcustomhomes.com — Owner)
  + john@beastcreativeagency.com  (beastcreativeagency.com — Chief Operations Officer, Co-Owner)
  + chris@taskbuilding.com  (taskbuilding.com — CEO)
  + marlene@sammisochoa.com  (sammisochoa.com — Account Manager)
  + daniel@klipco.com  (klip.media — Business Owner)
  (note: attributed whiteconstructioncompany.com but match reveals hiteconstructioncompany.com — using true_dom)
  + tres@whiteconstructioncompany.com  (hiteconstructioncompany.com — Project Manager)
  + semanalytics@graydigitalgroup.com  (graydigitalgroup.com — Digital Marketing Director)

--- Batch 5/5: 20 domains ---
  search: 28 people found across 20 domains
  (skipped 1 preview results with no confident domain match)
  + dandre@theuprootagency.com  (theuprootagency.com — Business Owner)
  + joshuaruskin@ruskinconsulting.com  (ruskinconsulting.com — Owner/CEO)
  + rob@freshbreaddigital.com  (freshbreaddigital.com — Owner)
  + matt@petersondigitalmarketing.com  (petersondigitalmarketing.com — Owner)
  + gary@ballisticmarketinggroup.com  (ballisticmarketinggroup.com — Owner/Principal)
  + bob@tenpeaksmedia.com  (heromarketingagency.com — Co-Owner)
  + amman@primemountainmarketing.com  (primemountainmarketing.com — Marketing Executive)
  + jim@raptapmarketing.com  (raptapmarketing.com — CEO / President)
  + kellie@dfapparel.com  (dfapparel.com — Owner)
  + lgarza@nutechadvisors.com  (nutechadvisors.com — Chief Information Officer)
  + burl@penguinsuits.com  (penguinsuits.com — Project Manager)

=== Done. New emails this run: 25. Total contacts: 152. Unmatched previews skipped: 52 ===

######## CHUNK 4 (batches of 5, ~100 domains) ########
Domains remaining: 481 (already processed: 420)

--- Batch 1/5: 20 domains ---
  search: 50 people found across 20 domains
  + cecily.worthy@theloomisagency.com  (theloomisagency.com — Creative Director)
  + amanda@marketingtomball.com  (marketingtomball.com — CEO)
  + david@palmsbm.com  (palmsbm.com — President)
  + callie@manifestivedesign.com  (manifestivedesign.com — Owner + Creative Director)
  + clint@alaracreative.com  (alaracreative.com — President & Strategy Lead)
  + coreena@ranchradiogroup.com  (ranchrmg.com — President/COO)
  + austin@droptinestudios.com  (droptinestudios.com — Chief Executive Officer)
  + olga@rudkinproductions.net  (rudkinproductions.com — Sr. Creative Director)
  + john@sansabacap.com  (sansabacap.com — Sales Manager)

--- Batch 2/5: 20 domains ---
  search: 30 people found across 20 domains
  (skipped 3 preview results with no confident domain match)
  + lindsay@socialmediatorch.com  (kineticcurve.com — Client Success Director)
  + matt@centexmarketing.com  (centexmarketing.com — Owner | Founder | Creative Director)
  + mark@valadezcpa.com  (valadezcpa.com — CEO/Partner)
  (note: attributed watsoncrafted.com but match reveals atsoncrafted.com — using true_dom)
  + luis@watsoncrafted.com  (atsoncrafted.com — Digital Marketing Manager)
  + heidi@centurygs.com  (centurygs.com — Director of Sales & Marketing)
  + rubenduarte@adventtrinity.com  (adventtrinity.com — Chief Operations Officer)
  + larry@labordecpa.com  (labordecpa.com — Senior Manager)
  + paul@texomamarketingsolutions.com  (texomamarketing.com — Director of Business Development)
  + jmtz@almanzacpafirm.com  (almanzacpafirm.com — Tax Manager)

--- Batch 3/5: 20 domains ---
  search: 50 people found across 20 domains
  (skipped 28 preview results with no confident domain match)
  + juan@jms-cpas.com  (jms-cpas.com — CEO / Managing Partner)
  + jls@ssacpa.com  (ssacpa.com — Director of Human Resources and Administration)
  + ngonzalesjd@cpatx.com  (gonzalesgroupcpa.com — CPA/Attorney - Owner)

--- Batch 4/5: 20 domains ---
  search: 50 people found across 20 domains
  + curtis.campbell@hrblock.com  (hrblock.com — President & CEO)

--- Batch 5/5: 20 domains ---
  search: 50 people found across 20 domains
  (skipped 3 preview results with no confident domain match)
  (note: attributed atkgcpa.com but match reveals atkg.com — using true_dom)
  + btrussell@atkg.com  (atkg.com — Owner, Senior Manager, Partner)
  + trons@thesaltgroup.com  (thesaltgroup.com — President)
  + cmikeska@micocpa.com  (micocpa.com — Shareholder)

=== Done. New emails this run: 25. Total contacts: 177. Unmatched previews skipped: 34 ===

######## CHUNK 5 (batches of 5, ~100 domains) ########
Domains remaining: 381 (already processed: 520)

--- Batch 1/5: 20 domains ---
  search: 3 people found across 20 domains
  + denise@kennyperezlaw.com  (kennyperezlaw.com — Office Manager)

--- Batch 2/5: 20 domains ---
  search: 27 people found across 20 domains
  (skipped 1 preview results with no confident domain match)
  + pcohoon@lkclawfirm.com  (lkclawfirm.com — Manager)
  + chris@brckdefense.com  (brckdefense.com — Owner)

--- Batch 3/5: 20 domains ---
  search: 24 people found across 20 domains
  (skipped 1 preview results with no confident domain match)
  + acacord@pyramiscompany.com  (pyramiscompany.com — President)
  + karen@sarents.com  (sarents.com — Broker/Owner)
  + strwizard@mhnproperties.com  (mhnproperties.com — Property Manager)

--- Batch 4/5: 20 domains ---
  search: 50 people found across 20 domains
  (skipped 1 preview results with no confident domain match)
  + dpaonessa@homeriver.com  (homeriver.com — Vice President of Ops and Strategy)
  + tracey@propertynb.com  (propertynb.com — President)

--- Batch 5/5: 20 domains ---
  search: 19 people found across 20 domains
  (skipped 1 preview results with no confident domain match)
  + alice@rpmfirstclass.com  (rpmfirstclass.com — George W. Bush Stand-To Veteran Leadership Program Scholar | Property Management Business Owner | FourBlock Career Readiness Instructor | +MPU Director of People | Sahcc Abldp 2023 I Veteran | Speaker)
  + brett@rpmhillcountry.com  (rpmhillcountry.com — Owner)
  + christen@vistamgtgroup.com  (vistamanagementgroup.com — VP of Vista Management Group)

=== Done. New emails this run: 11. Total contacts: 188. Unmatched previews skipped: 4 ===

######## CHUNK 6 (batches of 5, ~100 domains) ########
Domains remaining: 281 (already processed: 620)

--- Batch 1/5: 20 domains ---
  search: 50 people found across 20 domains
  (skipped 1 preview results with no confident domain match)
  + wfrench@houseloan.com  (houseloan.com — Senior Vice President Human Resources)
  (note: attributed branches.guildmortgage.com but match reveals guildmortgage.com — using true_dom)
  + rhogle@guildmortgage.net  (guildmortgage.com — Division, Senior Vice President)
  + banderson@usa-mortgage.com  (usamortgage.com — Senior Vice President, Business Development)
  (note: attributed lo.primelending.com but match reveals primelending.com — using true_dom)
  + nic.hartke@primelending.com  (primelending.com — Vice President - Sales Recruiting)
  + edwardwarrington@lennarmortgage.com  (lennarmortgage.com — Division Vice President)

--- Batch 2/5: 20 domains ---
  search: 50 people found across 20 domains
  (skipped 11 preview results with no confident domain match)
  + donyount@swfunding.com  (southwestfunding.com — Founder and Owner)
  + sstewart@swbc.com  (swbcmortgage.com — CEO)
  + wes.kleckley@pilgrimmtg.com  (pilgrimmtg.com — CEO)
  + jessie.simpson@worldacceptance.com  (loansbyworld.com — Director of Human Resources)

--- Batch 3/5: 20 domains ---
  search: 50 people found across 20 domains
  (skipped 43 preview results with no confident domain match)
  + gary.ketenchian@sunflowerbank.com  (sunflowerbank.com — Senior Vice President / Branch Manager)
  + chris.burt@capitalfarmcredit.com  (capitalfarmcredit.com — EVP, Chief Human Resources Officer)
  + john.wessel@security-finance.com  (securityfinance.com — Senior Vice President of Operations AL, GA, MS, SC and TN)
  + yodie@themoneystore.com  (themoneystore.com — Vice President of Strategic Growth)

--- Batch 4/5: 20 domains ---
  search: 50 people found across 20 domains
  (skipped 14 preview results with no confident domain match)
  (note: attributed trb.bank but match reveals texasregionalbank.com — using true_dom)
  + mcolon@trb.bank  (texasregionalbank.com — Senior Vice President - Relationship Manager)
  + kevin.barron@uhtx.com  (universityhealth.com — Vice President, Payer Relations)
  + cvega@hebmex.com  (heb.com — Vicepresidente Comercial)
  + jeannine.ruffner@healthtexas.org  (healthtexas.org — Vice President)
  + robyn.rodriguez@harborhealth.com  (harborhealth.com — Human Resources Director)
  + ghenriquez@mysanitas.com  (mysanitas.com — Dental Management Director USA)
  + debbie.isaacs@gatewayloan.com  (gatewayfirst.com — Mortgage Sales Manager)

--- Batch 5/5: 20 domains ---
  search: 50 people found across 20 domains
  (skipped 47 preview results with no confident domain match)
  + rghaynes@grmedcenter.com  (grmedcenter.com — CEO)
  + slara@grmedgroup.com  (grmedgroup.com — Chief Executive Officer)

=== Done. New emails this run: 22. Total contacts: 210. Unmatched previews skipped: 116 ===

######## CHUNK 7 (batches of 5, ~100 domains) ########
Domains remaining: 181 (already processed: 720)

--- Batch 1/5: 20 domains ---
  search: 50 people found across 20 domains
  + edward.alderman@estes-express.com  (estes-express.com — Vice President, International)
  + dean.mills@tforce.com  (tforcelogistics.com — Vice President Sales, North America)
  + ckarr@dd-transport.com  (tanagerlogistics.com — Vice President)

--- Batch 2/5: 20 domains ---
  search: 50 people found across 20 domains
  (note: attributed local.fedex.com but match reveals fedex.com — using true_dom)
  + carla.rocha@fedex.com  (fedex.com — Customer Journey Owner - Marketing Specialist)
  + essam.eid@craneww.com  (craneww.com — Vice President of Business Development - Middle East, India & Africa Region)
  + frank.benavides@uvlogistics.com  (uvlogistics.com — Owner Operator)

--- Batch 3/5: 20 domains ---
  search: 50 people found across 20 domains
  (skipped 1 preview results with no confident domain match)
  + rohit.kanwar@adecco.com  (adecco.com — Associate Director-Professional Staffing)
  + aoliver@aerotek.com  (aerotek.com — Director of Strategic Operations)
  + paul.gordon@elwoodstaffing.com  (elwoodstaffing.com — Business Development Manager)

--- Batch 4/5: 20 domains ---
  search: 50 people found across 20 domains
  (skipped 10 preview results with no confident domain match)
  + edemekene@spherion.com  (spherion.com — Franchise Owner | COO | VP of Sales (Spherion Galveston, Brazoria & Chambers County))
  (note: attributed corpuschristi.snelling.com but match reveals snelling.com — using true_dom)
  + cmotley@snelling.com  (snelling.com — Owner)
  + rodennis@texasmgmt.com  (tmdstaffing.com — Co President)
  + kirk.pearson@labormaxstaffing.com  (labormax.net — Owner Operator Labormax Staffing NW Arkansas)
  + vince.leggett@laborfinders.com  (laborfinders.com — Vice President, GM)
  + andrew@vip-staffing.com  (vip-staffing.com — President and CEO)

--- Batch 5/5: 20 domains ---
  search: 50 people found across 20 domains
  (skipped 14 preview results with no confident domain match)
  + bcarlile@infonaligy.com  (infonaligy.com — Customer Engagement Manager)
  + wwick@peopleready.com  (peopleready.com — Senior Vice President, On-Demand)
  + chris.hannifin@defenditservices.com  (defenditservices.com — Chief Executive Officer)
  + nrizzo@rx-tech.com  (rx-tech.com — President)
  + melissa@techdoc.net  (techdoc.net — Operations & Growth Strategy Manager)
  + luli@g7techservices.com  (g7techservices.com — Strategic Marketing Manager)
  + jasonm@hightouchinc.com  (hightouchtechnologies.com — Senior Vice President, Software Solutions)
  + beckyb@lkjordan.com  (lkjordan.com — Regional Sales Director)

=== Done. New emails this run: 23. Total contacts: 233. Unmatched previews skipped: 25 ===

######## CHUNK 8 (batches of 5, ~100 domains) ########
Domains remaining: 81 (already processed: 820)

--- Batch 1/5: 20 domains ---
  search: 50 people found across 20 domains
  + mark.sychterz@officedepot.com  (officedepot.com — Senior Product Manager / Product Owner)
  + krunng@redmaple.com  (redmaple.com — Project Manager)

--- Batch 2/5: 20 domains ---
  search: 50 people found across 20 domains
  + rich.steinmeier@lplfinancial.com  (lpl.com — Chief Executive Officer)
  + tash.elwyn@raymondjames.com  (raymondjames.com — President, Private Client Group, Raymond James Financial)
  + sean.bunner@edwardjones.com  (edwardjones.com — Managing Director - M&A and Business Owner Advisory)

--- Batch 3/5: 20 domains ---
  search: 50 people found across 20 domains
  + bob.roberts@stewart.com  (stewart.com — Senior Vice President)
  (note: attributed connect.thrivent.com but match reveals thrivent.com — using true_dom)
  + david.sampl@thrivent.com  (thrivent.com — Area Vice President - Heartland)
  + jstout@primefinancial.com  (primefinancial.com — President, Financial Advisor)
  + allen@moneyconcepts.com  (moneyconcepts.com — Vice President of Marketing & Business Development)
  + mrozell@oldrepublictitle.com  (oldrepublictitle.com — SVP Orcti / VP Orntic - National Commercial Services)
  + hwilkins@truenorthadvisors.com  (truenorthadvisors.com — Director of Marketing)

--- Batch 4/5: 20 domains ---
  search: 50 people found across 20 domains
  (skipped 30 preview results with no confident domain match)
  + marilyn.olliver@lennartitle.com  (lennartitle.com — Rgional VP)
  + nwasson@protitletx.com  (protitletx.com — Branch Manager / Escrow Officer)
  + matts@independencetitle.com  (independencetitle.com — Co-President, DFW Division)
  (note: attributed sanantonio.ctic.com but match reveals ctic.com — using true_dom)
  + john.sanders@ctt.com  (ctic.com — Vice President / Nevada Sales Manager)
  + jamiebradlee@mcknighttitle.com  (mcknighttitle.com — HR Manager)
  + natalie@canteratitle.com  (canteratitle.com — Co-owner | Business Development)
  + patrick.rose@corridortitle.com  (corridortitle.com — President)

--- Batch 5/5: 1 domains ---
  search: 1 people found across 1 domains
  + bryan@texasinvestorstitle.com  (texasinvestorstitle.com — Vice President/Escrow Officer)

=== Done. New emails this run: 19. Total contacts: 252. Unmatched previews skipped: 30 ===
=== Run complete Mon Aug 17 13:34:02 CDT 2026 ===
