Domains to sweep broadly: 901
batch 1/46: 50 people, 30 candidates
  + pablo@celebratedental.com (celebratedental.com - Chief of Staff)
  + mira@celebratedental.com (celebratedental.com - Marketing Director)
  + diego@celebratedental.com (celebratedental.com - Technology Manager)
  + jorgebaez@celebratedental.com (celebratedental.com - Software Specialist)
  + brittany@celebratedental.com (celebratedental.com - Data Analyst)
  + karen@celebratedental.com (celebratedental.com - Director of Operations)
  + onnen@celebratedental.com (celebratedental.com - Dentist/Owner)
  + mohammed@celebratedental.com (celebratedental.com - General Dentist)
  + angela@celebratedental.com (celebratedental.com - Tax Manager)
  + truong@celebratedental.com (celebratedental.com - Small Business Owner)
  + rosauragalarza@celebratedental.com (celebratedental.com - Entrepreneur)
  + ensley@celebratedental.com (celebratedental.com - Orthodontist)
  + gabriela@celebratedental.com (celebratedental.com - Insurance and Billing Coordinator)
  + david.clayden@celebratedental.com (celebratedental.com - Orthodontist)
  + alarbi@celebratedental.com (celebratedental.com - Orthodontist)
  + scott@celebratedental.com (celebratedental.com - Dentist)
  + heidi_runnels@celebratedental.com (celebratedental.com - Community Relations Manager)
  + karen.bonilla@celebratedental.com (celebratedental.com - Dental Assistant and Community Advocate)
  + alondra@celebratedental.com (celebratedental.com - Office Manager)
  + drriley@newheightsdental.com (newheightsdental.com - Dentist)
  + omar.garza@mcphs.edu (inspiredentalsa.com - Dental Hygienist)
  + smile@inspiredentalsa.com (inspiredentalsa.com - Owner)
  + brittany@mynewbraunfelsdentist.com (mynewbraunfelsdentist.com - Dental Hygienist)
batch 2/46: 50 people, 50 candidates
  + sballard@familiadental.com (familiadental.com - Chief Operating Officer)
  + vlosuriello@familiadental.com (familiadental.com - Director of Recruiting)
  + varchila@familiadental.com (familiadental.com - Director of Human Resources)
  + sblackburn@familiadental.com (familiadental.com - Provider Recruiter)
  + hgretzinger@familiadental.com (familiadental.com - Chief Financial Officer)
  + eshamoun@familiadental.com (familiadental.com - Orthodontic Dental Assistant)
  + cday@familiadental.com (familiadental.com - Provider Recruiter)
  + skifle@familiadental.com (familiadental.com - Dental Assistant)
  + abauler@familiadental.com (familiadental.com - Human Resources Assistant)
  + sergio@dentalfamilia.com (familiadental.com - Manager)
  + abauchens@familiadental.com (familiadental.com - Compliance Officer)
  + jmicksch@familiadental.com (familiadental.com - IT Manager)
  + mzapisek@familiadental.com (familiadental.com - Director Revenue Cycle)
  + jdiscua@familiadental.com (familiadental.com - Office Manager)
  + jose.trejo@familiadental.com (familiadental.com - Help Desk Team Lead)
  + hdortez@familiadental.com (familiadental.com - Desktop Support Engineer)
  + ashlesha@familydentalfostercity.com (familiadental.com - General Dentist)
  + dradesai@familiadental.com (familiadental.com - Chief Clinical Officer)
  + bsukel@familiadental.com (familiadental.com - Corporate Controller)
  + rhoran@familiadental.com (familiadental.com - Director of Financial Planning, Analysis, and Reporting)
  + nsatyendra@familiadental.com (familiadental.com - General Dentist)
  + swynne@familiadental.com (familiadental.com - Compliance and Safety Assistant)
  + aheyer@familiadental.com (familiadental.com - Orthodontic Dental Assistant)
  + agonzalez@familiadental.com (familiadental.com - Call Center Manager)
  + drrkaur@familiadental.com (familiadental.com - Regional Mentor Doctor, Wisconsin)
  + mjohn@familiadental.com (familiadental.com - Community Relations Coordinator)
  + omar@familiadental.com (familiadental.com - General Dentist)
  + dkusch@familiadental.com (familiadental.com - Billing Specialist)
  + itellez@familiadental.com (familiadental.com - Enrollment Administrator - Supervisor)
  + cgladbach@familiadental.com (familiadental.com - Call Center Supervisor)
  + rhoward@familiadental.com (familiadental.com - Senior Office Manager)
  + mstoycheva@familiadental.com (familiadental.com - Accountant)
  + ahurt@familiadental.com (familiadental.com - Clinical Support Specialist (Ortho))
  + gleith@familiadental.com (familiadental.com - Dental Assistant)
  + nandino@familiadental.com (familiadental.com - Office Manager)
  + jpuffenberger@familiadental.com (familiadental.com - Front Desk Receptionist)
  + bware@familiadental.com (familiadental.com - Customer Service Representative)
  + iavakian@familiadental.com (familiadental.com - Front Desk Staff)
  + mariar@familiadental.com (familiadental.com - Orthodontic Treatment Coordinator)
  + oshturm@familiadental.com (familiadental.com - Facilities Coordinator)
  + aholmes@familiadental.com (familiadental.com - Dental Assistant)
  + jklipstine@familiadental.com (familiadental.com - Senior Office Manager)
  + jsilvers@familiadental.com (familiadental.com - Office Manager)
  + jarnold@familiadental.com (familiadental.com - Certified Dental Assistant)
  + hmcmillan@familiadental.com (familiadental.com - Refund Analyst)
  + drmatos@smileadvanceddentalcare.com (newbraunfelstx.dental - General Dentist)
  + dcovington@myidealdental.com (myidealdental.com - Dental Assistant)
batch 3/46: 50 people, 50 candidates
  + tessa.browne@aspendental.com (aspendental.com - Director Talent Acquisition)
  + lweber@aspendental.com (aspendental.com - Senior Lead Talent Acquisition Manager)
  + kjones@aspendental.com (aspendental.com - Vice President of Hygiene Operations)
  + smcgarvey@aspendental.com (aspendental.com - Division Vice President of Operations)
  + elizabeth.patterson@aspendental.com (aspendental.com - Senior Manager of Dental Academic and Industry Recruitment)
  + jin.booker@aspendental.com (aspendental.com - Manager, Academic & Industry Relations – Hygiene)
  + ryan.king@aspendental.com (aspendental.com - Lead Talent Acquisition Manager)
  + jbennett@aspendental.com (aspendental.com - Manager, Talent Acquisition - Field Operations)
  + angelina.waugaman@aspendental.com (aspendental.com - Lead Talent Acquisition Manager)
  + sargraham@aspendental.com (aspendental.com - Senior Vice President)
  + erica.hertzinger@aspendental.com (aspendental.com - Senior Talent Acquisition Manager)
  + ben.beutel@aspendental.com (aspendental.com - Senior Talent Acquisition Manager)
  + lea.laport@aspendental.com (aspendental.com - Registered Dental Hygienist)
  + rebeca.mazer@aspendental.com (aspendental.com - Lead Talent Acquisition Manager- West Coast)
  + jessica.hennecke@aspendental.com (aspendental.com - Vice President, Lab Implementation, Training, and Digital Dentistry Support)
  + ashley.malley@aspendental.com (aspendental.com - Senior Manager, Talent Acquisition)
  + ace.ujimori@aspendental.com (aspendental.com - Senior UX Designer)
  + elizabeth.tong@aspendental.com (aspendental.com - Senior Director, Field People Strategy)
  + tbiddlecome@aspendental.com (aspendental.com - Regional Operations Manager)
  + meghan.neumeister@doctorsinternet.com (aspendental.com - Operations Manager)
  + katharine.stetson@aspendental.com (aspendental.com - Operations Manager)
  + eric.kukucka@aspendental.com (aspendental.com - Vice President Clinical Removable Prosthetics & Design Technologies)
  + stephanie.lyon@aspendental.com (aspendental.com - Dental Laboratory Technician)
  + krystal.moster@aspendental.com (aspendental.com - Division Vice President)
  + colleen.richardson@aspendental.com (aspendental.com - Brand, Social and Content Lead)
  + jackie.puma@aspendental.com (aspendental.com - Director, Lighthouse Manufacturing and Digital Design)
  + mjewell@aspendental.com (aspendental.com - Lead Talent Acquisition Manager)
  + tara.cross@aspendental.com (aspendental.com - Academic & Industry Relations Manager)
  + mhastings@aspendental.com (aspendental.com - Learning & Development Professional, Operations)
  + jeet.thakkar@aspendental.com (aspendental.com - Director, Operations Finance & Strategy)
  + katherine.fryday@aspendental.com (aspendental.com - Director of Product)
  + alexandra.woods@aspendental.com (aspendental.com - Onboarding Experience Manager)
  + ldanna@aspendental.com (aspendental.com - President, Field Operations)
  + amasterson@aspendental.com (aspendental.com - Dental Hygienist)
  + anika.sanders@aspendental.com (aspendental.com - Operations Manager)
  + mupchurch@aspendental.com (aspendental.com - Division Vice President)
  + claire.tomey@aspendental.com (aspendental.com - Dentist- Talent Acquisition Manager)
  + shackett@aspendental.com (aspendental.com - Talent Acquisition Manager)
  + christy.garcia@aspendental.com (aspendental.com - Office Manager)
  + daqueon.jackson@aspendental.com (aspendental.com - Operations Manager & Certified Trainer)
  + melanie.kniffin@aspendental.com (aspendental.com - Director of Contingent Workforce Staffing)
  + shawna.schonauer@aspendental.com (aspendental.com - Dental Laboratory Technician)
  + mbraden@aspendental.com (aspendental.com - Director Lab Implementation)
  + nicole.bailie@aspendental.com (aspendental.com - Regional Manager)
  + taylor.morgan@aspendental.com (aspendental.com - Interim Regional Manager)
  + adrienne.taylor@aspendental.com (aspendental.com - Regional Manager)
  + princy.bhardwaj@aspendental.com (aspendental.com - Managing Clinical Director)
  + jennifer.glass@aspendental.com (aspendental.com - Division Vice President)
  + mflaherty@aspendental.com (aspendental.com - Division Vice President)
batch 4/46: 50 people, 9 candidates
  + jennifer@hcfdental.com (hillcountrydentalassociates.com - Associate Dentist)
  + brenda@hcfdental.com (hillcountrydentalassociates.com - Business Assistant/RDA)
  + tim@hillcountrydentalassociates.com (hillcountrydentalassociates.com - Dentist)
batch 5/46: 50 people, 50 candidates
  + dannyjohnson@mintdentistry.com (mintdentistry.com - MINT Champion)
  + carlydoster@mintdentistry.com (mintdentistry.com - Regional Director)
  + wadehanchar@mintdentistry.com (mintdentistry.com - CIO)
  + kimlucas@mintdentistry.com (mintdentistry.com - General Counsel)
  + lindseymatty@mintdentistry.com (mintdentistry.com - Lead Dental Hygienist)
  + sue@mintdentistry.ca (mintdentistry.com - Founder/CEO and Principal)
  + zain.khan@paycom.com (mintdentistry.com - Application Support Engineer)
  + emilymcbee@mintdentistry.com (mintdentistry.com - Human Resources Consultant)
  + jennifersgrillo@mintdentistry.com (mintdentistry.com - Chief Operating Officer)
  + luma@mintdentistry.com (mintdentistry.com - VP of Talent Acquisition/Training & Development/Clinical Operations)
  + jeremydonovan@mintdentistry.com (mintdentistry.com - Director of Talent Acquisition)
  + grapevine@mintdentistry.com (mintdentistry.com - General Dentist)
  + brannonrachal@mintdentistry.com (mintdentistry.com - Recruiter)
  + reginapergola@mintdentistry.com (mintdentistry.com - District Training Manager)
  + nicollettemollet@mintdentistry.com (mintdentistry.com - Marketing Director)
  + eugene.lockhart@rodeodental.com (rodeodental.com - Doctor Talent Acquisition)
  + m.wilson@rodeodental.com (rodeodental.com - VP of Operations)
  + dr.c.moser@rodeodental.com (rodeodental.com - Regional Dental Director- Rodeo Dental RGV)
  + b.gonzalez@rodeodental.com (rodeodental.com - HR)
  + t.romero@rodeodental.com (rodeodental.com - Office Leader II)
  + jonathon.simon@rodeodental.com (rodeodental.com - Director of I.T. (CIO Equivalent))
  + m.funk@rodeodental.com (rodeodental.com - Director of Provider Recruitment and Support)
  + s.ragsdale@rodeodental.com (rodeodental.com - Vice President of HR)
  + k.gonzalez@rodeodental.com (rodeodental.com - Operations Manager)
  + t.myers@rodeodental.com (rodeodental.com - Director of Brand Marketing)
  + j.atterbury@rodeodental.com (rodeodental.com - Exec. Vice President: Patient Acquisition/Retention)
  + sanketkumar.ramani@rodeodental.com (rodeodental.com - Financial Analyst)
  + caleb.anderson@rodeodental.com (rodeodental.com - Senior Director of Strategy)
  + j.wisniewska@rodeodental.com (rodeodental.com - Senior Recruiter)
  + adam.stokes@rodeodental.com (rodeodental.com - Sr Director of Real Estate)
  + m.dominiec@rodeodental.com (rodeodental.com - Revenue Cycle Management Trainer)
  + scott.jarvis@rodeodental.com (rodeodental.com - Operations Manager)
  + j.ortiz@rodeodental.com (rodeodental.com - Director of Endodontics Department for Rodeo Dental and Orthodontics)
  + j.esquivel@rodeodental.com (rodeodental.com - Operations Leader Orthodontics)
  + m.harris@rodeodental.com (rodeodental.com - Vice President, Strategic Sourcing & Facilities Operations)
  + lparra@monarchdental.com (monarchdental.com - Treatment Coordinator)
  + kpoulton@jdcweb.com (jeffersondentalclinics.com - Vice President of Marketing)
  + mmccormick@jdcweb.com (jeffersondentalclinics.com - CEO Jefferson Dental and Orthodontics)
  + jmclaughlin@jdcweb.com (jeffersondentalclinics.com - Provider Recruiter)
  + ashen@jdcweb.com (jeffersondentalclinics.com - Senior Data Scientist)
  + yna@jdcweb.com (jeffersondentalclinics.com - Vice President Human Resources)
  + aschuler@jdcweb.com (jeffersondentalclinics.com - Director of Provider Recruitment and Success)
  + dkamath@jdcweb.com (jeffersondentalclinics.com - HR Manager)
  + roviedo@jdcweb.com (jeffersondentalclinics.com - General Manager)
batch 6/46: 50 people, 48 candidates
  + anas@kw.com (kellerwilliamssa.com - Realtor)
  + khiwyattlocus@kw.com (kellerwilliamssa.com - Realtor)
  + werehome@kw.com (kellerwilliamssa.com - Realtor)
  + mimisbowen@kw.com (kellerwilliamssa.com - Real Estate Agent)
  + miguel@miguelmaria.com (kellerwilliamssa.com - Licensed Real Estate Broker)
  + randy@sarealtywatch.com (kellerwilliamssa.com - Broker Associate; Realtor)
  + roberto@llanaoptions.com (kellerwilliamssa.com - Commercial Real Estate & Investment Consultant)
  + mike_phillips@kw.com (kellerwilliamssa.com - Broker)
  + zseibert@kw.com (kellerwilliamssa.com - Licensed Real Estate Agent)
  + gloria@kw.com (kellerwilliamssa.com - Licensed Real Estate Agent)
  + scott@dreambigthinksmall.com (kellerwilliamssa.com - SA TX Metro - Certified Real Estate Divorce, Military Relocations and Historic Home Specialist)
  + ferndallas@kw.com (kellerwilliamssa.com - Realtor®, Gri)
  + reneerogers@kw.com (kellerwilliamssa.com - Realtor)
  + karen@karentehrani.com (kellerwilliamssa.com - Real Estate Broker)
  + gmcclelland@kw.com (kellerwilliamssa.com - Salesperson)
  + njaafar@kw.com (kellerwilliamssa.com - Commercial & Residential Realtor®)
  + makhdar@kw.com (kellerwilliamssa.com - Real Estate Agent)
  + amy.boeve@kw.com (kellerwilliamssa.com - Real Estate Agent)
  + steve.wilhelmy@kwcommercial.com (kellerwilliamssa.com - Broker Associate)
  + tiffany@defywhatspossible.com (kellerwilliamssa.com - Real Estate Agent)
  + salvador@thehouselink.com (kellerwilliamssa.com - Realtor)
  + dabbas@kw.com (kellerwilliamssa.com - Realtor)
  + rachelrea@kw.com (kellerwilliamssa.com - Real Estate Broker)
  + kvicioso@thekvteam.com (kellerwilliamssa.com - Real Estate Broker)
  + rkarnib@kw.com (kellerwilliamssa.com - Licensed Realtor)
  + cassandra.garcia@kw.com (kellerwilliamssa.com - Real Estate Agent)
  + pierre.miller@kw.com (kellerwilliamssa.com - Licensed Realtor)
  + johntotin@kw.com (kellerwilliamssa.com - Team Leader)
  + keltonday@kw.com (kellerwilliamssa.com - Real Estate Broker Associate)
  + nicholas@nicholasguevara.com (kellerwilliamssa.com - Licensed Realtor)
  + andrew@anviinvestments.com (kellerwilliamssa.com - Licensed Realtor)
  + kathleen.oshea@kw.com (kellerwilliamssa.com - Texas Licensed Realtor)
  + mculbreth@kw.com (kellerwilliamssa.com - Licensed Realtor)
  + orestakisil@kw.com (kellerwilliamssa.com - Real Estate Agent)
  + robertkabbani@kw.com (kellerwilliamssa.com - Associate Broker)
  + cindy@josesellshomes.com (kellerwilliamssa.com - Buyer Specialist)
  + dawnhayes@kw.com (kellerwilliamssa.com - Professional Realtor)
  + sheba@shebaramos.com (kellerwilliamssa.com - Associate Broker)
  + kateahlers@kw.com (kellerwilliamssa.com - Licensed Real Estate Agent at Keller Williams Legacy Group)
  + kerstin@organizedbykg.com (kellerwilliamssa.com - Rea Estate Consultant)
  + marisacortez@remax.net (rmnsa.com - Realtor)
  + alryer@remax.net (rmnsa.com - None)
  + maryesthercarrasco@remax.net (rmnsa.com - Licensed Realtor)
  + ranton@remax.net (rmnsa.com - Property Manager)
batch 7/46: 50 people, 14 candidates
  + arthured@quickca.net (dleeedwardsrealty.com - Real Estate Agent)
  + melissa@cornerpostrealestate.com (cornerpostrealestate.com - Realtor®️®)
  + william@acutaboverealty.com (acutaboverealty.com - Salesperson)
batch 8/46: 50 people, 1 candidates
  + valerie.difabio@kupersir.com (kuperrealty.com - Broker Associate)
batch 9/46: 50 people, 49 candidates
batch 10/46: 50 people, 1 candidates
  + moralesr9@autonation.com (autonationusa.com - Car Salesperson)
batch 11/46: 50 people, 45 candidates
  + jsims@seguinchevrolet.com (seguinchevrolet.com - General Manager)
  + wharper@seguinchevrolet.com (seguinchevrolet.com - Dealer Principal)
  + alavin@seguinchevrolet.com (seguinchevrolet.com - Finance Manager)
  + sbroussard@seguinchevrolet.com (seguinchevrolet.com - General Sales Manager)
  + molliff@seguinchevrolet.com (seguinchevrolet.com - Accounting Controller)
  + bwenzel@seguinchevrolet.com (seguinchevrolet.com - Recon Manager)
  + rsalyer@seguinchevrolet.com (seguinchevrolet.com - Floor Manager)
  + rcrawford@seguinchevrolet.com (seguinchevrolet.com - Service Advisor)
  + mtatsch@seguinchevrolet.com (seguinchevrolet.com - Accounting and Title Clerk)
  + aalmquist@seguinchevrolet.com (seguinchevrolet.com - Parts Department Manager)
  + telliott@seguinchevrolet.com (seguinchevrolet.com - Automotive Technician)
  + jjones@seguinchevrolet.com (seguinchevrolet.com - Automotive Technician)
  + lroyal@seguinchevrolet.com (seguinchevrolet.com - Service Technician)
  + drichardson@seguinchevrolet.com (seguinchevrolet.com - Sales Professional)
  + jcalderon@seguinchevrolet.com (seguinchevrolet.com - Sales Associate)
  + aoeffinger@seguinchevrolet.com (seguinchevrolet.com - Sales Associate)
  + quintonratliff@beckbeck.net (beckbuickgmc.com - Finance Manager)
  + truman.labaj@thirdcoastautos.com (thirdcoastautos.com - Assistant in Sales, Operations, and Inventory)
  + connie.hamilton@thirdcoastautos.com (thirdcoastautos.com - Staff Accountant)
  + pearl.sotelo@thirdcoastautos.com (thirdcoastautos.com - Cashier Customer Service)
  + jmora@thirdcoast.com (thirdcoastautos.com - Collections Manager)
  + tammie@camtruckz.com (camtruckz.com - Bookkeeper)
batch 12/46: 50 people, 50 candidates
  + demetrius.hatten@nissanboerne.com (nissanboerne.com - Sales Consultant)
  + karla.amaro@nissanboerne.com (nissanboerne.com - Marketing Manager)
  + cbarth@fordofboerne.com (fordofboerne.com - Commercial Fleet Sales)
  + tquintero@fordofboerne.com (fordofboerne.com - Sales Manager)
  + robinhodges@fordofboerne.com (fordofboerne.com - Executive Assistant)
  + mmolinari@fordofboerne.com (fordofboerne.com - Sales Consultant)
  + jmartz@fordofboerne.com (fordofboerne.com - Sales Consultant)
  + jhill@fordofboerne.net (fordofboerne.com - Sales Professional)
  + cfisher@fordofboerne.com (fordofboerne.com - Sales Associate)
  + jgeorge@fordofboerne.com (fordofboerne.com - Customer Service Specialist)
  + dmcmain@fordofboerne.com (fordofboerne.com - Customer Service Specialist)
  + lking@fordofboerne.com (fordofboerne.com - Sr. Sales Consultant)
  + dcruze@fordofboerne.com (fordofboerne.com - Sales Consultant)
  + lperez@fordofboerne.com (fordofboerne.com - Warranty Administrator)
  + creed@toyotaofboerne.com (toyotaofboerne.com - Sales Consultant)
  + cliotta@toyotaofboerne.com (toyotaofboerne.com - Director of Hiring and Retention)
  + vmcgath@toyotaofboerne.com (toyotaofboerne.com - Customer Service Representative)
  + dcarmena@toyotaofboerne.com (toyotaofboerne.com - Finance Assistant)
  + cfranklin@toyotaofboerne.com (toyotaofboerne.com - General Sales Manager)
  + slepine@toyotaofboerne.com (toyotaofboerne.com - Payroll)
  + bgrimes@toyotaofboerne.com (toyotaofboerne.com - Shop Foreman)
  + jgomez@toyotaofboerne.com (toyotaofboerne.com - Finance Manager)
  + dpadilla@toyotaofboerne.com (toyotaofboerne.com - Sales Manager)
  + mike.rodriguez@toyota.com (toyotaofboerne.com - Cost Management Specialist)
  + pharvey@toyotaofboerne.com (toyotaofboerne.com - Equity Manager)
  + rfranklin@toyotaofboerne.com (toyotaofboerne.com - Finance Manager)
  + shill@toyotaofboerne.com (toyotaofboerne.com - Sales)
  + kristen@respectperformance.net (toyotaofboerne.com - Shop Expeditor)
  + zhernandez@gunnauto.com (gunnchevrolet.com - Finance Manager)
  + ebaty@gunnchevrolet.com (gunnchevrolet.com - General Manager)
  + cfigueroa1@gunnauto.com (gunnchevrolet.com - Ecommerce Manager)
  + fsanchez@gunnauto.com (gunnchevrolet.com - GM Certified in Sales for new and Preowned Vehicles.)
  + wjenkins@gunnauto.com (gunnchevrolet.com - General Sales Manager)
  + rprado@gunnauto.com (gunnchevrolet.com - Service Manager)
  + rmoreland@gunnauto.com (gunnchevrolet.com - Fleet Sales)
  + bryce@boerneauto.com (boernedodge.com - CX Coordinator/ Efficiency Manager)
  + paul@boerneauto.com (boernedodge.com - Sales)
  + jmauro@cavenderchevrolet.com (cavenderchevrolet.com - Sales Professional)
  + lflores@cavenderauto.com (cavenderchevrolet.com - Office Manager)
  + kcordani@cavenderchevrolet.com (cavenderchevrolet.com - Sales Consultant)
  + csena@cavenderchevrolet.com (cavenderchevrolet.com - Sales Consultant)
  + rvargas@ancira.com (ancirabuickgmc.com - Sales Consultant)
  + melissa@griffithford.com (griffithfordseguin.com - Controller)
batch 13/46: 50 people, 47 candidates
  + jchetwood@ahiabenefits.com (ahiabenefits.com - Life & Health Insurance Agency)
  + echetwood@ahiabenefits.com (ahiabenefits.com - Creative Director)
  + diana@ahiabenefits.com (ahiabenefits.com - Sales Agent)
  + rrodriguez@ahiabenefits.com (ahiabenefits.com - Sales Director)
  + johnny@ahiabenefits.com (ahiabenefits.com - Regional Sales Manager)
  + ericah@ahiabenefits.com (ahiabenefits.com - Contracting Manager)
  + rich@ahiabenefits.com (ahiabenefits.com - Life Sales Director)
  + tallen@ahiabenefits.com (ahiabenefits.com - Product Development Coach)
  + ssoza@ahiabenefits.com (ahiabenefits.com - Contracting Specialist)
  + mak@ahiabenefits.com (ahiabenefits.com - Commission Manager)
  + daniel@ahiabenefits.com (ahiabenefits.com - Data Analyst)
  + laura@ahiabenefits.com (ahiabenefits.com - Insurance Agent)
  + rebecca@ahiabenefits.com (ahiabenefits.com - Contracting Manager)
  + josh@ahiabenefits.com (ahiabenefits.com - Data Analyst)
  + gilberth@ahiabenefits.com (ahiabenefits.com - IT & Graphic Designer)
  + carlos@ahiabenefits.com (ahiabenefits.com - Marketing Assistant)
  + noe@ahiabenefits.com (ahiabenefits.com - Licensed Insurance Agent)
  + jorge@ahiabenefits.com (ahiabenefits.com - Sales and Marketing Specialist)
  + sam@ahiabenefits.com (ahiabenefits.com - Commission Specialist)
  + jessica@ahiabenefits.com (ahiabenefits.com - Life and Health Insurance Agent)
  + alma@ahiabenefits.com (ahiabenefits.com - Administrative Assistant)
  + tmassey@stoepelford.com (stoepelford.com - General Manager)
  + dmendez@stoepelford.com (stoepelford.com - Parts Manager)
  + jrodriguez@stoepelford.com (stoepelford.com - Business Manager)
  + kford@stoepelford.com (stoepelford.com - Representative)
  + bgardner@stoepelford.com (stoepelford.com - Internet Sales Manager)
  + todom@stoepelford.com (stoepelford.com - Sales Manager)
  + kcoffer@stoepelford.com (stoepelford.com - Associate)
  + kdutton@stoepelford.com (stoepelford.com - Finance Manager)
  + lknox@stoepelford.com (stoepelford.com - Controller)
  + rkiehl@stoepelford.com (stoepelford.com - Service Tech)
  + lstewart@stoepelford.com (stoepelford.com - Assistant Service Manager)
batch 14/46: 50 people, 50 candidates
  + tahra_kukuk@progressive.com (progressive.com - Claims Adjuster)
  + aaron_tyler@progressive.com (progressive.com - Claims Adjuster)
  + adam_worner@progressive.com (progressive.com - Senior Manager Talent Acquisition)
  + biruk_berhe@progressive.com (progressive.com - BI Developer)
  + julie_konda@progressive.com (progressive.com - Recruiter III)
  + brittany_m_calcagno@progressive.com (progressive.com - Senior Recruiter)
  + punya_sirigiri@progressive.com (progressive.com - Lead Data Scientist)
  + juanna_brown@progressive.com (progressive.com - Customer Service Representative)
  + laxman@progressive.com (progressive.com - QA Test Lead)
  + kate_sisson@progressive.com (progressive.com - Senior Recruiter)
  + a_a@progressive.com (progressive.com - Claims Adjuster)
  + sanket_muchhala@progressive.com (progressive.com - AI/ML Engineer)
  + patrick_mccrink_2@progressive.com (progressive.com - Claims Director)
  + mbarnett@progressive.com (progressive.com - Producer Agent)
  + clong@progressive.com (progressive.com - Strategic Recruiting Specialist - Information Technology Professionals)
  + kimberly_white@progressive.com (progressive.com - Senior Recruiter)
  + achianese@progressive.com (progressive.com - Corporate Recruiting Supervisor - Specialty)
  + shawn_w_schlesinger@progressive.com (progressive.com - Corporate Claims Attorney)
  + shawn_gilhuly@progressive.com (progressive.com - Claims Adjuster)
  + nada_youssef@progressive.com (progressive.com - Senior Marketing Development Consultant)
  + robert_cochran@progressive.com (progressive.com - Supervisor Property Retention Team)
  + hasan_savran@progressive.com (progressive.com - Sr. Business Intelligence Manager)
  + lisa_weingart@progressive.com (progressive.com - Senior Recruiter)
  + joshua_cadwell@progressive.com (progressive.com - Executive Recruiter)
  + gabriel_de_leon@progressive.com (progressive.com - Talent Acquisition Manager - Legal & Campus Recruiting Programs)
  + lizzette_vargas-brewer@progressive.com (progressive.com - Executive Recruiter)
  + kristen_orosz@progressive.com (progressive.com - Senior Recruiter)
  + julia.jordan@goosehead.com (goosehead.com - Vice President Talent Acquisition)
  + kelsey.jackson@goosehead.com (goosehead.com - Senior Manager, Franchise Development)
  + ryan.crow@goosehead.com (goosehead.com - Senior Manager, Enterprise Sales)
  + steve.wills@goosehead.com (goosehead.com - Agency Owner)
  + katie.kohli@goosehead.com (goosehead.com - Insurance Agency Owner)
  + shawn.gartner@goosehead.com (goosehead.com - Agency Owner)
  + corinne.mortensen@goosehead.com (goosehead.com - Territory Manager)
  + jency.sebastian@goosehead.com (goosehead.com - Robotic Process Automation Consultant)
  + kalloway.massa@goosehead.com (goosehead.com - Franchise Development Territory Manager)
  + eric.talley@goosehead.com (goosehead.com - President & Managing Member)
  + mike.maguire@goosehead.com (goosehead.com - Agency Owner at Mike Maguire Agency)
  + brooks.middleton@goosehead.com (goosehead.com - Director of Partnerships)
  + samantha.bauer@goosehead.com (goosehead.com - Goosehead Insurance Agency Owner)
  + joshua.short@goosehead.com (goosehead.com - Agency Owner / Agent)
  + julia.davis@goosehead.com (goosehead.com - Learning and Development Manager)
  + dan.seyler@goosehead.com (goosehead.com - Agency Owner)
  + kyle.davis@goosehead.com (goosehead.com - Agency Owner)
  + taryn.lynch@goosehead.com (goosehead.com - Account Executive)
batch 15/46: 50 people, 43 candidates
  + todd.neighbor@comparioninsurance.com (comparioninsurance.com - Senior Sales Agent Insurance Producer)
  + luke.norkus@comparioninsurance.com (comparioninsurance.com - Customer Support Specialist OutBound Team)
  + brent.norkus@comparioninsurance.com (comparioninsurance.com - Insurance Agent)
  + susanne.schaible@comparioninsurance.com (comparioninsurance.com - Executive Sales Agent)
  + brandon.santos@comparioninsurance.com (comparioninsurance.com - Agency Manager)
  + christopher.beitzel@comparioninsurance.com (comparioninsurance.com - Insurance Sales Representative)
  + ediru.okpewho@comparioninsurance.com (comparioninsurance.com - Executive Sales Representative)
  + stephen.scandura@comparioninsurance.com (comparioninsurance.com - Insurance Sales Associate)
  + scott.weisbly@comparioninsurance.com (comparioninsurance.com - Agency Manager)
  + rod.mcginley@comparioninsurance.com (comparioninsurance.com - AVP - Regional Manager - Southeast)
  + thomas.bertha@comparioninsurance.com (comparioninsurance.com - Vice President for the Midwest Region)
  + timothy.fallon@comparioninsurance.com (comparioninsurance.com - Executive Insurance Agent)
  + everett.miller@comparioninsurance.com (comparioninsurance.com - Senior Sales Agent)
  + kenneth.horn@comparioninsurance.com (comparioninsurance.com - Executive Sales Representative)
  + rebekah.wright@comparioninsurance.com (comparioninsurance.com - Executive Agent)
  + jessica.carrington@comparioninsurance.com (comparioninsurance.com - AVP, Midwest Region Manager)
  + christa.robinson@comparioninsurance.com (comparioninsurance.com - Agency Manager)
  + megan.hansel@comparioninsurance.com (comparioninsurance.com - Agency Manager)
  + kenneth.carson@comparioninsurance.com (comparioninsurance.com - Executive Sales Agent)
  + iestyn.dulais@comparioninsurance.com (comparioninsurance.com - Executive Sales Agent)
  + keith.dent@comparioninsurance.com (comparioninsurance.com - Agency Manager, State of Nevada)
  + kyle.krueger@comparioninsurance.com (comparioninsurance.com - Agency Manager)
  + kenneth.kendrick@comparioninsurance.com (comparioninsurance.com - Regional General Manager, Vice President at Comparion Insurance Agency a Liberty Mutual Company)
  + rodi.liv@comparioninsurance.com (comparioninsurance.com - Insurance Agent | Voluntary Benefits & Total Rewards Advisor)
  + lisa.rodriguez@comparioninsurance.com (comparioninsurance.com - Sales Manager)
  + adam.glazer@comparioninsurance.com (comparioninsurance.com - Executive Insurance Agent)
  + mary.johnson01@comparioninsurance.com (comparioninsurance.com - Agency Manager)
  + brent.blackwell@comparioninsurance.com (comparioninsurance.com - Agency Manager)
  + morgan.applegate@comparioninsurance.com (comparioninsurance.com - Agency Manager)
  + nicole.vaughn@comparioninsurance.com (comparioninsurance.com - Sales Manager)
  + parker.pierce@comparioninsurance.com (comparioninsurance.com - Sr. Sales Consultant)
  + joel.white@comparioninsurance.com (comparioninsurance.com - Senior Sales Agent)
  + rachel.maxwell@comparioninsurance.com (comparioninsurance.com - Licensed Insurance Agent)
  + julie.powell@comparioninsurance.com (comparioninsurance.com - Associate Consultant, Communications)
  + james.curtin@comparioninsurance.com (comparioninsurance.com - Agency Manager)
  + shelby.lencioni@comparioninsurance.com (comparioninsurance.com - Senior Sales Representative)
  + troy.campbell@comparioninsurance.com (comparioninsurance.com - Personal Lines and Small Commercial Producer)
  + dylan.hibbard@comparioninsurance.com (comparioninsurance.com - Sales Director)
  + daniel.emont@comparioninsurance.com (comparioninsurance.com - Insurance Agent)
batch 16/46: 50 people, 50 candidates
  + lacey@yatesinsurance.com (yatesinsurance.com - Commercial Lines Account Manager)
  + aemar@yatesinsurance.com (yatesinsurance.com - Accounts Insurance Specialist)
  + nancy@garrettinsurance.com (garrettinsurance.com - Personal and Commercial Lines Producer)
  + jody@garrettinsurance.com (garrettinsurance.com - Commercial Account Manager)
  + drew@garrettinsurance.com (garrettinsurance.com - Commercial Insurance Producer)
  + kevan@garrettinsurance.com (garrettinsurance.com - Senior VP of Sales)
  + donny@garrettinsurance.com (garrettinsurance.com - AG Personal Lines Account Manager)
  + chrisn@garrettinsurance.com (garrettinsurance.com - Independent Insurance Agent/Producer)
  + cecil@garrettinsurance.com (garrettinsurance.com - Producer)
  + haleighf@timefl.com (garrettinsurance.com - Commercial Lines Account Manager)
  + linda@garrettinsurance.com (garrettinsurance.com - Insurance Agent)
  + tom@garrettinsurance.com (garrettinsurance.com - Commercial Insurance Agent at Garrett Insurance Agency)
  + diane@garrettinsurance.com (garrettinsurance.com - Producer, Account Mgr. at Garrett Insurance Agency)
  + mick@garrettinsurance.com (garrettinsurance.com - Insurance Producer)
  + ashley@garrettinsurance.com (garrettinsurance.com - Manager of Agency Operations)
  + lorib@garrettinsurance.com (garrettinsurance.com - Commercial Lines Account Manager)
  + angie@garrettinsurance.com (garrettinsurance.com - Commercial Business CSR)
  + amber@garrettinsurance.com (garrettinsurance.com - Commercial Lines Marketing)
  + dustin@hulettinsurance.com (hulettinsurance.com - Vice President)
  + jodi@hulettinsurance.com (hulettinsurance.com - Administrative Assistant)
  + shawna@hulettinsurance.com (hulettinsurance.com - Associate Agent & Commercial Insurance Manager)
  + bryany@hulettinsurance.com (hulettinsurance.com - Account Manager/Associate Agent, PLCS)
  + christie.sneed@hulettinsurance.com (hulettinsurance.com - Account Manager)
  + ryan@olivebranch.insure (olivebranch.insure - Principal Agent / Insurance Broker)
  + silvia.yoshida@fiestainsurance.com (fiestainsurance.com - Human Resources Specialist / Financial Agent)
  + alejandra.segura@fiestainsurance.com (fiestainsurance.com - Sales Manager)
  + oneri@fiestainsurance.com (fiestainsurance.com - President Franchise Owner)
  + javila@fiestainsurance.com (fiestainsurance.com - Sales Representative)
  + jvillamil@fiestainsurance.com (fiestainsurance.com - Franchise Owner)
  + enavarro@fiestainsurance.com (fiestainsurance.com - Franchies Owner)
  + jennifer.ramirez@fiestainsurance.com (fiestainsurance.com - Operations Manager)
  + sebastien.juarez@fiestainsurance.com (fiestainsurance.com - Customer Service Associate)
  + bisbell@fcisinsurance.com (tx.fcisinsurance.com - RV Insurance Specialist)
  + jthompson@fcisinsurance.com (tx.fcisinsurance.com - Commercial Line Manager)
  + smeinders@fcisinsurance.com (tx.fcisinsurance.com - Front-end Engineer)
  + rpolsdofer@fcisinsurance.com (tx.fcisinsurance.com - Insurance Agent)
  + jlancaster@fcisinsurance.com (tx.fcisinsurance.com - Insurance Agent)
  + elisha@joecookagency.com (joecookinsurance.com - Personal Lines Agent)
  + kaley@joecookagency.com (joecookinsurance.com - Commercial Lines)
batch 17/46: 50 people, 49 candidates
  + drubio@acrisure.com (acrisure.com - Reporting Specialist)
  + jobradshaw@acrisure.com (acrisure.com - Senior Growth Recruiter)
  + cpholka@acrisure.com (acrisure.com - Sr Recruiter - Information Technology)
  + btasker@acrisure.com (acrisure.com - Talent Acquisition Manager - Specialty Division)
  + jpaskewicz@acrisure.com (acrisure.com - Talent Acquisition Manager, North America Insurance - Operations & Placement)
  + feramos@acrisure.com (acrisure.com - Coordenadora de Operações de Benefícios)
  + egaley@acrisure.com (acrisure.com - Senior Recruiter)
  + chugheswade@acrisure.com (acrisure.com - Strategic Partnerships)
  + jcsernai@acrisure.com (acrisure.com - Senior Recruiter)
  + mcarroll@acrisure.com (acrisure.com - Director of General Liability, Property and Auto)
batch 18/46: 50 people, 50 candidates
  + nwillits@drhorton.com (drhorton.com - AV Systems Integration Engineer)
  + eparamo@drhorton.com (drhorton.com - Sales Executive)
  + ejweisbrod@drhorton.com (drhorton.com - Sales Manager)
  + sadkins@drhorton.com (drhorton.com - Fresher)
  + ragabriel@drhorton.com (drhorton.com - Digital Marketing Manager)
  + iweber@drhorton.com (drhorton.com - New Home Sales Representative)
  + awiner@drhorton.com (drhorton.com - New Home Sales Specialist)
  + clspangler@drhorton.com (drhorton.com - Sales Manager)
  + jhill@drhorton.com (drhorton.com - Superintendent)
  + rwmacdonald@drhorton.com (drhorton.com - National Purchasing Manager)
  + mhelms@drhorton.com (drhorton.com - Division Vice President)
  + cfrey@drhorton.com (drhorton.com - CIO - Marketing Technology)
  + hbcadenhead@drhorton.com (drhorton.com - Purchasing Manager)
  + nhparzuchowski@drhorton.com (drhorton.com - VP of Construction)
  + repooser@drhorton.com (drhorton.com - New Home Sales Consultant)
  + jlscull@drhorton.com (drhorton.com - Vice President, Land Acquisition)
  + revans@drhorton.com (drhorton.com - VP of Land)
  + cschwab@drhorton.com (drhorton.com - New Home Sales Consultant)
  + dfeliciano@drhorton.com (drhorton.com - New Home Sales Consultant)
  + dmhagan@drhorton.com (drhorton.com - Director of National Sales Training)
  + cljackson@drhorton.com (drhorton.com - Purchasing Manager)
  + jmpentecost@drhorton.com (drhorton.com - Region President - Southwest Pacific)
  + pbottomley@drhorton.com (drhorton.com - Sales Manager)
  + tngeorgevich@drhorton.com (drhorton.com - Vice President of Sales and Marketing)
  + abrauel@drhorton.com (drhorton.com - Director of Land Development)
  + pmeduardo@drhorton.com (drhorton.com - Land Acquisition Manager)
  + tlmize@drhorton.com (drhorton.com - Vice President of City Operations)
  + smfowler@drhorton.com (drhorton.com - Marketing Manager)
  + cmarie@drhorton.com (drhorton.com - Land Development Coordinator)
  + enatalio@drhorton.com (drhorton.com - City Manager)
  + dlmartinez@drhorton.com (drhorton.com - Sales Representative)
  + aacosta@drhorton.com (drhorton.com - New Home Sales Specialist)
  + dspearman@drhorton.com (drhorton.com - Director of Land Acquisition)
  + bdolby@drhorton.com (drhorton.com - Area Sales Manager)
  + smcgary@drhorton.com (drhorton.com - Community Sales Manager)
  + tcorcoran@drhorton.com (drhorton.com - Real Estate Broker)
  + jwilliams3@drhorton.com (drhorton.com - Region Marketing Manager | Western U.S.)
  + fcfernandez@drhorton.com (drhorton.com - Community Sales Manager)
  + aeger@drhorton.com (drhorton.com - Vice President of Sales and Marketing)
  + dlmelucci@drhorton.com (drhorton.com - Sales Consultant)
  + ekbordelon@drhorton.com (drhorton.com - National Sustainability Director)
  + jlmautino@drhorton.com (drhorton.com - Division President-Columbus, Ohio)
  + betheridge@drhorton.com (drhorton.com - East Region Vice President)
  + meborton@drhorton.com (drhorton.com - Talent Acquisition Recruiting Manager)
  + jfauld@drhorton.com (drhorton.com - Division President)
  + bmgaspari@drhorton.com (drhorton.com - Sales and Marketing Manager)
  + bhinton@keeleyconstruction.com (keeleyconstruction.com - National Sales Leader)
  + lgill@keeleyconstruction.com (keeleyconstruction.com - Director of Project Services)
batch 19/46: 50 people, 0 candidates
batch 20/46: 50 people, 50 candidates
  + tangela@robotcreative.com (robotcreative.com - Director of Business Development)
  + lara@robotcreative.com (robotcreative.com - Founder/CEO)
  + kate@robotcreative.com (robotcreative.com - Marketing Account Manager)
  + zari@robotcreative.com (robotcreative.com - Marketing Manager, Account Manager, Sales & BizDev Manager)
  + belinda@robotcreative.com (robotcreative.com - Creative Director)
  + kris@robotcreative.com (robotcreative.com - Designer of Things)
  + stacy@robotcreative.com (robotcreative.com - Digital Marketing Manager)
  + jeff@robotcreative.com (robotcreative.com - Senior Web Developer)
  + jprocopio@imagehousemedia.com (imagehousemedia.com - Executive Administrator)
  + bvillarreal@imagehousemedia.com (imagehousemedia.com - Graphic Designer)
  + hsanchez@imagehousemedia.com (imagehousemedia.com - Video Production Manager)
  + lrevilla@chamoycreative.com (chamoycreative.com - Co Founder and Content Marketing Director)
  + aps@chamoycreative.com (chamoycreative.com - Co-Founder / Creative)
  + sarredondo@chamoycreative.com (chamoycreative.com - Digital Marketing Manager)
  + wruden@chamoycreative.com (chamoycreative.com - Agency Growth Manager)
  + bschmuck@chamoycreative.com (chamoycreative.com - Freelance Creative)
  + jarredondo@chamoycreative.com (chamoycreative.com - Media Manager)
  + murteaga@chamoycreative.com (chamoycreative.com - Account Manager)
  + ppearce@chamoycreative.com (chamoycreative.com - Production Manager)
  + frevilla@chamoycreative.com (chamoycreative.com - Co-Founder / Strategic Creative Director)
  + ewhite@chamoycreative.com (chamoycreative.com - Account Coordinator)
  + kworden@chamoycreative.com (chamoycreative.com - Account Executive)
  + mreyes@chamoycreative.com (chamoycreative.com - Lead Web Developer)
  + hcabello@chamoycreative.com (chamoycreative.com - Senior Project Manager)
  + daspyn@dyalcustomhomes.com (dyalcustomhomes.com - Office Manager)
  + eric@beastcreativeagency.com (beastcreativeagency.com - Lead Web Developer)
  + sofia@sammisochoa.com (sammisochoa.com - Account Coordinator)
  + avery@sammisochoa.com (sammisochoa.com - Public Relations Account Coordinator)
  + stacie@taskbuilding.com (taskbuilding.com - Preconstruction Manager)
  + ottos@jkbernhard.com (jkbernhard.com - Senior Project Manager)
  + danielm@jkbernhard.com (jkbernhard.com - Project Manager)
  + ryans@jkbernhard.com (jkbernhard.com - Lead Designer / Marketing Manager)
  + adryanna@graydigitalgroup.com (graydigitalgroup.com - Account Coordinator)
  + aleah@graydigitalgroup.com (graydigitalgroup.com - Account Coordinator)
  + ken@graydigitalgroup.com (graydigitalgroup.com - Web Developer)
  + renee@graydigitalgroup.com (graydigitalgroup.com - Web Developer)
  + richard@graydigitalgroup.com (graydigitalgroup.com - Interactive Production Director)
  + elisa@graydigitalgroup.com (graydigitalgroup.com - Controller)
  + john@graydigitalgroup.com (graydigitalgroup.com - None)
  + madelein@love.marketing (love.marketing - Marketing Associate)
batch 21/46: 50 people, 48 candidates
  + reyna@ruskinconsulting.com (ruskinconsulting.com - None)
  + fernando@ruskinconsulting.com (ruskinconsulting.com - PPC Lead)
  + jhoan@ruskinconsulting.com (ruskinconsulting.com - Software Engineer)
  + chris@ruskinconsulting.com (ruskinconsulting.com - Consultant)
  + lennie@ruskinconsulting.com (ruskinconsulting.com - Project Manager)
  + nathan@theammogroup.com (theammogroup.com - President)
  + caroline@theammogroup.com (theammogroup.com - Copywriter & Content Assistant)
  + rim@theammogroup.com (theammogroup.com - Customer Relations Officer and Marketing)
  + graciela@theammogroup.com (theammogroup.com - Masoterapeuta)
  + benny@theammogroup.com (theammogroup.com - General Manager)
  + agassiz@theammogroup.com (theammogroup.com - Restaurant Manager)
  + valentin@theammogroup.com (theammogroup.com - Technicien Maintenance et Automatisme)
  + taylor@ammo-inc.com (theammogroup.com - USAF)
  + bebeto@theammogroup.com (theammogroup.com - Musician)
  + ammo@theammogroup.com (theammogroup.com - Songwriter, Musician)
  + dave@theammogroup.com (theammogroup.com - Consultant)
  + scott@theammogroup.com (theammogroup.com - TSgt)
  + ahmad@theammogroup.com (theammogroup.com - Security)
  + jeramy@theammogroup.com (theammogroup.com - USMC)
  + brandi@theammogroup.com (theammogroup.com - USAF)
  + josh@marketlikeahero.com (heromarketingagency.com - Founder & CEO)
  + jessica.paid@marketlikeahero.com (heromarketingagency.com - Director of Paid Media)
  + kelcey@marketlikeahero.com (heromarketingagency.com - Client Strategist)
  + jgarza@nutechadvisors.com (nutechadvisors.com - Co-Founder)
  + heather@dfapparel.com (dfapparel.com - Sales Development Representative)
batch 22/46: 50 people, 50 candidates
  + mike.sullivan@theloomisagency.com (theloomisagency.com - Dr of Business Development)
  + julie.ondrusek@theloomisagency.com (theloomisagency.com - COO)
  + lauren.law@theloomisagency.com (theloomisagency.com - Director of Business Development)
  + lauren.treu@theloomisagency.com (theloomisagency.com - Director of Digital Media)
  + aimee.bove@theloomisagency.com (theloomisagency.com - Director of Media)
  + jenna.oliver@theloomisagency.com (theloomisagency.com - Account + Strategy Director)
  + kim.smith@theloomisagency.com (theloomisagency.com - Group Creative Director)
  + alison.chen@theloomisagency.com (theloomisagency.com - Social Media Manager)
  + kristoffer.lemons@theloomisagency.com (theloomisagency.com - Account Supervisor)
  + paul.bromfield@theloomisagency.com (theloomisagency.com - Director of Program Management)
  + christina.mckinney@theloomisagency.com (theloomisagency.com - Group Account Director)
  + natalie.eilat@theloomisagency.com (theloomisagency.com - Controller)
  + chelsea.ratliff@theloomisagency.com (theloomisagency.com - Group Account Director)
  + katy.nash@theloomisagency.com (theloomisagency.com - Account Executive)
  + sarah.savulich@theloomisagency.com (theloomisagency.com - Digital Account Director)
  + kinsey.dulaney@theloomisagency.com (theloomisagency.com - Senior Social Media Manager)
  + erma.cantu-garza@theloomisagency.com (theloomisagency.com - Director of First Impressions)
  + molly.nearing@theloomisagency.com (theloomisagency.com - Accounts Receivable)
  + isabel.clark@theloomisagency.com (theloomisagency.com - Account Executive)
  + eric.brule@theloomisagency.com (theloomisagency.com - Associate Creative Director)
  + jason.marks@theloomisagency.com (theloomisagency.com - Junior Project Manager)
  + katie.ellis@theloomisagency.com (theloomisagency.com - Senior Media Marketing Specialist)
  + yuliia.bodenko@theloomisagency.com (theloomisagency.com - Wikipedia Pages for Brands)
  + laura@marketingtomball.com (marketingtomball.com - Social Media Manager)
  + merrilu@marketingtomball.com (marketingtomball.com - Project Manager)
  + florine@marketingtomball.com (marketingtomball.com - Customer Relations Manager)
  + ashley@marketingtomball.com (marketingtomball.com - Social Media Manager Team Lead)
  + carmen@marketingtomball.com (marketingtomball.com - Social Media and Graphic Designer Manager)
  + emily@marketingtomball.com (marketingtomball.com - Social Media Manager)
  + kelli@palmsbm.com (palmsbm.com - Digital Marketing Coordinator)
  + sofia@palmsbm.com (palmsbm.com - Graphic Web Designer)
  + heather@manifestivedesign.com (manifestivedesign.com - Sales & Marketing Director)
  + chance@manifestivedesign.com (manifestivedesign.com - Graphic Designer)
  + jay@manifestivedesign.com (manifestivedesign.com - Designer)
  + lauren@manifestivedesign.com (manifestivedesign.com - Director of Operations)
  + andrew@alaracreative.com (alaracreative.com - Development Team Member)
  + ryan@ranchradiogroup.com (ranchrmg.com - Account Executive)
  + holly@ranchradiogroup.com (ranchrmg.com - Account Executive)
  + rachel@droptinestudios.com (droptinestudios.com - Project Manager)
  + chance@droptinestudios.com (droptinestudios.com - Graphic Designer)
  + traffic@rudkinproductions.net (rudkinproductions.com - Traffic Manager)
  + hunter.parks@rainman.com (rainmandigital.com - Wordpress Developer)
batch 23/46: 50 people, 47 candidates
  + mike@hallaron.com (hallaron.com - Chief Strategy Officer/Founder)
  + sonya@hallaron.com (hallaron.com - Social Media Coordinator)
  + carla@hallaron.com (hallaron.com - Sr Web Designer)
  + daka@click4corp.com (click4corp.com - Founder / CEO)
  + dpasaje@click4corp.com (click4corp.com - SEO Writer)
  + tdaka@click4corp.com (click4corp.com - Administrative Support Assistant)
  + shechanova@click4corp.com (click4corp.com - Web Content Writer)
  + rvaladez@shelton-valadez.com (valadezcpa.com - Managing Director)
  + devan@valadezcpa.com (valadezcpa.com - Tax Associate)
  + frank@labordecpa.com (labordecpa.com - Founder and President)
  + laura@labordecpa.com (labordecpa.com - Sr. Accountant)
  + gesselle@labordecpa.com (labordecpa.com - Administrative Assistant)
  + alyssa@centurygs.com (centurygs.com - Marketing Assistant)
  + lupe@centurygs.com (centurygs.com - Account Manager)
  + trenton@centurygs.com (centurygs.com - Accounting Manager)
  + cinthia@centurygs.com (centurygs.com - Marketing Specialist)
  + luis@centurygs.com (centurygs.com - Graphic Designer)
  + jana@centurygs.com (centurygs.com - Purchasing Manager)
  + melissa@centurygs.com (centurygs.com - Office Manager)
  + shelby@centurygs.com (centurygs.com - Ecommerce Manager)
  + kaytlyn@centurygs.com (centurygs.com - Apparel Art Leader)
  + britni@centurygs.com (centurygs.com - Accounting Assistant)
  + christine@centurygs.com (centurygs.com - Human Resources Manager)
  + aj@centurygs.com (centurygs.com - Apparel Mngr)
  + krupa@adventtrinity.com (adventtrinity.com - User Experience Designer)
  + catherine@adventtrinity.com (adventtrinity.com - Content Writer & Product Marketer)
  + andrea@adventtrinity.com (adventtrinity.com - Social Media Manager)
  + ma@almanzacpafirm.com (almanzacpafirm.com - Integrator)
  + jj@almanzacpafirm.com (almanzacpafirm.com - Tax Associate)
batch 24/46: 50 people, 25 candidates
  + kel@ssacpa.com (ssacpa.com - Talent Acquisition Specialist)
  + cba@ssacpa.com (ssacpa.com - Tax CPA/Shareholder)
  + vjb@ssacpa.com (ssacpa.com - Senior Manager)
  + mark@ssacpa.com (ssacpa.com - Auditor)
  + skg@ssacpa.com (ssacpa.com - Shareholder)
  + esd@ssacpa.com (ssacpa.com - Audit Supervisor)
  + art@ssacpa.com (ssacpa.com - Shareholder - International Tax)
  + mxl@ssacpa.com (ssacpa.com - Supervisor)
  + jprice@ssacpa.com (ssacpa.com - Shareholder)
  + jca@ssacpa.com (ssacpa.com - Managing Shareholder)
  + jbj@ssacpa.com (ssacpa.com - Shareholder)
  + jml@ssacpa.com (ssacpa.com - Tax Manager)
  + apf@ssacpa.com (ssacpa.com - Senior Client Advisory Services (CAS) Manager)
  + cjm@ssacpa.com (ssacpa.com - Shareholder)
  + jgg@ssacpa.com (ssacpa.com - Tax Manager)
  + aaa@ssacpa.com (ssacpa.com - Client Advisory Services (CAS) Supervisor)
  + rdl@ssacpa.com (ssacpa.com - International Tax Manager)
  + cbd@ssacpa.com (ssacpa.com - Shareholder)
  + maj@ssacpa.com (ssacpa.com - Information Technology Help Desk)
  + amm@ssacpa.com (ssacpa.com - Audit Supervisor)
  + blb@ssacpa.com (ssacpa.com - Manager)
  + nicholas@holtmancpa.com (holtmancpa.com - Accounting Bookkeeper)
  + gyongyver@holtmancpa.com (holtmancpa.com - Staff Accountant)
batch 25/46: 50 people, 50 candidates
  + jordan.presnell@hrblock.com (hrblock.com - Software Engineering Manager)
  + bernard.jansen@hrblock.com (hrblock.com - Program Manager, Innovations)
  + shreyash.more@hrblock.com (hrblock.com - Virtual Tax Professional - Second Look)
  + liji.thomas@hrblock.com (hrblock.com - Gen AI Manager)
  + r_head@hrblock.com (hrblock.com - Multi-Unit Team Leader | Advanced Small Business Tax Professional)
  + prachi.pragya@hrblock.com (hrblock.com - Sr. P & C Specialist)
  + katie.birchfield@hrblock.com (hrblock.com - Sr. Recruiter - Executive Search)
  + carrie.carpenter@hrblock.com (hrblock.com - Program Manager, Talent Acquisition)
  + crispin.valencia@hrblock.com (hrblock.com - Regional Director)
  + maddisen.henderson@hrblock.com (hrblock.com - Manager of Talent Acquisition Recruitment Programs)
  + frank.tian@hrblock.com (hrblock.com - Risk Management)
  + alireza.shahkarami@hrblock.com (hrblock.com - Data Science Manager)
  + chandler.helton@hrblock.com (hrblock.com - Program Manager, Government Relations)
  + alawna.lotz@hrblock.com (hrblock.com - HR Director)
  + kelley.wise@hrblock.com (hrblock.com - District General Manager)
  + frank.molitor@hrblock.com (hrblock.com - Director)
  + piritta.vanrijn@hrblock.com (hrblock.com - Chief Product Officer)
  + swathy.suresh@hrblock.com (hrblock.com - Senior Payroll Specialist)
  + louanne.jensen@hrblock.com (hrblock.com - Sr Recruiter)
  + nakia.bremmer@hrblock.com (hrblock.com - District General Manager)
  + kim.iorns@hrblock.com (hrblock.com - Director, Talent and Learning)
  + kay.layhew@hrblock.com (hrblock.com - Talent Development Manager)
  + adam.bakow@hrblock.com (hrblock.com - Sr. Corporate Counsel)
  + kate.oconnor@hrblock.com (hrblock.com - People & Culture Vice President)
  + claire.scott@hrblock.com (hrblock.com - Regional Director)
  + kelsy.saulsbury@hrblock.com (hrblock.com - Director, Customer Insights)
  + patrick.perl@hrblock.com (hrblock.com - Customer Experience Leadership)
  + monika.mehrotra@hrblock.com (hrblock.com - SVP Technology, Business and Global Operations)
  + mitchell.gresley@hrblock.com (hrblock.com - District Manager)
  + brandy.king@hrblock.com (hrblock.com - Vice President Corporate Communications)
  + patty.steck@hrblock.com (hrblock.com - Sr. Executive Assistant)
  + karen.clark@hrblock.com (hrblock.com - Privacy Program Manager)
  + bree.cox@hrblock.com (hrblock.com - Client Retention Specialist)
  + aaron.brady@hrblock.com (hrblock.com - Vice President, Small Business Services)
  + tom.barker@hrblock.com (hrblock.com - Vice President, Technology)
  + kathryn.christie@hrblock.com (hrblock.com - Director, Operations (Small Business))
  + leana.flores@hrblock.com (hrblock.com - Director of Corporate Impact)
  + haleema.kabeer@hrblock.com (hrblock.com - Security Engineer)
  + mark.anderson@hrblock.net (hrblock.com - Enrolled Agent)
  + alexandra.owoeye@hrblock.com (hrblock.com - Lead Security Analyst)
  + ed.bedair@hrblock.ca (hrblock.com - Vice President Finance)
  + brian.bustos@hrblock.com (hrblock.com - Director of Experience Strategy)
  + elena.bills@hrblock.com (hrblock.com - IRS Enrolled Agent, Master Tax Advisor, Franchise Admin)
  + lexi.ryan@hrblock.com (hrblock.com - Senior Communications Manager)
  + tiffany.mason@hrblock.com (hrblock.com - Chief Financial Officer)
  + dara.redler@hrblock.com (hrblock.com - C-Suite Officer -Public Company)
  + josephjeffers@financialguide.com (thefoxalliance.com - None)
batch 26/46: 50 people, 45 candidates
  + khenn@thesaltgroup.com (thesaltgroup.com - Senior Manager - Tax Consulting Operations)
  + hhall@thesaltgroup.com (thesaltgroup.com - Founder & CEO of The SALT Group)
  + mrobusto@thesaltgroup.com (thesaltgroup.com - Chief Marketing Officer)
  + msanchez@marcosanchezlaw.com (marcosanchezlaw.com - Attorney At Law)
batch 27/46: 16 people, 16 candidates
  + blittle@trltx.com (trltx.com - Co-Founder and Managing Attorney)
  + cricks@tr-pllc.com (trltx.com - Attorney)
  + nponton@trltx.com (trltx.com - Paralegal)
  + jblair@trltx.com (trltx.com - Associate Attorney)
  + levi@lonestarbizlaw.com (trltx.com - Law Clerk)
  + ocarrosquilla@trltx.com (trltx.com - Law Clerk)
  + krista@kennyperezlaw.com (kennyperezlaw.com - Executive Assistant)
  + claudia@kennyperezlaw.com (kennyperezlaw.com - Associate)
  + cristina@kennyperezlaw.com (kennyperezlaw.com - Case Manager)
batch 28/46: 50 people, 45 candidates
  + bleger@lkclawfirm.com (lkclawfirm.com - Trial Attorney)
  + jbblackburn@lkclawfirm.com (lkclawfirm.com - Attorney--Of Counsel)
  + chris.bubinas@brckdefense.com (brckdefense.com - Marketing Director)
  + ssturgeon@carlsonattorneys.com (carlsonattorneys.com - Chief of Staff)
  + dbuckley@carlsonattorneys.com (carlsonattorneys.com - of Counsel)
  + bmcdonald@carlsonattorneys.com (carlsonattorneys.com - Experienced Marketer)
  + wrossick@carlsonattorneys.com (carlsonattorneys.com - Trial Attorney)
  + alequerique@carlsonattorneys.com (carlsonattorneys.com - Medical Malpractice & Personal Injury Litigation Paralegal and Legal Support Manager)
  + rflores@carlsonattorneys.com (carlsonattorneys.com - Trial Attorney)
  + lgriffin@carlsonattorneys.com (carlsonattorneys.com - COO)
  + mlarrieux@carlsonattorneys.com (carlsonattorneys.com - Legal Associate)
  + kknotts@carlsonattorneys.com (carlsonattorneys.com - Attorney)
  + bwillingham@carlsonattorneys.com (carlsonattorneys.com - Lead Software Developer)
  + smeredith@carlsonattorneys.com (carlsonattorneys.com - Graphic Designer)
  + lsouthworth@carlsonattorneys.com (carlsonattorneys.com - Mass Torts - Associate Attorney)
  + bmatthys@carlsonattorneys.com (carlsonattorneys.com - Attorney At Law)
  + bdangelo@carlsonattorneys.com (carlsonattorneys.com - Mass Tort & Class Action Associate Attorney)
  + rmartin@carlsonattorneys.com (carlsonattorneys.com - Family Law Associate)
  + nbrena@carlsonattorneys.com (carlsonattorneys.com - Legal Assistant)
  + dsimmons@carlsonattorneys.com (carlsonattorneys.com - Attorney)
  + mcaruso@carlsonattorneys.com (carlsonattorneys.com - Attorney)
  + lgonzales@carlsonattorneys.com (carlsonattorneys.com - Senior Research Associate)
  + pkoelsch@carlsonattorneys.com (carlsonattorneys.com - Attorney)
  + troehrs@carlsonattorneys.com (carlsonattorneys.com - Litigation Associate)
  + shanilis@carlsonattorneys.com (carlsonattorneys.com - Bilingual Marketing Specialist)
  + alopez@carlsonattorneys.com (carlsonattorneys.com - Associate Attorney)
  + aevans@carlsonattorneys.com (carlsonattorneys.com - of Counsel)
  + crodriguez@carlsonattorneys.com (carlsonattorneys.com - Legal Support Manager)
  + xhernandez@carlsonattorneys.com (carlsonattorneys.com - Legal Assistant)
  + kconway@carlsonattorneys.com (carlsonattorneys.com - Brand & Digital Marketing Director)
  + lhays@carlsonattorneys.com (carlsonattorneys.com - Attorney)
  + smayo@carlsonattorneys.com (carlsonattorneys.com - Legal Assistant)
  + smoore@carlsonattorneys.com (carlsonattorneys.com - Advertising & Creative Director (Traditional Media))
  + ebiedinger@carlsonattorneys.com (carlsonattorneys.com - Law Clerk)
  + mferrell@carlsonattorneys.com (carlsonattorneys.com - Attorney)
  + kalarcon@carlsonattorneys.com (carlsonattorneys.com - Associate)
  + tjohnson@carlsonattorneys.com (carlsonattorneys.com - Attorney)
  + gavila@carlsonattorneys.com (carlsonattorneys.com - Litigation Assistant)
  + batteberry@carlsonattorneys.com (carlsonattorneys.com - Legal Assistant)
  + lzambonini@carlsonattorneys.com (carlsonattorneys.com - Legal Assistant)
  + tom@paxlawtx.com (paxlawtx.com - Attorney)
  + caroline@mccammonlaw.com (texas-estateplanning.com - Associate Attorney)
  + robert@jrobertdavis.com (jrobertdavis.com - Attorney)
batch 29/46: 50 people, 32 candidates
  + alexis@amosbarton.com (amosbarton.com - Attorney)
  + sydney@birdysales.com (birdy.com - Implementation Manager)
  + katia@birdy.com (birdy.com - Make Ready Coordinator)
  + russell@birdy.com (birdy.com - Director of Association Management)
  + gregg@birdy.com (birdy.com - Vice President Operations / Broker Associate)
  + patty@birdy.com (birdy.com - Director of Coordination)
  + lorena@birdy.com (birdy.com - Director of Business Development)
  + karen@birdy.com (birdy.com - Accounting Manager)
  + birdy@birdy.com (birdy.com - Invoice Box)
  + kelley@birdy.com (birdy.com - HVAC/Plumbing Coordinator)
  + frank@birdy.com (birdy.com - Tenant Coordinator)
  + lin@pyramiscompany.com (pyramiscompany.com - Accounting/Office Manager)
  + kyle@sarents.com (sarents.com - Vice President)
  + tracy@sarents.com (sarents.com - Manager)
  + ashley@sarents.com (sarents.com - Operations Coordinator)
  + virginia@sarents.com (sarents.com - Administrative Assistant)
  + courtney@mhnproperties.com (mhnproperties.com - Real Estate Broker)
  + dylan@southtexasjustice.com (dylanpearcylaw.com - Attorney)
  + danika@southtexasjustice.com (dylanpearcylaw.com - Associate Attorney)
  + angie@southtexasjustice.com (dylanpearcylaw.com - Family Law Paralegal)
  + assistant@southtexasjustice.com (dylanpearcylaw.com - Paralegal)
  + cdmosty@mostylaw.com (mostylaw.com - Attorney)
  + scausey@mostylaw.com (mostylaw.com - Paralegal)
  + bbeierle@spm-roi.com (spm-roi.com - Photographer)
batch 30/46: 50 people, 50 candidates
  + mwalker@homeriver.com (homeriver.com - Real Estate Broker)
  + dharlow@homeriver.com (homeriver.com - VP of Acquisitions)
  + ayeatts@homeriver.com (homeriver.com - Regional Leasing Manager)
  + rsrinath@homeriver.com (homeriver.com - Financial Analyst, FP&A)
  + rvazquez@homeriver.com (homeriver.com - Business Development Manager/Realtor)
  + rwilde@homeriver.com (homeriver.com - Enterprise Transformation Executive)
  + swalker@homeriver.com (homeriver.com - Brokerage Operations Manager)
  + tpeachee@homeriver.com (homeriver.com - Senior Portfolio Manager)
  + dlione@homeriver.com (homeriver.com - Real Estate Specialist)
  + smayo@homeriver.com (homeriver.com - SFR / Multifamily Operations Leader)
  + bdaniels@homeriver.com (homeriver.com - Property Manager)
  + acunningham@homeriver.com (homeriver.com - Business Development Manager)
  + danderson@homeriver.com (homeriver.com - Salesforce Product Manager)
  + pharris@homeriver.com (homeriver.com - Business Development Manager)
  + jwilson@homeriver.com (homeriver.com - Chief Technology Officer)
  + rgeiger@homeriver.com (homeriver.com - Property Manager/Broker Associate)
  + dhouse@homeriver.com (homeriver.com - Regional Vice President)
  + jeggert@homeriver.com (homeriver.com - Business Development Manager)
  + cgross@homeriver.com (homeriver.com - VP, Mulitfamily and BTR)
  + jlewis@homeriver.com (homeriver.com - Vice President)
  + sodonovan@homeriver.com (homeriver.com - Chief Financial Officer | Problem Solver | Relationship Building | Risk Management | Change Implementation | Interim-Project Roles)
  + mnhahn@homeriver.com (homeriver.com - VP of Client Accounting)
  + mriehle@homeriver.com (homeriver.com - Senior Accounting Manager)
  + jschmidt@homeriver.com (homeriver.com - Senior Asset Manager)
  + jarnold@homeriver.com (homeriver.com - Property Manager)
  + dahoffman@homeriver.com (homeriver.com - Director of Data Management)
  + kamorales@homeriver.com (homeriver.com - Regional Manager)
  + lnunn@homeriver.com (homeriver.com - Property Manager)
  + dbarker@homeriver.com (homeriver.com - Portfolio Vice President)
  + rkaur@homeriver.com (homeriver.com - Investment Management Associate)
  + abennett@homeriver.com (homeriver.com - Business Development Manager)
  + lanreus@homeriver.com (homeriver.com - Condominium Association Manager (LCAM))
  + bkeck@homeriver.com (homeriver.com - Realtor | Property Manager)
  + tburkholder@homeriver.com (homeriver.com - Costruction Manager)
  + amaertins@homeriver.com (homeriver.com - Senior Business Analyst)
  + aflores@homeriver.com (homeriver.com - Senior Lease Drafting Coordinator)
  + jduncan@homeriver.com (homeriver.com - Regional Operations Manager)
  + kwieand@homeriver.com (homeriver.com - Joint Venture Accountant)
  + rmccracken@homeriver.com (homeriver.com - IAG Maintenance Manager-East/West Region)
  + smacdonald@homeriver.com (homeriver.com - Regional Vice President)
  + mgarza@homeriver.com (homeriver.com - Director of Training and Development)
  + acrego@homeriver.com (homeriver.com - Business Analyst)
  + jcampanella@homeriver.com (homeriver.com - Program Manager)
  + ylu@homeriver.com (homeriver.com - Director Asset Management)
  + pbenitez@homeriver.com (homeriver.com - Turn Coordinator)
  + pkurtz@homeriver.com (homeriver.com - Senior Manager, Client Payables)
  + connor.albrecht@barclegroup.com (barclegroup.com - CEO & Founder)
batch 31/46: 38 people, 31 candidates
  + tjmacdonald@macdonald-companies.com (macdonald-companies.com - President)
  + dkrueger@macdonald-companies.com (macdonald-companies.com - Lead Technician)
  + bandersen@macdonald-companies.com (macdonald-companies.com - Property Manager)
  + cmachetta@macdonald-companies.com (macdonald-companies.com - Sr Regional Supervisor)
  + ladams@macdonald-companies.com (macdonald-companies.com - Administrative Assistant)
  + mesquite@macdonald-companies.com (macdonald-companies.com - Manager)
  + seasideleasing@macdonald-companies.com (macdonald-companies.com - Leasing Consultant)
  + afajardo@macdonald-companies.com (macdonald-companies.com - Accountant)
  + kwoodrom@macdonald-companies.com (macdonald-companies.com - Super)
  + mrojas@macdonald-companies.com (macdonald-companies.com - Manager)
  + htrevino@macdonald-companies.com (macdonald-companies.com - Leasing Agent)
  + keren@alphanyc.com (alpha-properties.com - Real Estate)
  + pravin@alphanyc.com (alpha-properties.com - Real Estate Agent)
  + john@vistamgtgroup.com (vistamanagementgroup.com - Real Estate Broker)
  + cynthia@rpmlonestar.com (rpmlonestar.com - Property Manager)
  + diego@rpmlonestar.com (rpmlonestar.com - Maintenance Coordinator)
batch 32/46: 50 people, 49 candidates
  + amy@houseloan.com (houseloan.com - NMLS #225339 Cornerstone Home Lending a Division)
  + pkim@houseloan.com (houseloan.com - Talent Acquisition Manager)
  + dwizelman@houseloan.com (houseloan.com - Area Sales Manager)
  + amurtola@houseloan.com (houseloan.com - Senior Recruiter)
  + mbidelman@houseloan.com (houseloan.com - Corporate & Servicing Recruiter)
  + swade@usa-mortgage.com (usamortgage.com - Regional Branch Manager)
  + ccauley@usamortgage.com (usamortgage.com - Senior Recruiter)
  + dparent@usa-mortgage.com (usamortgage.com - Retail Branch Manager)
  + pfitzgerald@usamortgage.com (usamortgage.com - Senior Loan Officer)
  + sam@therosenblattgroup.com (usamortgage.com - Sales Manager)
  + michael.wilson@lennarmortgage.com (lennarmortgage.com - Assistant Underwriting Manager)
  + dougcalabrese@lennarmortgage.com (lennarmortgage.com - SVP AI Solutions)
batch 33/46: 50 people, 37 candidates
  + arobles@southwestfunding.com (southwestfunding.com - Branch Manager)
  + jason.mann@swfunding.com (southwestfunding.com - Divisional Leader)
  + kelly.koleber@swfunding.com (southwestfunding.com - Director of Business Development)
  + trey.white@swfunding.com (southwestfunding.com - Senior Business Development Manager)
  + emartinezjr@southwestfunding.com (southwestfunding.com - Branch Manager)
  + pguerrero@southwestfunding.com (southwestfunding.com - Branch Manager)
  + tcarpenter@swfunding.com (southwestfunding.com - Director of Revenue)
  + mindy.romero@southwestfunding.com (southwestfunding.com - Mortgage Loan Originator)
  + ppitts@southwestfunding.com (southwestfunding.com - Podcast Host)
  + mperez@southwestfunding.com (southwestfunding.com - Chief Strategy Officer)
  + shane.kimbrough@swbc.com (swbcmortgage.com - Loan Officer)
  + jalexander@firstunitedbank.com (swbcmortgage.com - Sr. Loan Officer)
  + driddell@swbc.com (swbcmortgage.com - Branch Manager)
  + cwilhelm@swbc.com (swbcmortgage.com - Sr Loan Originator)
  + jbither@swbc.com (swbcmortgage.com - Area Manager)
  + scbrown@swbc.com (swbcmortgage.com - EVP- National Retail Sales)
  + dlabrot@swbc.com (swbcmortgage.com - Senior Loan Officer, NMLS#406291)
  + bmarchica@afncorp.com (swbcmortgage.com - Branch Manager, Builder Partnerships)
  + brian.picker@swbc.com (swbcmortgage.com - SVP Regional Manager)
  + ggoodman@swbc.com (swbcmortgage.com - Sales Performance Executive)
  + asessa@swbc.com (swbcmortgage.com - VP & Sr. Loan Officer)
  + cbreed@swbc.com (swbcmortgage.com - Vice President/Sr Loan Officer)
  + steve.remington@swbcmortgage.com (swbcmortgage.com - Chief Operating Officer)
  + dking@swbc.com (swbcmortgage.com - Loan Officer/Sales Manager)
  + greg.block@pilgrimmtg.com (pilgrimmtg.com - Chief Operating Officer)
  + cody.reid@pilgrimmtg.com (pilgrimmtg.com - Branch Manager NMLS #218862)
  + michael@pilgrimmtg.com (pilgrimmtg.com - Co-Founder)
  + tsalters@worldacceptance.com (loansbyworld.com - VP of IT Operations)
  + luke.umstetter@worldacceptance.com (loansbyworld.com - SVP, General Counsel, CCO and Secretary)
  + ali.mendieta@worldacceptance.com (loansbyworld.com - Talent Acquisition Manager)
batch 34/46: 50 people, 7 candidates
  + kim.roberts@sunflowerbank.com (sunflowerbank.com - Human Resources Manager)
  + jeff.beadnell@sunflowerbank.com (sunflowerbank.com - Mortgage Area Manager)
  + maureen.ryan@security-finance.com (securityfinance.com - Talent Acquisition Specialist)
batch 35/46: 50 people, 40 candidates
  + cesar.roman@uhtx.com (universityhealth.com - Director of Strategic Sourcing and Procurement Operations)
  + darryl.rhames@uhtx.com (universityhealth.com - Director of Internal Compliance)
  + paul.buckle@uhtx.com (universityhealth.com - Clinical Nursing Director)
  + nemeth.keith@heb.com (heb.com - Lead Recruiter - Central Market Leadership | Executive Search Recruiter)
  + bravo.jeremy@heb.com (heb.com - Strategic Services | Store Fulfillment Operations)
  + baker.zechariah@heb.com (heb.com - School of Retail Leadership)
  + shivashankar.prithvi@heb.com (heb.com - Data AI Product Manager)
  + maguire.kate@heb.com (heb.com - Lead Recruiter)
  + dean.benjamin@heb.com (heb.com - Lead Technical Recruiter)
  + thornton.linda@heb.com (heb.com - Manager, Corporate Career Services)
  + molina.roxanne@heb.com (heb.com - Lead Recruiter, Digital Recruiting)
  + reno.jeremy@heb.com (heb.com - Area Loss Prevention Manager)
  + carrie.lewis@heb.com (heb.com - Sr. Executive Recruiter)
  + yakhin.roman@heb.com (heb.com - MBA, QA Technician)
  + ranjan.aditya@heb.com (heb.com - Senior Data Engineer)
  + singh.anshulika@heb.com (heb.com - Manager, Product Management - Data & AI)
  + bransom.kat@heb.com (heb.com - Director)
  + pytel.alyssa@heb.com (heb.com - Senior Program Manager, Digital Business Operations)
  + shalini.poore@heb.com (heb.com - Human Resources Manager)
  + parmar.monali@heb.com (heb.com - Sr. Sourcer - Executive Recruiting)
  + alamilla-vincent.karla@heb.com (heb.com - Managing Director)
  + budge.lisa@heb.com (heb.com - Senior Recruiter)
  + campos.dya@heb.com (heb.com - Managing Director of Public and Government Affairs)
  + felix.juan@heb.com (heb.com - Bilingual Senior Recruiter)
  + pete.yvonne@heb.com (heb.com - Service Manager)
  + bruno.dave@heb.com (heb.com - General Manager)
  + funderburk.dan@heb.com (heb.com - Executive Recruiting)
  + washington.david@heb.com (heb.com - Sr. Director of Retail Operations)
  + valerio.olivia@heb.com (heb.com - HR Strategic Program Manager, Military Bridges Program)
  + jandino@mysanitas.com (mysanitas.com - MSN, Arnp, Fnp-c)
batch 36/46: 50 people, 3 candidates
  + npatek@grmedcenter.com (grmedcenter.com - Executive Director of Emergency Services)
batch 37/46: 50 people, 50 candidates
  + amy.morrow@estes-express.com (estes-express.com - Sales Account Manager, Southeast)
  + netsanet.engidasew@estes-express.com (estes-express.com - SQL Windows DBA)
  + nicholas.thompson@estes-express.com (estes-express.com - Account Manager)
  + al.bucher@estes-express.com (estes-express.com - Corporate Vice President of Operations)
  + john.sanossian@estes-express.com (estes-express.com - Account Manager)
  + erica.bradshaw@estes-express.com (estes-express.com - Regional HR & Recruiting)
  + stephen.wolford@estes-express.com (estes-express.com - Senior Release Train Engineer (Agile))
  + rocky.hughes@estes-express.com (estes-express.com - Corporate Accounts.)
  + joseph.cantafio@estes-express.com (estes-express.com - Director of Sales Training and Development)
  + michael.mcqueen@estes-express.com (estes-express.com - Senior Corporate Account Executive)
  + frank.simonetti@estes-express.com (estes-express.com - Account Manager)
  + robert.ulino@estes-express.com (estes-express.com - Special Services Executive, Corporate Accounts)
  + robert.hefner@estes-express.com (estes-express.com - Terminal Manager)
  + christian.emery@estes-express.com (estes-express.com - Director of Infrastructure & Platform Engineering)
  + patrick.lynch@estes-express.com (estes-express.com - District Sales Manager)
  + jonathan.bartee@estes-express.com (estes-express.com - Senior Director, Back Office and Admin Hub - IT)
  + robin.worsham@estes-express.com (estes-express.com - Supervisor, Recruitment Marketing)
  + joseph.scala@estes-express.com (estes-express.com - Sales Account Manager)
  + rusty.murray@estes-express.com (estes-express.com - Director)
  + sara.graf@estes-express.com (estes-express.com - Vice President, Sustainability, Culture, and Communications)
  + todd.florence@estes-express.com (estes-express.com - Chief Information Officer)
  + mark.watson@estes-express.com (estes-express.com - Vice President, Corporate Accounts and Transportation Intermediaries)
  + sierra.dellana@estes-express.com (estes-express.com - Oracle Cloud HCM Platform Engineer)
  + willie.white@estes-express.com (estes-express.com - Truck Driver)
  + arun.ramachandran@estes-express.com (estes-express.com - Back Office Program Delivery Lead & People Manager)
  + greg.richardson@estes-express.com (estes-express.com - Vice President of Human Resources)
  + ladawn.friend@estes-express.com (estes-express.com - Manager, Compliance & Learning Program Support)
  + alex.peebles@estes-express.com (estes-express.com - Senior Director, International & Offshore)
  + ray.thomas@estes-express.com (estes-express.com - Regional Safety Manager)
  + dianne.stafford@estes-express.com (estes-express.com - Account Manager)
  + david.robinson@estes-express.com (estes-express.com - Truck Driver)
  + maurice.desjardins@estes-express.com (estes-express.com - Director of International Operations)
  + anandraj.tadkal@estes-express.com (estes-express.com - Pega Lead System Architect)
  + lucas.ward@estes-express.com (estes-express.com - Director, Canada Business Development)
  + eslam.soliman@estes-express.com (estes-express.com - Enterprise Integration Architect)
  + sr@estes-express.com (estes-express.com - Platform Supervisor)
  + howard.cochran@estes-express.com (estes-express.com - Vice President, Operations Engineering and Continuous Improvement)
  + jessica.hairfield@estes-express.com (estes-express.com - Director, Rating and Resolution)
  + brad.gordon@estes-express.com (estes-express.com - Account Manager)
  + justin.wooten@estes-express.com (estes-express.com - Product Manager)
  + kimberly.page@estes-express.com (estes-express.com - Account Executive)
  + luke.henshaw@tforce.com (tforcelogistics.com - Vice President, Operations)
  + gail.archer@tforce.com (tforcelogistics.com - Recruitment Manager)
  + siddhant.bakshi@tforce.com (tforcelogistics.com - Customer Solutions Analyst)
  + bkoch@tanagerlogistics.com (tanagerlogistics.com - IT Specialist)
batch 38/46: 50 people, 50 candidates
  + james.hamilton@craneww.com (craneww.com - Regional Account Director)
  + david.burck@craneww.com (craneww.com - Managing Director)
  + amitesh.sharma@craneww.com (craneww.com - Senior Sales Leader & Strategist)
  + mohamed.arham@craneww.com (craneww.com - Client Service Specialist)
  + martin.barrera@craneww.com (craneww.com - Import Brokerage)
  + marc.crudgington@craneww.com (craneww.com - VP of IT Infrastructure and Cybersecurity (and Physical Security))
  + aakash.ruia@craneww.com (craneww.com - Key Account Manager)
  + jeff.medchill@craneww.com (craneww.com - Warehouse Operations Manager)
batch 39/46: 50 people, 49 candidates
  + florencia.pablo@adecco.com (adecco.com - Recruitment and Talent Acquisition (RPO))
  + jheferson.garcia@adecco.com (adecco.com - Consultor de Selección Sr.)
  + kathely.zuniga@adecco.com (adecco.com - Analista CED (Centro de Empleabilidad Las Bambas))
  + christian.delatorre@adecco.com (adecco.com - Consultor de Talent Acquistion 360)
  + katherine.rodriguezsalgado@adecco.com (adecco.com - Consultor de Selección)
  + juan.francia@adecco.com (adecco.com - Supervisor on Site - Proyecto Temporal)
  + julio.astocaza@adecco.com (adecco.com - IT Recruiter Analyst)
  + katherine.galindez@adecco.com (adecco.com - Recruiter RPO)
  + lokesh.kariappa@adecco.com (adecco.com - VP, Head of Talent Acquisition, Executive Search & Onboarding APAC)
  + nehal.pandya@adecco.com (adecco.com - Recruitment Manager)
  + brian.cassidy@adecco.com (adecco.com - Permanent Recruitment)
  + thuphuong.nguyen@adecco.com (adecco.com - Perm Recruitment Director)
  + skarapakula@adecco.com (adecco.com - Delivery Manager)
  + ashley.horner@adecco.com (adecco.com - Associate Director, Mid Atlantic)
  + dennis.torre@adecco.com (adecco.com - Team Leader)
  + mike.kuo@adecco.com (adecco.com - Lead Consultant - Banking & Finance)
  + ivan.salguero@adecco.com (adecco.com - Director of Territorial Selection)
  + jim.peterson@adeccona.com (adecco.com - Search Consultant)
  + isabel.gutierrez@adecco.com (adecco.com - HUB Manager Selección Directa.)
  + dileep.gupta@adecco.com (adecco.com - Senior Manager - Engineering Recruitment)
  + mahadev.vamsi@adecco.com (adecco.com - Talent Acquisition)
  + priscilla.bazilio@adecco.com (adecco.com - Consultora de Recursos Humanos Sênior)
  + karoline.cavalcante@adecco.com (adecco.com - Commercial Manager)
  + sachet.sethi@adecco.com (adecco.com - Associate Director (Perm)- IT,Banking, AMR(Mass Recruitment), RPO, Legal, Acc. & Finance and HR)
  + olenka.chirinos@adecco.com (adecco.com - Consultor de Seleccion Sr 1)
  + rosa.portilla@adecco.com (adecco.com - Talent Acquisition Lead)
  + jeronimo.valdes@adecco.com (adecco.com - Product Manager)
  + beiker.roque@adecco.com (adecco.com - Consultor Senior de Selección)
  + sergio.foriguat@adecco.com (adecco.com - Business Developer Manager (BDM))
  + agata.terriss@adecco.com (adecco.com - Recruitment Consultant)
  + juliana.cordeiro@adecco.com (adecco.com - Consultora de Recrutamento e Seleção SR)
  + anastasis.keramitsis@adecco.com (adecco.com - Northern Greece Manager)
  + ramya.raghavan@adecco.com (adecco.com - Technical Recruitment Expert)
  + humza.iftekhar@adecco.com (adecco.com - Principal Consultant)
  + tamanna.bilandi@adecco.com (adecco.com - Practice Tech Lead + Recruitment Team Lead - IT ( Application, Infrastructure & Business Support))
  + rob.rendle@adecco.co.uk (adecco.com - Executive Consultant)
  + renato.rocha@adecco.com (adecco.com - Executivo de Contas IT)
  + luong.vu@adecco.com (adecco.com - Senior Consultant (Perm) | Manufacturing & Supply Chain)
  + dkaur@roevin.ca (adecco.com - Talent Consultant)
  + camila.ruiz@adecco.com (adecco.com - Senior Recruitment Consultant - RPO BCP)
  + maximiliano.cerdad@adecco.com (adecco.com - Key Account Manager Logística & Consumo Masivo)
  + georgia.taylor@adecco.com (adecco.com - Principal Recruitment Consultant)
  + natalia.montoya@adecco.com (adecco.com - Gerente Desarrollo de Nuevos Negocios)
  + jparisi@aerotek.com (aerotek.com - Strategic Sales & Operations)
batch 40/46: 50 people, 42 candidates
  + danbrunell@spherion.com (spherion.com - Senior Vice President)
  + brianlytle@spherion.com (spherion.com - Vice President)
  + jessicajerris@spherion.com (spherion.com - Director Enterprise Recruiting)
  + glennagates@spherion.com (spherion.com - Owner)
  + darinwimann@spherion.com (spherion.com - Sr. IT Recruiter and Business Development Manager)
  + angelaswarts@spherion.com (spherion.com - License Owner)
  + pjwright@spherion.com (spherion.com - Senior Recruiter)
  + troythoms@spherion.com (spherion.com - Professional Recruiter)
  + mistiwilliams@spherion.com (spherion.com - Senior Business Development Manager)
  + johnclarson@spherion.com (spherion.com - Recruiting)
  + aftonhartung@spherion.com (spherion.com - Vice President of Sales)
  + angelwade@spherion.com (spherion.com - Director - Technology and Innovation)
  + nassernammari@spherion.com (spherion.com - VP of Product)
  + justinmyrick@spherion.com (spherion.com - Director of Learning and Development)
  + amandawright@spherion.com (spherion.com - Vice President of Business Development & Operations)
  + cindysomers@spherion.com (spherion.com - Owner)
  + tori.rasberry@texasmgmt.com (tmdstaffing.com - Director of Field Operations)
  + haley.baker@texasmgmt.com (tmdstaffing.com - Impacting Business, Building Relationships. “ THE Right People MAKE A Difference “)
  + erika.gomez@texasmgmt.com (tmdstaffing.com - Director)
  + jim.alexander@labormaxstaffing.com (labormax.net - Owner/Operator Texas and Michigan)
  + emily.jordan@labormaxstaffing.com (labormax.net - Owner)
  + alfonso.drouet@laborfinders.com (laborfinders.com - Senior Selling Branch Manager)
  + ellis.mass@laborfinders.com (laborfinders.com - Chief Marketing Officer)
  + lance.harrison@laborfinders.com (laborfinders.com - Branch Manager)
batch 41/46: 50 people, 38 candidates
  + pluttrell@infonaligy.com (infonaligy.com - Senior Advisor)
  + belliott1@peopleready.com (peopleready.com - Account Manager)
  + jleger@peopleready.com (peopleready.com - Regional Vice President)
  + nmoore@peopleready.com (peopleready.com - National Sales Director)
  + rtweedy@peopleready.com (peopleready.com - National Account Manager)
  + jpappas@peopleready.com (peopleready.com - Business Development Manager)
  + dhall1@peopleready.com (peopleready.com - Business Development Representative)
  + mlockett@peopleready.com (peopleready.com - Territory Manager)
  + amasangkay@peopleready.com (peopleready.com - Territory Manager)
  + jsedano@peopleready.com (peopleready.com - Territory Manager)
  + fweber@peopleready.com (peopleready.com - Content Development Specialist)
  + rleblanc@peopleready.com (peopleready.com - Business Development Representative)
  + md@peopleready.com (peopleready.com - Warehouse Associate)
  + snickerson@peopleready.com (peopleready.com - Regional Sales Director, Central & West Regions)
  + icorrales@peopleready.com (peopleready.com - Senior Account Manager)
  + bwininger@peopleready.com (peopleready.com - Staffing Specialist)
  + pkasi-chari@peopleready.com (peopleready.com - Senior Director, Product Management)
  + jschall@peopleready.com (peopleready.com - Business Development Manager)
  + vvargas@peopleready.com (peopleready.com - Regional Vice President)
  + anisha.ameen@lkjordan.com (lkjordan.com - Direct Hire Recruiter)
  + melissa.rodriguez@lkjordan.com (lkjordan.com - Staffing Supervisor)
  + rmankoff@lkjordan.com (lkjordan.com - Senior Direct Hire Recruiter)
  + denisec@lkjordan.com (lkjordan.com - Direct Hire Recruiter (Nationwide))
  + ediaz@defenditservices.com (defenditservices.com - Chief Technology Officer & Partner)
  + dhuston@rx-tech.com (rx-tech.com - VP of Sales and Strategy)
  + diego@g7techservices.com (g7techservices.com - Spain & Latam Master Reseller)
  + marc.goldberg@hightouchinc.com (hightouchtechnologies.com - Fractional Cto/cio)
  + amid@hightouchinc.com (hightouchtechnologies.com - Vice President)
  + kevinc@hightouchinc.com (hightouchtechnologies.com - Sr. Vice President of Information Technology and CIO)
batch 42/46: 50 people, 48 candidates
  + demos.parneros@staples.com (officedepot.com - Member, Retail Advisory Board)
  + cindy.pruss@officedepot.com (officedepot.com - Recruiter)
  + jeffrey.nichols@officedepot.com (officedepot.com - Principal Consultant, Retail Sales, Strategy & Operations)
  + andrea.foster@officedepot.com (officedepot.com - District Sales Manager)
  + pushkar.durve@officedepot.com (officedepot.com - Director, Merchandising (DMM))
  + brian.abromovage@officedepot.com (officedepot.com - Vice President, Business Development)
  + richard.rodriguez@officedepot.com (officedepot.com - Senior Project Manager)
  + perlman@officedepot.com (officedepot.com - Cashier Customer Service)
  + maegen.kusecek@officedepot.com (officedepot.com - Sr Manager, Strategic Private Brand Category Management)
  + farhan.mirza@officedepot.com (officedepot.com - General Manager II Distribution/Fulfillment)
  + brandy.vines@officedepot.com (officedepot.com - Full Life Cycle Recruiter)
  + phil.tucciarone@officedepot.com (officedepot.com - Sr. Director Brand Creative, Marketing and Ecommerce)
  + ranjith.chalasani@officedepot.com (officedepot.com - Sr. Director - Advanced Analytics & Datascience, Business Intelligence & Operations)
  + kevin.moffitt@officedepot.com (officedepot.com - President, Office Depot and OfficeMax)
  + thad.ward@officedepot.com (officedepot.com - Director, Growth Marketing)
  + britnye.kurty@officedepot.com (officedepot.com - Corporate Affairs, Events, PR & Community)
  + john.rorer@officedepot.com (officedepot.com - Accomplished Leader)
  + ricardo.polit@officedepot.com (officedepot.com - Vice President Procurement Strategy & Analytics)
  + mike.mayes@officedepot.com (officedepot.com - Director National Sales - Healthcare)
  + john.puleo@officedepot.com (officedepot.com - Marketing Strategy)
  + anwarraffa@officemax.com (officedepot.com - General Manager)
  + dorit.boxer@officedepot.com (officedepot.com - Major Accounts Manager)
  + andrew.tomlin@officedepot.com (officedepot.com - Vice President- Print & Business Services, Mailing/Shipping and Office Paper)
  + vishnu.srimurthy@officedepot.com (officedepot.com - Vice President, Sales and Operations Planning)
  + manuel.burguete@officedepot.com (officedepot.com - Gerente de Ventas de Servicios de MPS)
  + lewis.bond@officedepot.com (officedepot.com - General Manager Trainer/TSA Pre-Check Support Trainer)
  + sara.jovic@officedepot.com (officedepot.com - Marketing Manager)
  + kathryn.frost@officedepot.com (officedepot.com - Senior Manager - Strategy & Program Management)
  + brittany.peckels@officedepot.com (officedepot.com - Sr Manager, Omni Channel Programs)
  + stephen.cimilluca@officedepot.com (officedepot.com - Managing Director - Enterprise Accounts)
  + lisa.olson@officedepot.com (officedepot.com - Facilities Coordinator)
  + rigoberto.pablo@officedepot.com (officedepot.com - District Manager)
  + tyler.leete@officedepot.com (officedepot.com - District Sales Manager)
  + charles.sipko@officedepot.com (officedepot.com - Sr. Manager, Investigations at Office Depot)
  + christina.sanchez@officedepot.com (officedepot.com - Senior Director, Sales and Corporate Accounting)
  + mailyn.villar@officedepot.com (officedepot.com - Sr Finance Manager)
  + kevin.montano@officedepot.com (officedepot.com - Manager Promotional Email)
  + benjamin.aguilar@officedepot.com (officedepot.com - Sr. Sales Manger)
  + stuart.carter@officedepot.com (officedepot.com - Strategic Business Development Manager Southeast)
  + shaun.hixon@officedepot.com (officedepot.com - Sr. Finance Manager, Corporate FP&A)
  + hugh.linn@officedepot.com (officedepot.com - District Manager)
  + tom.anguiano@officedepot.com (officedepot.com - Paid Search Marketing Manager)
  + jill.musante@officedepot.com (officedepot.com - Senior Manager, International Transportation)
  + mary.bryan@officedepot.com (officedepot.com - Vice President Human Resources)
  + vic@ipersonalyze.com (ipersonalyze.com - Founder, CEO)
batch 43/46: 50 people, 50 candidates
  + liz.hartman@raymondjames.com (raymondjames.com - Mediocre Angler)
  + mark.goldman@raymondjames.com (raymondjames.com - Managing Director, GFS)
  + dave.delcol@raymondjames.com (raymondjames.com - Director, Capital Markets Recruiting)
  + vana.koutsomitis@raymondjames.com (raymondjames.com - Vice President, Wealth Management)
  + heidy.frank@raymondjames.com (raymondjames.com - Financial Advisor)
  + greg.dellinger@raymondjames.com (raymondjames.com - Senior Vice President, Investments)
  + ormand.oneal@raymondjames.com (raymondjames.com - Vice President, Assistant Branch Manager)
  + david.ogman@raymondjames.com (raymondjames.com - Private Wealth Advisor)
  + grace.bernhardt@raymondjames.com (raymondjames.com - Director, Charitable Solutions and Advisor Experience)
  + gaby.adia@raymondjames.com (raymondjames.com - Senior Talent Advisor - Investment Banking Lateral Recruiting)
  + randall.watsek@raymondjames.com (raymondjames.com - Financial Advisor)
  + shawn.varner@edwardjones.com (edwardjones.com - Financial Advisor)
  + stephanie.galvin@edwardjones.com (edwardjones.com - Branch Office Administrator)
  + matt.lichtenstein@edwardjones.com (edwardjones.com - Financial Advisor)
  + jim.elder@edwardjones.com (edwardjones.com - Financial Advisor)
  + amanda.tullis@edwardjones.com (edwardjones.com - Financial Advisor)
  + greg.hall@edwardjones.com (edwardjones.com - Financial Advisor)
  + joey.meininger@edwardjones.com (edwardjones.com - Edward Jones Financial Advisor)
  + jason.dugger@edwardjones.com (edwardjones.com - Financial Advisor)
  + dan.petty@edwardjones.com (edwardjones.com - Financial Advisor)
  + justin.shaw2@edwardjones.com (edwardjones.com - Financial Advisor)
  + brandon.gehle@edwardjones.com (edwardjones.com - Financial Advisor)
  + joshua.hornberger@edwardjones.com (edwardjones.com - Financial Advisor)
  + hristo.sotirov@edwardjones.com (edwardjones.com - Financial Advisor)
  + patrick.clarkin@edwardjones.com (edwardjones.com - Financial Advisor)
  + tricia.barrera@edwardjones.com (edwardjones.com - Financial Advisor)
  + kelly.akil@edwardjones.com (edwardjones.com - Financial Advisor)
  + dusty.degroff@edwardjones.com (edwardjones.com - Financial Advisor)
  + nicolle.balesteri@edwardjones.com (edwardjones.com - Financial Advisor)
  + brian.gadsby@edwardjones.com (edwardjones.com - Financial Advisor)
  + david.oster@edwardjones.com (edwardjones.com - Financial Advisor)
  + scott.mccrea@edwardjones.com (edwardjones.com - Financial Advisor)
  + jeremy.dickstein@edwardjones.com (edwardjones.com - Specialist)
  + timothy.matta@edwardjones.com (edwardjones.com - Associate)
  + kristi.trevino@edwardjones.com (edwardjones.com - Financial Advisor)
  + trish.uhl@edwardjones.com (edwardjones.com - Digital Product Manager, Gen AI | Value Delivery: Prototype Purgatory → Production Success)
  + kate.somerville@edwardjones.com (edwardjones.com - Financial Advisor)
  + chris.klasen@edwardjones.com (edwardjones.com - Financial Advisor)
  + dale.camillo@lpl.com (lpl.com - Financial Advisor)
  + amber.will@lplfinancial.com (lpl.com - PMP)
  + larry.newell@lpl.com (lpl.com - CFP®, ChFC®)
  + jason.trippett@lpl.com (lpl.com - Financial Advisor)
  + craig.strow@lpl.com (lpl.com - Financial Advisor)
  + li.tian@lpl.com (lpl.com - Certified Financial Planner™)
  + marc.gammon@lplfinancial.com (lpl.com - Executive Search)
batch 44/46: 50 people, 49 candidates
  + ichoi@ortc.com (oldrepublictitle.com - Sales Executive)
  + mlyons@ortc.com (oldrepublictitle.com - Escrow Officer)
  + brittany.mussett@stewart.com (stewart.com - Senior Talent Acquisition Specialist)
  + jean.wankel@stewart.com (stewart.com - Licensed Senior Escrow Officer)
  + iftikhar.haider@stewart.com (stewart.com - QA Trainer/Consultant)
  + craig.bressman@stewart.com (stewart.com - Business Development Manager)
  + frank.laisch@stewart.com (stewart.com - Agency Services Account Executive)
  + mohsin.rizwan@stewart.com (stewart.com - Senior Tech Analyst - Product Quality)
  + talha.sharif@stewart.com (stewart.com - Senior QA Engineer)
  + michele.ponce@stewart.com (stewart.com - Agency Manager)
  + bharti.sharma@stewart.com (stewart.com - Talent Acquisition Manager)
  + aqsa.zia@stewart.com (stewart.com - IT Business Support Specialist I - AppDev)
  + rituja.dixit@stewart.com (stewart.com - Sr. Software Engineer)
  + rishikesh.vajpayee@stewart.com (stewart.com - Research Executive)
  + bburgeson@moneyconcepts.com (moneyconcepts.com - Director of Talent Acquisition)
batch 45/46: 50 people, 17 candidates
  + heather.twardus@lennartitle.com (lennartitle.com - Business Development Manager)
  + heathera@independencetitle.com (independencetitle.com - Attorney/Branch Manager/Escrow Officer)
  + slambright@independencetitle.com (independencetitle.com - Business Development, Lakes & Luxury)
  + bpitman@independencetitle.com (independencetitle.com - CEO/Co-Founder)
  + mmacejewski@independencetitle.com (independencetitle.com - VP San Antonio Area Manager)
  + kzepeda@independencetitle.com (independencetitle.com - Business Development)
batch 46/46: 2 people, 2 candidates
  + kyla@texasinvestorstitle.com (texasinvestorstitle.com - Escrow Officer)
DONE. new=1180 total=1484
