Leads remaining: 2007 (already processed: 109)
  [1/2007] + mayda@jhplumbingcorporation.com  (JH Plumbing — Office Manager)
  [20/2007] Car wash: too generic — 8 distinct orgs matched, skipped as ambiguous
  [36/2007] + akeem@terminix-triad.com  (Terminix — Branch Manager)
  [40/2007] processed so far... (2 emails found)
  [55/2007] CAR WASH: too generic — 8 distinct orgs matched, skipped as ambiguous
  [60/2007] processed so far... (2 emails found)
  [80/2007] processed so far... (2 emails found)
  [83/2007] + jason@stewartplumbin.com  (Stewart Plumbing Co. — Business Owner)
  [100/2007] processed so far... (3 emails found)
  [109/2007] Star Cleaning - Cleaning Service: 1 result(s) but none name-matched (top: 'Silver Star Cleaning Service') — skipped
  [110/2007] gscleaningserv: 1 result(s) but none name-matched (top: 'God Save the Clean LLC') — skipped
  [120/2007] processed so far... (3 emails found)
  [130/2007] + aaron.wagner@felps.us  (Floresville Electric Light — Chief Executive Officer)
  [131/2007] Floresville Electric Light & Power System: 7 result(s) but none name-matched (top: 'Floresville Electric Light and Power System') — skipped
  [140/2007] processed so far... (4 emails found)
  [160/2007] processed so far... (4 emails found)
  [180/2007] processed so far... (4 emails found)
  [183/2007] + micky@bakery.agency  (Bakery — Principal/ Chief Creative Officer)
  [200/2007] processed so far... (5 emails found)
  [215/2007] D C Plumbing: 1 result(s) but none name-matched (top: 'D & D PLUMBING HEATING AND A/C INC') — skipped
  [220/2007] Annie Pest Control: 1 result(s) but none name-matched (top: 'Annie Oakley Pest Control') — skipped
  [220/2007] processed so far... (5 emails found)
  [234/2007] Beauty Boutique: too generic — 4 distinct orgs matched, skipped as ambiguous
  [240/2007] processed so far... (5 emails found)
  [250/2007] Corpus Christi: too generic — 5 distinct orgs matched, skipped as ambiguous
  [260/2007] processed so far... (5 emails found)
  [268/2007] Script: too generic — 2 distinct orgs matched, skipped as ambiguous
  [280/2007] processed so far... (5 emails found)
  [293/2007] Health Massage: too generic — 3 distinct orgs matched, skipped as ambiguous
  [300/2007] processed so far... (5 emails found)
  [301/2007] Car Wash: too generic — 8 distinct orgs matched, skipped as ambiguous
  [320/2007] processed so far... (5 emails found)
  [340/2007] processed so far... (5 emails found)
  [346/2007] Baker LLC: 10 result(s) but none name-matched (top: 'Baker & Associates, LLC') — skipped
  [350/2007] Furever Pet Sitting: 1 result(s) but none name-matched (top: 'Furever Friends Pet Sitting') — skipped
  [352/2007] + linda.goodrich@vectorcag.com  (Vector Control — Director of Marketing)
  [360/2007] processed so far... (6 emails found)
  [365/2007] Alterations: too generic — 6 distinct orgs matched, skipped as ambiguous
  [380/2007] processed so far... (6 emails found)
  [386/2007] Bnt Plumbing: 1 result(s) but none name-matched (top: 'B-n-T Plumbing LLC') — skipped
  [400/2007] Car Wash: too generic — 8 distinct orgs matched, skipped as ambiguous
  [420/2007] processed so far... (6 emails found)
  [440/2007] processed so far... (6 emails found)
  [460/2007] processed so far... (6 emails found)
  [461/2007] Reflections Salon: too generic — 2 distinct orgs matched, skipped as ambiguous
  [472/2007] Performance Diesel: too generic — 2 distinct orgs matched, skipped as ambiguous
  [480/2007] processed so far... (6 emails found)
  [500/2007] processed so far... (6 emails found)
  [520/2007] processed so far... (6 emails found)
  [534/2007] Coin Laundry: too generic — 2 distinct orgs matched, skipped as ambiguous
  [540/2007] processed so far... (6 emails found)
  [555/2007] Food Trucks: too generic — 2 distinct orgs matched, skipped as ambiguous
  [556/2007] Food Trucks: too generic — 2 distinct orgs matched, skipped as ambiguous
  [560/2007] processed so far... (6 emails found)
  [580/2007] processed so far... (6 emails found)
  [588/2007] Tamales: too generic — 6 distinct orgs matched, skipped as ambiguous
  [589/2007] C Store: too generic — 2 distinct orgs matched, skipped as ambiguous
  [600/2007] processed so far... (6 emails found)
  [620/2007] processed so far... (6 emails found)
  [635/2007] Professional cleaning services: too generic — 4 distinct orgs matched, skipped as ambiguous
  [640/2007] processed so far... (6 emails found)
  [653/2007] ImagineArt: 10 result(s) but none name-matched (top: 'Imagine Art') — skipped
  [660/2007] processed so far... (6 emails found)
  [680/2007] processed so far... (6 emails found)
  [700/2007] Studio Collective: 5 result(s) but none name-matched (top: 'Mindful Collective Studio') — skipped
  [700/2007] processed so far... (6 emails found)
  [720/2007] processed so far... (6 emails found)
  [740/2007] processed so far... (6 emails found)
  [742/2007] A & A auto service: 1 result(s) but none name-matched (top: 'A To Z Auto Repair Service') — skipped
  [751/2007] Cj's cleaning Service: 1 result(s) but none name-matched (top: 'Cjs Cleaning Service') — skipped
  [772/2007] Tree Trimming: too generic — 2 distinct orgs matched, skipped as ambiguous
  [780/2007] processed so far... (6 emails found)
  [800/2007] processed so far... (6 emails found)
  [801/2007] R & R Plumbing: 6 result(s) but none name-matched (top: 'Emergency Plumbing Service & HVAC/R') — skipped
  [820/2007] processed so far... (6 emails found)
  [840/2007] processed so far... (6 emails found)
  [855/2007] CBA: 10 result(s) but none name-matched (top: 'Cba Automation Inc') — skipped
  [860/2007] processed so far... (6 emails found)
  [864/2007] Tires and tires: 8 result(s) but none name-matched (top: 'Rollos Tires and Wheels') — skipped
  [880/2007] processed so far... (6 emails found)
  [885/2007] Bright Cleaning Services: too generic — 2 distinct orgs matched, skipped as ambiguous
  [892/2007] Carpet Cleaning PRO: 2 result(s) but none name-matched (top: 'Fiber Pro Carpet Cleaning') — skipped
  [900/2007] processed so far... (6 emails found)
  [902/2007] Services: too generic — 4 distinct orgs matched, skipped as ambiguous
  [920/2007] processed so far... (6 emails found)
  [926/2007] Laundromat: too generic — 7 distinct orgs matched, skipped as ambiguous
  [940/2007] processed so far... (6 emails found)
  [951/2007] Plumbing: too generic — 7 distinct orgs matched, skipped as ambiguous
  [952/2007] + jose@northsideservices.com  (North Side Air Conditioning — Owner)
  [960/2007] processed so far... (7 emails found)
  [965/2007] Air Laredo: 1 result(s) but none name-matched (top: 'Temper Mechanical Air & Heat Laredo') — skipped
  [980/2007] processed so far... (7 emails found)
  [992/2007] Fence World: 2 result(s) but none name-matched (top: 'World Fence News') — skipped
  [997/2007] + adam@sunsetpoolsinc.com  (Sunset Pools — Owner)
  [1000/2007] processed so far... (8 emails found)
  [1002/2007] City Service Inc.: 7 result(s) but none name-matched (top: 'Alamo City Truck Service Inc') — skipped
  [1020/2007] processed so far... (8 emails found)
  [1037/2007] tire shop: too generic — 9 distinct orgs matched, skipped as ambiguous
  [1040/2007] processed so far... (8 emails found)
  [1052/2007] Food truck: too generic — 3 distinct orgs matched, skipped as ambiguous
  [1060/2007] processed so far... (8 emails found)
  [1064/2007] Locus CO: 9 result(s) but none name-matched (top: 'Locus Construction') — skipped
  [1080/2007] processed so far... (8 emails found)
  [1089/2007] + emartinez@weemovelaredo.com  (Move Laredo — Business Owner)
  [1100/2007] processed so far... (9 emails found)
  [1120/2007] processed so far... (9 emails found)
  [1140/2007] processed so far... (9 emails found)
  [1141/2007] Family Pest Control: too generic — 2 distinct orgs matched, skipped as ambiguous
  [1160/2007] processed so far... (9 emails found)
  [1180/2007] processed so far... (9 emails found)
  [1187/2007] + michael.avila@abm.com  (ABM Janitorial Services — Regional Director of Operations)
  [1194/2007] Bizzy Bees Childcare & Preschool Inc.: 1 result(s) but none name-matched (top: 'Bizzy Bees Childcare And Preschool Inc.') — skipped
  [1200/2007] A1 Movers: too generic — 2 distinct orgs matched, skipped as ambiguous
  [1220/2007] processed so far... (10 emails found)
  [1234/2007] Ace Fencing: 2 result(s) but none name-matched (top: 'Ace Quality Fencing') — skipped
  [1240/2007] processed so far... (10 emails found)
  [1246/2007] + valeria@starspangledproperties.com  (STAR SPA — Marketing Director)
  [1247/2007] Blush: 10 result(s) but none name-matched (top: 'Blush Dallas Salon') — skipped
  [1255/2007] Texas Tire: too generic — 3 distinct orgs matched, skipped as ambiguous
  [1260/2007] processed so far... (11 emails found)
  [1261/2007] Hand Wash: 10 result(s) but none name-matched (top: 'SOAP Hand Car Wash') — skipped
  [1280/2007] processed so far... (11 emails found)
  [1300/2007] processed so far... (11 emails found)
  [1318/2007] Laundromat: too generic — 7 distinct orgs matched, skipped as ambiguous
  [1320/2007] processed so far... (11 emails found)
  [1322/2007] Washateria: too generic — 3 distinct orgs matched, skipped as ambiguous
  [1323/2007] WASHATERIA: too generic — 3 distinct orgs matched, skipped as ambiguous
  [1340/2007] processed so far... (11 emails found)
  [1351/2007] Current Electric: too generic — 2 distinct orgs matched, skipped as ambiguous
  [1360/2007] processed so far... (11 emails found)
  [1380/2007] processed so far... (11 emails found)
  [1400/2007] processed so far... (11 emails found)
  [1407/2007] NANAS KITCHEN: 4 result(s) but none name-matched (top: "Nana's Kitchen Catering Company") — skipped
  [1420/2007] processed so far... (11 emails found)
  [1435/2007] + shala@shalaphotography.com  (Wilson Photography — Owner, Brand Photographer)
  [1440/2007] processed so far... (12 emails found)
  [1444/2007] + esme@lonewoofgrooming.com  (Lone Woof Grooming — Owner/Operator)
  [1446/2007] + ian@rainbowplumbingcivil.com.au  (Rainbow Plumbing — Manager)
  [1452/2007] A/C Services: too generic — 3 distinct orgs matched, skipped as ambiguous
  [1477/2007] Clear View: too generic — 3 distinct orgs matched, skipped as ambiguous
  [1480/2007] processed so far... (14 emails found)
  [1484/2007] + sharon.hill@monaibeautyco.com  (Beauty&Co. — Small Business Owner)
  [1497/2007] Tire Shop: too generic — 9 distinct orgs matched, skipped as ambiguous
  [1500/2007] processed so far... (15 emails found)
  [1513/2007] + paty@sweettoothhotel.com  (Sweet Tooth — General Manager)
  [1519/2007] + jennifer@dallasrugcleaner.com  (Oriental Rug Cleaning — Office Manager)
  [1520/2007] processed so far... (17 emails found)
  [1540/2007] processed so far... (17 emails found)
  [1556/2007] Electrical Systems: too generic — 6 distinct orgs matched, skipped as ambiguous
  [1560/2007] processed so far... (17 emails found)
  [1571/2007] + isabellenigro@remax.net  (Salon M — Owner/Hairstylist)
  [1580/2007] processed so far... (18 emails found)
  [1595/2007] Maid For You: too generic — 2 distinct orgs matched, skipped as ambiguous
  [1600/2007] processed so far... (18 emails found)
  [1620/2007] processed so far... (18 emails found)
  [1640/2007] processed so far... (18 emails found)
  [1652/2007] + maciej@ki-simplesolutions.com  (Simple Solutions — CEO and Owner in Keep IT Simple Solutions)
  [1660/2007] processed so far... (19 emails found)
  [1668/2007] COIN LAUNDRY: too generic — 2 distinct orgs matched, skipped as ambiguous
  [1680/2007] processed so far... (19 emails found)
  [1691/2007] Preventative: too generic — 4 distinct orgs matched, skipped as ambiguous
  [1694/2007] Barbershop: too generic — 7 distinct orgs matched, skipped as ambiguous
  [1700/2007] processed so far... (19 emails found)
  [1720/2007] processed so far... (19 emails found)
  [1728/2007] + j.kindler@tlclawncare.com  (Total Lawn Care — Owner)
  [1740/2007] processed so far... (20 emails found)
  [1758/2007] + devonne@atxelectricalservices.com  (ATX Electric — Business Office Manager)
  [1762/2007] All Star Roofing: too generic — 2 distinct orgs matched, skipped as ambiguous
  [1763/2007] Knight Roofing: 2 result(s) but none name-matched (top: 'Green Knight® Metal Roofing') — skipped
  [1770/2007] YOUR HANDYMAN: 3 result(s) but none name-matched (top: 'Handyman At Your Service') — skipped
  [1780/2007] processed so far... (21 emails found)
  [1800/2007] processed so far... (21 emails found)
  [1820/2007] processed so far... (21 emails found)
  [1831/2007] Moon: 10 result(s) but none name-matched (top: 'MOON Ultra') — skipped
  [1840/2007] LAUNDROMAT: too generic — 7 distinct orgs matched, skipped as ambiguous
  [1860/2007] processed so far... (21 emails found)
  [1880/2007] processed so far... (21 emails found)
  [1887/2007] Salon Suites: too generic — 9 distinct orgs matched, skipped as ambiguous
  [1888/2007] Salon Suites: too generic — 9 distinct orgs matched, skipped as ambiguous
  [1900/2007] processed so far... (21 emails found)
  [1907/2007] Tattoos: too generic — 8 distinct orgs matched, skipped as ambiguous
  [1912/2007] Auto AC: 1 result(s) but none name-matched (top: 'AC Auto Panels') — skipped
  [1920/2007] processed so far... (21 emails found)
  [1935/2007] Bright Cleaning Services: too generic — 2 distinct orgs matched, skipped as ambiguous
  [1940/2007] processed so far... (21 emails found)
  [1960/2007] processed so far... (21 emails found)
  [1966/2007] Coin Laundry: too generic — 2 distinct orgs matched, skipped as ambiguous
  [1972/2007] C&C Photography: 2 result(s) but none name-matched (top: 'C. Rene Photography') — skipped
  [1980/2007] processed so far... (21 emails found)
  [1999/2007] + anshul@garlandheatingandair.com  (Heating and Air Conditioning — Chief Executive Officer)
  [2000/2007] processed so far... (22 emails found)

=== Done. New emails: 22. Zero-Apollo-footprint: 1916/2007. Total contacts: 24 ===
