Domains to sweep broadly: 901
batch 1/46: 50 people, 30 candidates
  + loveland@celebratedental.com (celebratedental.com - Orthodontist)
  + yates@celebratedentalkc.com (celebratedental.com - Dentist)
  + chrisly@celebratedental.com (celebratedental.com - None)
  + genibave@celebratedental.com (celebratedental.com - None)
  + georgia@celebratedental.com (celebratedental.com - Dental Assistant)
  + jpaul@celebratedental.com (celebratedental.com - Regional Orthodontic Manager)
  + ferguson@celebratedental.com (celebratedental.com - Founder and CEO)
  + melanie@celebratedental.com (celebratedental.com - Registered Dental Hygienist)
batch 2/46: 50 people, 50 candidates
  + erica@familiadental.com (familiadental.com - Office Manager)
  + svelazquez@familiadental.com (familiadental.com - Human Resources Specialist)
  + aotten@familiadental.com (familiadental.com - Operations Manager)
  + nellie@familiadental.com (familiadental.com - Community Relations Coordinator)
  + simon.castrejon@familiadental.com (familiadental.com - Dental Assistant)
  + rocio@familiadental.com (familiadental.com - Insurance Department Supervisor)
  + jrios@familiadental.com (familiadental.com - Dental Assistant)
  + tmuro@familiadental.com (familiadental.com - Customer Services Agent)
  + bcendrowski@familiadental.com (familiadental.com - Recruitment Specialist)
  + avillagomez@familiadental.com (familiadental.com - Billing Specialist)
  + avalle2@familiadental.com (familiadental.com - Community Relations Coordinator)
  + mvargas6@familiadental.com (familiadental.com - Ortho Treament Coordinator)
  + descobar@familiadental.com (familiadental.com - Supervisor, Billing and Collections)
  + bcalloni@familiadental.com (familiadental.com - Lead Expanded Functions Dental Assistant)
  + kkupiec@familiadental.com (familiadental.com - Zahnarztassistentin)
  + mgallarzo@familiadental.com (familiadental.com - Dental Assistant)
  + kgamboa@familiadental.com (familiadental.com - Call Center Representative)
  + abeaufort@familiadental.com (familiadental.com - Lead Dental Assistant)
  + ytovar@familiadental.com (familiadental.com - Dental Assistant)
  + sjimenez@familiadental.com (familiadental.com - Dental Assistant)
  + nmarcano@familiadental.com (familiadental.com - Dental Assistant)
  + amarillo@familiadental.com (familiadental.com - Office Manager)
  + cengberg@familiadental.com (familiadental.com - Accounts Payable Specialist)
  + nbhakta@familiadental.com (familiadental.com - Dental Assistant)
  + vbustamante@familiadental.com (familiadental.com - EFDA)
  + kcolgan@familiadental.com (familiadental.com - Office Manager)
  + gpacheco@familiadental.com (familiadental.com - Lead)
  + estearns@familiadental.com (familiadental.com - Enrollment Admin)
  + khunt@familiadental.com (familiadental.com - Dental Assistant)
  + mtonche@familiadental.com (familiadental.com - Dental Assistant)
  + hschlader@familiadental.com (familiadental.com - Cash Payment Poster)
  + kkirby@familiadental.com (familiadental.com - Dental Assistant)
  + cstroud@familiadental.com (familiadental.com - Billing Submitter Coordinator)
  + lshrubs@familiadental.com (familiadental.com - Registered Dental Assistant)
  + tmanns@familiadental.com (familiadental.com - Community Relations Coordinator)
  + tprince@familiadental.com (familiadental.com - Dental Assistant)
batch 3/46: 50 people, 50 candidates
  + drabrier@aspendental.com (aspendental.com - Dentist)
  + dwickes@aspendental.com (aspendental.com - Vice President, FP&A (Field Finance))
  + toshepherd@aspendental.com (aspendental.com - Onboarding Experience Manager)
  + brett.gordon@aspendental.com (aspendental.com - Division Director of Human Resources)
  + rebecca.plassmeyer@aspendental.com (aspendental.com - Senior Talent Acquisition Manager - Dental Hygiene)
  + nikita.rungta@aspendental.com (aspendental.com - Lead Dentist)
  + nathan.odonnell@aspendental.com (aspendental.com - Talent Acquisition Manager)
  + kassondra.michno@aspendental.com (aspendental.com - Managing Clinical Director)
  + katie.mcelligott@aspendental.com (aspendental.com - Creative Director)
  + reanna.brown@aspendental.com (aspendental.com - Operations Manager)
  + sedale.mullen@aspendental.com (aspendental.com - Talent Acquisition Manager)
  + allyson.bottom@aspendental.com (aspendental.com - Senior Manager, Recruitment Marketing)
  + karcher@aspendental.com (aspendental.com - Dental Hygienist)
  + luke.peacock@aspendental.com (aspendental.com - None)
  + amber.schwartz@aspendental.com (aspendental.com - Director of Operations)
  + whitney.white@aspendental.com (aspendental.com - Dentist)
  + christian.ayeni@aspendental.com (aspendental.com - Dental Practice Owner)
  + sburkhart@aspendental.com (aspendental.com - Talent Acquisition Manager)
  + david.lee@aspendental.com (aspendental.com - Oral and Maxillofacial Surgeon)
  + sdowns@aspendental.com (aspendental.com - Registered Dental Hygienist)
  + hugh.baldus@aspendental.com (aspendental.com - Director, Practice Ownership)
  + jasmine.mcfarlane@aspendental.com (aspendental.com - Creative Project Manager)
  + mchaney@aspendental.com (aspendental.com - Director, Operations Finance & Strategy)
  + joshua.golden@aspendental.com (aspendental.com - Managing Clinical Director)
  + sharon.anthony@aspendental.com (aspendental.com - Operations Manager)
  + justin.goodrich@aspendental.com (aspendental.com - Senior Product Manager)
  + john.olson@aspendental.com (aspendental.com - Sr. Marketing Manager)
  + sean.drout@aspendental.com (aspendental.com - Principal, Business Intelligence Analyst)
  + j.thompson@aspendental.com (aspendental.com - Practice Owner)
  + paul.karpinski@aspendental.com (aspendental.com - Field Human Resources Manager)
  + ryan.kiehlmeier@aspendental.com (aspendental.com - Specialty Talent Acquisition Manager)
  + angad.singh@aspendental.com (aspendental.com - Managing Clinical Director)
  + neiko.johnson@aspendental.com (aspendental.com - Manager to Owner)
  + pierra.pulliam@aspendental.com (aspendental.com - Territory Manager of Hygiene Support)
  + jungsoo.nam@aspendental.com (aspendental.com - Associate Dentist)
  + jonathan.mcmurry@doctorsinternet.com (aspendental.com - Jamf Pro/ Apple Mobility Admin)
  + emefa.amartey@aspendental.com (aspendental.com - Reporting Analyst)
  + mark.lill@aspendental.com (aspendental.com - Director, Facilities & Building Operations)
  + alysha.morgan@aspendental.com (aspendental.com - Talent Acquisition Manager)
  + katie.zlajic@aspendental.com (aspendental.com - Senior Marketing Manager)
  + gsowers@aspendental.com (aspendental.com - Dental Prosthetics Lab Manager)
  + aleah.velez@aspendental.com (aspendental.com - Dental Assistant)
  + denise.bukowy@aspendental.com (aspendental.com - Human Resources Director)
  + jamal.kassir@aspendental.com (aspendental.com - Managing Clinical Director)
  + tara.hurd@aspendental.com (aspendental.com - Regional Manager of Practice Support)
  + jacob.thomas@aspendental.com (aspendental.com - Executive IT Support Specialist)
  + stephanie.thibodeaux@aspendental.com (aspendental.com - Operations Manager)
  + latasha.jaquez@aspendental.com (aspendental.com - Account Manager)
  + melanie.richard@aspendental.com (aspendental.com - Associate Dentist)
batch 4/46: 50 people, 1 candidates
batch 5/46: 50 people, 50 candidates
  + mclane.townsend@rodeodental.com (rodeodental.com - Senior Director of Strategic Finance)
  + n.gamez@rodeodental.com (rodeodental.com - Assistant Controller)
  + j.luttrell@rodeodental.com (rodeodental.com - DFW Regional Leader)
  + courtney.pfaff@rodeodental.com (rodeodental.com - Operations Manager)
  + j.medl@rodeodental.com (rodeodental.com - Sr. Doctor Recruiter)
  + d.williams@rodeodental.com (rodeodental.com - Director of Facilities and Procurement)
  + r.beckett@rodeodental.com (rodeodental.com - Office Lead)
  + d.torres@rodeodental.com (rodeodental.com - Regional Operations Leader)
  + a.diaz@rodeodental.com (rodeodental.com - Regional Outreach Manager)
  + l.hinojosa@rodeodental.com (rodeodental.com - Senior Data Engineer)
  + ben@rodeodental.com (rodeodental.com - Chief Information Officer)
  + fabiola.rodriguez@rodeodental.com (rodeodental.com - Credentialing Manager)
  + logan.lopez@rodeodental.com (rodeodental.com - Assistant Vice President of Operations)
  + doctors@rodeodental.com (rodeodental.com - Dentist)
  + m.jimenez@rodeodental.com (rodeodental.com - Billing Specialist)
  + j.holbrook@rodeodental.com (rodeodental.com - Project Leader | Special Projects)
  + j.perez@rodeodental.com (rodeodental.com - Recruiter)
  + a.randall@rodeodental.com (rodeodental.com - VP of Revenue Cycle Management)
  + dr.s.patel@rodeodental.com (rodeodental.com - Director of Cinical Onboarding)
  + dr.s.borra@rodeodental.com (rodeodental.com - Associate Dentist)
  + andreacasteal@mintdentistry.com (mintdentistry.com - Patient Concierge)
  + leonardjohnson@mintdentistry.com (mintdentistry.com - Lead Associate Dentist)
  + jadabrown@mintdentistry.com (mintdentistry.com - Front Desk Associate)
  + jordanmcdaniel@mintdentistry.com (mintdentistry.com - Regional Manager)
  + kinseyscoggins@mintdentistry.com (mintdentistry.com - Recruiter)
  + rowenawinfrey@mintdentistry.com (mintdentistry.com - Scheduling Coordinator)
  + korihardaway@mintdentistry.com (mintdentistry.com - Dental Director)
  + emilyellis@mintdentistry.com (mintdentistry.com - Executive Assistant to Chief Operations Officer)
  + taylorpiercey@mintdentistry.com (mintdentistry.com - Registered Dental Hygienist)
  + domingomartinez@mintdentistry.com (mintdentistry.com - Office Manager)
  + joshuapowers@mintdentistry.com (mintdentistry.com - Digital Ads & Paid Search Specialist)
  + emilydiacek@mintdentistry.com (mintdentistry.com - Registered Dental Hygienist)
  + robertomontealvo@mintdentistry.com (mintdentistry.com - Controller)
  + mikecooper@mintdentistry.com (mintdentistry.com - Database Administrator)
  + brandonweirather@puredallas.com (mintdentistry.com - Registered Dental Hygienist)
  + smyrna@mintdentistry.com (mintdentistry.com - Elite Associate Dentist)
  + sandy@jeffersondentalclinics.com (jeffersondentalclinics.com - Corporate Controller)
  + kwatts@jdcweb.com (jeffersondentalclinics.com - Procurement Director)
  + eatwood@jdcweb.com (jeffersondentalclinics.com - Regional Human Resources Generalist)
  + mjones@jdcweb.com (jeffersondentalclinics.com - RCM Manager at Jefferson Dental)
  + seth@msrpsa.com (mstagersrealtypartners.com - Licensed Realtor)
  + kerry@msrpsa.com (mstagersrealtypartners.com - Real Estate Agent)
  + libby@msrpsa.com (mstagersrealtypartners.com - Real Estate Agent)
  + dan@msrpsa.com (mstagersrealtypartners.com - Licensed Realtor ABR)
  + drita@msrpsa.com (mstagersrealtypartners.com - Realtor®)
  + karen@msrpsa.com (mstagersrealtypartners.com - Real Estate Agent)
  + ara@msrpsa.com (mstagersrealtypartners.com - Broker Associate, Realtor®)
  + aniza@msrpsa.com (mstagersrealtypartners.com - Realtor)
  + jgonzalez@monarchdental.com (monarchdental.com - Oral Surgeon)
  + laura@fwdentalarts.com (fwdentalarts.com - Attorney)
batch 6/46: 50 people, 49 candidates
  + brandon@kwlimpact.com (kellerwilliamssa.com - Director of Relationships/Team Leader)
  + m@realtoratyourservice.com (kellerwilliamssa.com - Real Estate Broker Associate)
  + cherylsmccarter@kw.com (kellerwilliamssa.com - Realtor®)
  + ruth@ruthhorace.com (kellerwilliamssa.com - Realtor®)
  + megan.bohr@kw.com (kellerwilliamssa.com - Assistant MCA)
  + hzein@kw.com (kellerwilliamssa.com - Real Estate Agent)
  + afrazee@kw.com (kellerwilliamssa.com - Real Estate Agent)
  + holly-hammon@kw.com (kellerwilliamssa.com - Realtor)
  + amyd@kw.com (kellerwilliamssa.com - Real Estate Broker)
  + becky@gingersellsthetriangle.com (kellerwilliamssa.com - Realtor)
  + stephanie.arneil@kw.com (kellerwilliamssa.com - Realtor)
  + chiggins@martin.fl.us (kellerwilliamssa.com - Realtor Associate)
  + lisa@lisacannonrealty.com (kellerwilliamssa.com - Real Estate)
  + haifabaydoun@kw.com (kellerwilliamssa.com - Real Estate Agent)
  + kbengoechea@kw.com (kellerwilliamssa.com - Licensed Realtor)
  + tere@thehouselink.com (kellerwilliamssa.com - REAL Estate . Broker Associate)
  + sharice@thegoldeneyegrp.com (kellerwilliamssa.com - Realtor)
  + avyka@jointheempire.net (kellerwilliamssa.com - Licensed Associate Real Estate Broker)
  + mujsanad@kw.com (kellerwilliamssa.com - Real Estate Broker)
  + elaine.ramsay@kw.com (kellerwilliamssa.com - P A)
  + hchedid@kw.com (kellerwilliamssa.com - Realtor)
  + shabina@kw.com (kellerwilliamssa.com - Realtor)
  + v.earle@kw.com (kellerwilliamssa.com - Licensed Realtor®)
  + brendaharry@kw.com (kellerwilliamssa.com - Realtor)
  + alexis@kw.com (kellerwilliamssa.com - Real Estate Agent)
  + jerry_barton@noemail.com (kellerwilliamssa.com - CFO- Kim Barton Group)
  + kathyhuddleston@kw.com (kellerwilliamssa.com - Realtor)
  + tarekaoun@kw.com (kellerwilliamssa.com - Real Estate Agent)
  + kstevens@kw.com (kellerwilliamssa.com - Realtor)
  + cody@kwcommercialsa.com (kellerwilliamssa.com - Commercial Real Estate Agent)
  + strimyer@kw.com (kellerwilliamssa.com - Realtor Sales Associate)
  + kenyahill@kw.com (kellerwilliamssa.com - Licensed Realtor)
  + cfrasier@kw.com (kellerwilliamssa.com - Realtor)
  + camdespain@kw.com (kellerwilliamssa.com - Realtor)
  + samiablaik@kw.com (kellerwilliamssa.com - Real Estate Agent)
  + drubin@kwlimpact.com (kellerwilliamssa.com - Broker of Record and Realtor)
  + travis@anderspierce.com (anderspierce.com - Licensed Real Estate Professional)
  + warren@anderspierce.com (anderspierce.com - Realtor)
  + melanie@anderspierce.com (anderspierce.com - Realtor® GRI, ABR, SRS, RENE, ePRO)
  + fredsantangelo@remax.net (rmnsa.com - Real Estate Consultant at PRG Realty Group)
  + tamartinez@remax.net (rmnsa.com - Real Estate Professional)
  + ruthb@remax.net (rmnsa.com - Licensed Realtor)
  + cornel.berry@remax.net (rmnsa.com - Realtor)
  + darren.cormier@remax.net (rmnsa.com - Team Leader of The Rainmaker Realty Group)
  + denisereus@remax.net (rmnsa.com - Realtor)
  + teronda.wallace@remax.net (rmnsa.com - Licensed Real Estate Agent)
  + marilynsmith@remax.net (rmnsa.com - Realtor)
  + crystal.green@remax.net (rmnsa.com - Realtor)
  + robert@sa-broker.com (xsellencerealtysa.com - Real Estate Broker)
batch 7/46: 11 people, 1 candidates
batch 8/46: 50 people, 1 candidates
  + susan.barringer@kupersir.com (kuperrealty.com - Austin Realtor®, GRI, Clhms)
batch 9/46: 50 people, 48 candidates
batch 10/46: 50 people, 0 candidates
batch 11/46: 9 people, 9 candidates
batch 12/46: 50 people, 50 candidates
  + bboleyn@fordofboerne.com (fordofboerne.com - Parts Counter Salesperson)
  + scastillo@fordofboerne.com (fordofboerne.com - Sales Specialist)
  + lindseyhill@fordofboerne.com (fordofboerne.com - Receptionist)
  + fvalle@fordofboerne.com (fordofboerne.com - Sales Consultant)
  + cthatcher@fordofboerne.com (fordofboerne.com - Car Buyer/ Inventory Manager)
  + ewallace@fordofboerne.com (fordofboerne.com - Business Specialist)
  + bbrady@fordofboerne.com (fordofboerne.com - Finance Manager)
  + jramirez@fordofboerne.com (fordofboerne.com - Sales Consultant)
  + pclarkson@fordofboerne.com (fordofboerne.com - Sales Representative)
  + ehernandez@fordofboerne.com (fordofboerne.com - Automotive Photographer)
  + richard.counts@nissanboerne.com (nissanboerne.com - Technician)
  + jason.crawford@nissanboerne.com (nissanboerne.com - Shop Production Manager)
  + bvaughan@toyotaofboerne.com (toyotaofboerne.com - Business Development / Sales Manager)
  + arodriguez@toyotaofboerne.com (toyotaofboerne.com - Professional Sales Consultant)
  + recheverria@toyotaofboerne.com (toyotaofboerne.com - Automotive Technician)
  + bbarron@toyotaofboerne.com (toyotaofboerne.com - Parts Manager)
  + tbrackenbury@toyotaofboerne.com (toyotaofboerne.com - Manager)
  + b_smith@gunnchevrolet.com (gunnchevrolet.com - Sales)
  + mthomas@gunnchevrolet.com (gunnchevrolet.com - Sales Manager)
  + ameza@gunnauto.com (gunnchevrolet.com - Salesperson)
  + cnuckols@gunnauto.com (gunnchevrolet.com - Service Manager)
  + cbaker@gunnchevrolet.com (gunnchevrolet.com - Sales Consultant)
  + kknight@gunnchevrolet.com (gunnchevrolet.com - Finance Manager)
  + tim@gunnchevrolet.com (gunnchevrolet.com - Service Technician)
  + rdoughty@gunnchevrolet.com (gunnchevrolet.com - Sales Leasing Consultant)
  + mnoble@gunnchevrolet.com (gunnchevrolet.com - Sales Associate)
  + hrobinson@cavenderchevrolet.com (cavenderchevrolet.com - Auto Technician)
  + aacevedo@cavenderchevrolet.com (cavenderchevrolet.com - Service Lane Manager)
  + barbara@boerneauto.com (boernedodge.com - Warranty Administrator)
batch 13/46: 50 people, 48 candidates
  + tina@ahiabenefits.com (ahiabenefits.com - Account Manager)
  + kleibert@stoepelford.com (stoepelford.com - Human Resources Payroll)
  + alopez@stoepelford.com (stoepelford.com - Accounting Clerk)
batch 14/46: 50 people, 50 candidates
  + nick.ramirez@goosehead.com (goosehead.com - Agency Owner)
  + glenn.lubin@goosehead.com (goosehead.com - Agency Owner)
  + david.martz@goosehead.com (goosehead.com - Agency Account Executive)
  + tom.scorza@goosehead.com (goosehead.com - Agency Owner)
  + brandon.elkins@goosehead.com (goosehead.com - Sales Manager)
  + samuel.liggett@goosehead.com (goosehead.com - Senior Corporate Recruiter - Sales)
  + grant.sheets@goosehead.com (goosehead.com - Agency Owner - The Sheets Agency)
  + cody.emerson@goosehead.com (goosehead.com - P&C - Agency Owner)
  + hanah.regan@goosehead.com (goosehead.com - Franchise Development Territory Manager)
  + jacob.brown@goosehead.com (goosehead.com - Director- Franchise Development)
  + anthony.hurtado@goosehead.com (goosehead.com - Sr. Director Carrier Performance)
  + jarod.mccarty@goosehead.com (goosehead.com - Senior Salesforce Analyst)
  + michelle.lomelino@goosehead.com (goosehead.com - Enterprise Sales Agent)
  + rachel.davidson@goosehead.com (goosehead.com - Franchise Development Territory Manager)
  + kaylyn.nantz@goosehead.com (goosehead.com - Franchise Development Territory Manager II)
  + mallory.green@goosehead.com (goosehead.com - Agency Owner)
  + chance.carroll@goosehead.com (goosehead.com - Regional Manager)
  + chelsea.vanzant@goosehead.com (goosehead.com - Veteran Talent Recruiter | HR, Recruiting)
  + charl.lombard@goosehead.com (goosehead.com - Chief Client Experience Officer)
  + chris.duffy@goosehead.com (goosehead.com - Franchise Development Territory Manager)
  + lee.plummer@goosehead.com (goosehead.com - Agency Owner)
  + buchanan.maldonado@goosehead.com (goosehead.com - Enterprise Sales Agent)
  + steve.richardson@goosehead.com (goosehead.com - Owner)
  + brandon.romero@goosehead.com (goosehead.com - Executive Sales Agent)
  + mohit.sharma@goosehead.com (goosehead.com - Manager of Systems Development (Salesforce))
  + al.loges@goosehead.com (goosehead.com - Vice President of Corporate Sales)
  + dion.harrison@goosehead.com (goosehead.com - Director of Enterprise Sales)
  + ethan.waller@goosehead.com (goosehead.com - Director of Salesforce Solutions)
  + karen_k_frey@progressive.com (progressive.com - Sr. Talent Acquisition Advisor, Specialty Talent (Data Science, Actuarial, Accounting))
  + kisha_avon@progressive.com (progressive.com - Senior HR Consultant)
  + thomas_l_butler@progressive.com (progressive.com - IT Director, Cloud)
  + milena_medvedeva@progressive.com (progressive.com - Senior Data Analyst)
  + yukari_yamahiro@progressive.com (progressive.com - Director of Operations, Insights and Experience Design (iXD))
  + saravanakumar_sekar@progressive.com (progressive.com - Lead Data Scientist)
  + helen_dogias@progressive.com (progressive.com - Executive Recruiter - Candidate Developer IV)
  + aamir_k_goriawala@progressive.com (progressive.com - Lead Data Scientist)
  + jeff_moore@progressive.com (progressive.com - Business Leader Claims Process)
  + javier_marte@progressive.com (progressive.com - Senior Software Engineer)
  + teresa_hauck@progressive.com (progressive.com - Change Management Consultant IV)
  + taru_vaid@progressive.com (progressive.com - Sr. Data Scientist)
  + kelly_diamond@progressive.com (progressive.com - Senior Campus Recruiter)
  + anil_tilve@progressive.com (progressive.com - IT Apps Programmer - Commercial Lines)
  + laura_williams@progressive.com (progressive.com - Senior Recruiter - Sourcer)
  + joseph_walton@progressive.com (progressive.com - Insurance Product Management)
  + rebecca_nance@progressive.com (progressive.com - Large Loss Field Claim Manager)
  + benjamin_d_bailey@progressive.com (progressive.com - Senior Recruiter - Data Analytics)
  + raymond_berry@progressive.com (progressive.com - Insurance Agent)
  + kristina_l_anthony@progressive.com (progressive.com - Senior Recruiter)
  + vania_cortez@progressive.com (progressive.com - Senior Data Analyst)
  + haide_hyatt@progressive.com (progressive.com - Senior Human Resources)
batch 15/46: 50 people, 43 candidates
  + christopher.alexander@comparioninsurance.com (comparioninsurance.com - VP, Agency Carrier Partnerships)
  + david.dabel@comparioninsurance.com (comparioninsurance.com - Agency Manager)
  + jennifer.bergeron@comparioninsurance.com (comparioninsurance.com - Sales Representative)
  + paige.wilson@comparioninsurance.com (comparioninsurance.com - Senior Sales Representative)
  + cody.huggins@comparioninsurance.com (comparioninsurance.com - Insurance Professional)
  + paul.walker@comparioninsurance.com (comparioninsurance.com - Assistant Vice President & Region Manager)
  + adam.freitag@comparioninsurance.com (comparioninsurance.com - Agency Manager)
  + brennan.roland@comparioninsurance.com (comparioninsurance.com - Insurance Agent)
  + mark.sturgis@comparioninsurance.com (comparioninsurance.com - Agency Manager)
  + dustin.hopkins@comparioninsurance.com (comparioninsurance.com - Insurance Agent)
  + christopher.valley@comparioninsurance.com (comparioninsurance.com - Executive Sales Representative)
  + bharat.baraili@comparioninsurance.com (comparioninsurance.com - Senior Sales Agent)
  + jenipher.otero@comparioninsurance.com (comparioninsurance.com - Senior Sales Agent)
  + shereen.saleh@comparioninsurance.com (comparioninsurance.com - Insurance Specialist)
  + jazmyn.miller@comparioninsurance.com (comparioninsurance.com - Senior Sales Agent)
  + anica.mckesey@comparioninsurance.com (comparioninsurance.com - Senior Sales Agent)
  + tarajo.olson@comparioninsurance.com (comparioninsurance.com - Executive Insurance Agent at Comparion | Personal Lines Property & Casualty | Life Ins | Annuities)
  + caitlin.ketchum@comparioninsurance.com (comparioninsurance.com - Agency Manager)
  + amber.preziosi@comparioninsurance.com (comparioninsurance.com - Insurance Agent)
  + kryslin.johnson@comparioninsurance.com (comparioninsurance.com - Agency Manager)
  + stephanie.snyder@comparioninsurance.com (comparioninsurance.com - Executive Sales Agent)
  + london.jacobs@comparioninsurance.com (comparioninsurance.com - Licensed Insurance Agent)
  + danielle.fontes@comparioninsurance.com (comparioninsurance.com - Agency Manager)
  + steven.goldsmith@comparioninsurance.com (comparioninsurance.com - Insurance Agent at Comparion Insurance Agency)
  + eddie.cruz@comparioninsurance.com (comparioninsurance.com - Licensed Insurance Agent)
  + kelsey.prescott@comparioninsurance.com (comparioninsurance.com - Sales Agent)
  + melodie.devel@comparioninsurance.com (comparioninsurance.com - Sales Director)
  + whittak.sun@comparioninsurance.com (comparioninsurance.com - Hall of Fame Executive Sales Agent)
  + robert.king02@comparioninsurance.com (comparioninsurance.com - Agent)
  + stuart.ninabuck@comparioninsurance.com (comparioninsurance.com - Executive Sales Agent)
  + george.vigario@comparioninsurance.com (comparioninsurance.com - Lead Sales Agent)
  + amber.ison@comparioninsurance.com (comparioninsurance.com - Senior Sales Agent)
  + kyle.simmons@comparioninsurance.com (comparioninsurance.com - Senior Sales Agent)
  + janie.valdez@comparioninsurance.com (comparioninsurance.com - Senior InsInsurance Agent)
  + ashley.seeger@comparioninsurance.com (comparioninsurance.com - Sales Associate)
  + kijuan.sloan@comparioninsurance.com (comparioninsurance.com - Insurance Agent)
  + nichole.frick@comparioninsurance.com (comparioninsurance.com - Comparion Insurance Agent)
  + olivia.devescovi@comparioninsurance.com (comparioninsurance.com - Home Insurance Specialist)
  + dev.patel@fredloya.com (fredloya.com - Senior Managing Attorney)
  + muizz@getaiu.com (aiunited.com - GM)
batch 16/46: 50 people, 50 candidates
  + ellen@firstinsagency.com (firstinsagency.com - Commercial Insurance Agent Sales and Servicing)
  + sherry@firstinsagency.com (firstinsagency.com - Personal Lines Insurance Agent Sales & Service)
  + brian@firstinsagency.com (firstinsagency.com - Licensed Sales Producer)
  + cody@firstinsagency.com (firstinsagency.com - Insurance Agent)
  + baylee@garrettinsurance.com (garrettinsurance.com - Insurance Agent)
  + carolyn@garrettinsurance.com (garrettinsurance.com - Accounting Associate)
  + pam@garrettinsurance.com (garrettinsurance.com - Administrative Assistant)
  + melissa@garrettinsurance.com (garrettinsurance.com - None)
  + michelle@garrettinsurance.com (garrettinsurance.com - Commercial Insurance Agent)
  + patty@garrettinsurance.com (garrettinsurance.com - Bookkeeper)
  + bob@garrettinsurance.com (garrettinsurance.com - Business Development Agent)
  + epluta@fcisinsurance.com (tx.fcisinsurance.com - Licensed Property & Casualty Insurance Agent)
  + kbuffington@fcisinsurance.com (tx.fcisinsurance.com - Finance & Licensing Manager, HR Administrator)
  + jchrist@fcisinsurance.com (tx.fcisinsurance.com - Sales Professional)
  + jhidalgo@fcisinsurance.com (tx.fcisinsurance.com - Customer Service Agent)
  + ppaulsen@fcisinsurance.com (tx.fcisinsurance.com - Accountant/HR Assistant)
  + kbolden@fcisinsurance.com (tx.fcisinsurance.com - SR Agt)
  + jlindblom@fcisinsurance.com (tx.fcisinsurance.com - Commercial/Specialty Agent)
  + leann@yatesinsurance.com (yatesinsurance.com - Insured Agent)
  + amber@yatesinsurance.com (yatesinsurance.com - Office Manager)
  + joana@yatesinsurance.com (yatesinsurance.com - None)
  + dsilver@fiestainsurance.com (fiestainsurance.com - Franchisee)
  + mponce@fiestainsurance.com (fiestainsurance.com - 440 Customer Service Insurance Agent)
  + amaradiaga@fiestainsurance.com (fiestainsurance.com - Public Relations)
  + emacias@fiestainsurance.com (fiestainsurance.com - Underwriter Supervisor)
  + zsanchez@fiestainsurance.com (fiestainsurance.com - Insurance Agent)
  + sfranco@fiestainsurance.com (fiestainsurance.com - Insurance Agent)
  + oscar.fuentes@fiestainsurance.com (fiestainsurance.com - Branch Manager)
  + fmedina@fiestainsurance.com (fiestainsurance.com - Busnissess Owner)
  + obarcelo@fiestainsurance.com (fiestainsurance.com - Insurance Agent)
  + erik.guzman@fiestainsurance.com (fiestainsurance.com - Insurance Agent and tax Preparer)
  + rlaguna@fiestainsurance.com (fiestainsurance.com - Office Manager)
  + aaron.serrano@fiestainsurance.com (fiestainsurance.com - Regional Manager)
  + msanchez@fiestainsurance.com (fiestainsurance.com - Insurance and tax Specialist)
  + nathalie.feliciano@fiestainsurance.com (fiestainsurance.com - Broker)
  + sstino@fiestainsurance.com (fiestainsurance.com - Independent Business Owner)
  + armando.calderon@fiestainsurance.com (fiestainsurance.com - Insurance Broker)
  + fatou@mojoprotects.com (mojoprotects.com - Legal Officer)
  + bart@dreissinsurance.com (dreissinsurance.com - Producer)
  + haylee@hulettinsurance.com (hulettinsurance.com - Insurance Agent)
  + vicki@diamondinsgroup.com (hulettinsurance.com - Insurance Agent)
batch 17/46: 50 people, 50 candidates
  + jmcalpine@acrisure.com (acrisure.com - Executive Risk Consultant)
  + mtuchmann@acrisure.com (acrisure.com - Senior Advisor - Acrisure Underwriting & Specialties)
  + mzeiler@acrisure.com (acrisure.com - Commercial Risk Consultant)
  + hminks@acrisure.com (acrisure.com - Regional Vice President Employee Benefits)
  + sevans@acrisure.com (acrisure.com - Recruiter)
  + jreno@acrisure.com (acrisure.com - Surety Bond Specialist)
  + debatt@acrisure.com (acrisure.com - Vice President)
  + josborne@acrisure.com (acrisure.com - COO, North America Insurance)
  + gwilliams@acrisure.com (acrisure.com - Co-Founder, Chairman & CEO)
  + padavis@acrisure.com (acrisure.com - Private Client Advisor)
  + rbaig@acrisure.com (acrisure.com - Technical Recruiter)
batch 18/46: 50 people, 50 candidates
  + jjarecki@drhorton.com (drhorton.com - Northern California Region - Vice President Land Acquisition)
  + jslongan@drhorton.com (drhorton.com - New Homes Sales Counselor)
  + hrivers@drhorton.com (drhorton.com - Land Acquisition Manager)
  + jrmoss@drhorton.com (drhorton.com - Managing Director - Arizona Region)
  + emdefranco@drhorton.com (drhorton.com - Area Construction Manager)
  + dellis@drhorton.com (drhorton.com - Entitlements Manager)
  + pjhoward@drhorton.com (drhorton.com - Real Estate Sales DR Horton)
  + bmayberry@drhorton.com (drhorton.com - Director of Construction)
  + bamster@drhorton.com (drhorton.com - Vice President - Build-to-Rent - Florida)
  + afremento@drhorton.com (drhorton.com - Consultant)
  + ajrichardson@drhorton.com (drhorton.com - Sales Representative)
  + khughes-klinger@drhorton.com (drhorton.com - New Home Specialist)
  + bshaw@drhorton.com (drhorton.com - Multifamily - Development Associate)
  + bdarnold@drhorton.com (drhorton.com - Land Acquisitioner)
  + tffunk@drhorton.com (drhorton.com - City Manager)
  + acluna@drhorton.com (drhorton.com - Division Human Resources Manager)
  + lwirth@drhorton.com (drhorton.com - Sales Representative)
  + kakushkituah@drhorton.com (drhorton.com - Sales Director)
  + mdbullard@drhorton.com (drhorton.com - Downtown Operations and Area Sales Manager)
  + ahancock@drhorton.com (drhorton.com - Division President)
  + fmaddox@drhorton.com (drhorton.com - Sales Representative)
  + acroberts@drhorton.com (drhorton.com - Regional CFO)
  + kxreynolds@drhorton.com (drhorton.com - New Home Sales Professional)
  + acerbo@drhorton.com (drhorton.com - Sales Manager)
  + sccadwalladerjr@drhorton.com (drhorton.com - Director of Land Acquisitions | Multifamily | Carolinas Region)
  + elshelton@drhorton.com (drhorton.com - Division President)
  + mlangel@drhorton.com (drhorton.com - Talent Acquisition Recruiter)
  + kcloud@drhorton.com (drhorton.com - City Manager)
  + mguerra@drhorton.com (drhorton.com - Division Vice President of Sales and Marketing)
  + jlowy@drhorton.com (drhorton.com - Land Acquisition)
  + cbwhitfield@drhorton.com (drhorton.com - Division Vice President of Land)
  + rprovoost@drhorton.com (drhorton.com - Director of Land Acquisition & Entitlements)
  + jdameron@drhorton.com (drhorton.com - Managing Director)
  + aburke@drhorton.com (drhorton.com - Superintendent)
  + pthawkins@drhorton.com (drhorton.com - Director of Training and Development)
  + tdavidson@drhorton.com (drhorton.com - Vice President of Business Development)
  + jlsmith5@drhorton.com (drhorton.com - Division Purchasing Manager)
  + cptyrell@drhorton.com (drhorton.com - Region Vice President)
  + msilos@drhorton.com (drhorton.com - Community Sales Manager)
  + asouza@drhorton.com (drhorton.com - New Home Specialist)
  + rlfloyd@drhorton.com (drhorton.com - Executive Consultant)
  + jrcoombe@drhorton.com (drhorton.com - Land Acquisition)
  + bricks@drhorton.com (drhorton.com - Product Design Manager)
  + jroberts1@drhorton.com (drhorton.com - Regional Stormwater Compliance Manager)
  + tparker@drhorton.com (drhorton.com - New Homes Sales Specialist)
  + rscholten@drhorton.com (drhorton.com - New Home Specialist)
  + mschulte@keeleyconstruction.com (keeleyconstruction.com - Chief Financial Officer)
  + mwojtal@keeleyconstruction.com (keeleyconstruction.com - Senior VP, Energy Group)
batch 19/46: 50 people, 0 candidates
batch 20/46: 27 people, 27 candidates
  + ariana@sammisochoa.com (sammisochoa.com - Account Assistant)
  + stephanie@robotcreative.com (robotcreative.com - Operations Manager)
  + lizzy@robotcreative.com (robotcreative.com - Administrative Assistant)
  + ricky@robotcreative.com (robotcreative.com - Web Developer)
  + rosie@robotcreative.com (robotcreative.com - Robot)
  + chauhan@robotcreative.com (robotcreative.com - Part Time)
  + davila@chamoycreative.com (chamoycreative.com - Web Developer)
  + fisherr@jkbernhard.com (jkbernhard.com - Construction Estimator)
  + heidim@jkbernhard.com (jkbernhard.com - Project Manager Assistant)
  + matthewk@jkbernhard.com (jkbernhard.com - Systems Administrator)
  + kyle@beastcreativeagency.com (beastcreativeagency.com - Creative Art Director)
  + sunil@beastcreativeagency.com (beastcreativeagency.com - Home Works)
  + mkhan@imagehousemedia.com (imagehousemedia.com - Self Employed)
  + ysewanyana@imagehousemedia.com (imagehousemedia.com - None)
batch 21/46: 8 people, 8 candidates
  + kyle@theammogroup.com (theammogroup.com - USAF)
  + jolene@theammogroup.com (theammogroup.com - None)
batch 22/46: 48 people, 48 candidates
  + hamelmal@palmsbm.com (palmsbm.com - None)
  + billy@palmsbm.com (palmsbm.com - Website Developer)
  + shahzad@palmsbm.com (palmsbm.com - Marketing Manager)
  + palm@palmsbm.com (palmsbm.com - None)
  + anfisa@manifestivedesign.com (manifestivedesign.com - Graphic Designer)
  + cally@manifestivedesign.com (manifestivedesign.com - Creative Director)
  + kathryn.smith@theloomisagency.com (theloomisagency.com - Account Executive)
  + gina.soto@theloomisagency.com (theloomisagency.com - Social Art Director)
  + meg.loomis@theloomisagency.com (theloomisagency.com - Artist)
  + lashonda.bangham@us.loomis.com (theloomisagency.com - Supervisor)
  + maxine.fair@theloomisagency.com (theloomisagency.com - Administrative Aide)
  + greyson@droptinestudios.com (droptinestudios.com - Media Specialist)
  + quinnlyn@droptinestudios.com (droptinestudios.com - Social Media Manager)
  + margaret@droptinestudios.com (droptinestudios.com - Nanny)
  + markginsel@ranchradiogroup.com (ranchrmg.com - Station Engineer)
  + lance@sansabacap.com (sansabacap.com - Graphic Artist)
  + chase@sansabacap.com (sansabacap.com - Screen Printer)
  + lacey@marketingtomball.com (marketingtomball.com - Website Coordinator)
batch 23/46: 32 people, 32 candidates
  + lespartero@click4corp.com (click4corp.com - GoHigheLevel Automation Specialist)
  + valenzuela@click4corp.com (click4corp.com - Data Entry)
  + emay@almanzacpafirm.com (almanzacpafirm.com - Executive Assistant)
  + jayne@centurygs.com (centurygs.com - Graphic Designer)
batch 24/46: 50 people, 13 candidates
  + meg@ssacpa.com (ssacpa.com - Tax Manager)
  + axn@ssacpa.com (ssacpa.com - Senior Tax Manager)
  + jgh@ssacpa.com (ssacpa.com - Accounting Bookkeeper)
  + klp@ssacpa.com (ssacpa.com - Accountant)
  + jwc@ssacpa.com (ssacpa.com - Tax Supervisor)
  + jmr@ssacpa.com (ssacpa.com - Senior International Tax Accountant)
  + jxp@ssacpa.com (ssacpa.com - Senior Tax Associate)
  + cmm@ssacpa.com (ssacpa.com - Supervisor)
  + arivas@mmm.com (ssacpa.com - Marketing & AR Coordinator)
  + dxc@ssacpa.com (ssacpa.com - Administrative Assistant)
  + alyx@cpatx.com (gonzalesgroupcpa.com - Administrative Assistant)
  + christine@jms-cpas.com (jms-cpas.com - Bookkeeper)
batch 25/46: 50 people, 50 candidates
  + julia.starchevsky@hrblock.com (hrblock.com - Lead Product Manager, Retail Systems)
  + melissa.garcia@hrblock.com (hrblock.com - Tax Specialist)
  + sterling.stanford@hrblock.com (hrblock.com - Director - People & Culture (East Market))
  + manuel.alvarez@hrblock.net (hrblock.com - Regional Management)
  + mindy.miller@hrblock.com (hrblock.com - Talent Acquisition Leader)
  + ben.humphries@hrblock.com (hrblock.com - Marketing Director)
  + barb.schlittenhard@hrblock.com (hrblock.com - Vice President of Learning and Development)
  + megan.colonna@hrblock.com (hrblock.com - Early Careers Leader)
  + jose.velez@hrblock.com (hrblock.com - Senior Tax Specialist)
  + mark.darling@hrblock.com (hrblock.com - Chief Retail Officer)
  + alicia.chrapaty@hrblock.com (hrblock.com - Chief Marketing Officer)
  + richa.tojy@hrblock.com (hrblock.com - Associate-People Resource Centre)
  + louise.bouge@hrblock.com (hrblock.com - Integration Manager)
  + helen.robb@hrblock.com (hrblock.com - Director of Product Management)
  + robert.lippman@hrblock.com (hrblock.com - Senior Compliance & Risk Manager)
  + angie.mosier@hrblock.com (hrblock.com - Program Manager)
  + tony.bisbiglia@hrblock.com (hrblock.com - Vice President, U.S. Retail - Central Market)
  + maria.fionalita@hrblock.com (hrblock.com - Machine Learning Engineer)
  + james.jensvold@hrblock.com (hrblock.com - Design Director)
  + robyn.murphy@hrblock.com (hrblock.com - Chief of Staff & Director, Strategic Marketing Operations)
batch 26/46: 50 people, 45 candidates
  + lsmith@thesaltgroup.com (thesaltgroup.com - Telecommunications Expense Management Conultant)
  + jboerm@thesaltgroup.com (thesaltgroup.com - State Recovery)
  + dslizewski@thesaltgroup.com (thesaltgroup.com - Database Administrator)
  + lzachary@thesaltgroup.com (thesaltgroup.com - VP - Sales Operations)
  + cbarker@micocpa.com (micocpa.com - Shareholder)
batch 27/46: 0 people, 0 candidates
batch 28/46: 50 people, 49 candidates
batch 29/46: 16 people, 14 candidates
batch 30/46: 50 people, 49 candidates
batch 31/46: 0 people, 0 candidates
batch 32/46: 50 people, 50 candidates
batch 33/46: 50 people, 43 candidates
batch 34/46: 50 people, 4 candidates
batch 35/46: 50 people, 34 candidates
batch 36/46: 50 people, 2 candidates
  + towens@nberhospital.com (nberhospital.com - Director of Marketing and Business Development)
  + chmaldonado@grmedcenter.com (grmedcenter.com - Executive Director of Marketing)
batch 37/46: 50 people, 50 candidates
batch 38/46: 50 people, 50 candidates
batch 39/46: 50 people, 50 candidates
batch 40/46: 50 people, 47 candidates
batch 41/46: 50 people, 37 candidates
batch 42/46: 50 people, 50 candidates
batch 43/46: 50 people, 50 candidates
batch 44/46: 50 people, 50 candidates
batch 45/46: 50 people, 21 candidates
batch 46/46: 0 people, 0 candidates
DONE. new=492 total=1976
