Starting with 1003 leads already collected, 21 locations already done. Target: 2003
skip Boerne TX (already done)
skip Schertz TX (already done)
skip Converse TX (already done)
skip Floresville TX (already done)
skip Pleasanton TX (already done)
skip Helotes TX (already done)
skip Selma TX (already done)
skip Live Oak TX (already done)
skip Cibolo TX (already done)
skip Universal City TX (already done)
skip Leon Valley TX (already done)
skip Lytle TX (already done)
skip Hondo TX (already done)
skip Houston TX (already done)
skip Austin TX (already done)
skip Dallas TX (already done)
skip Fort Worth TX (already done)
skip El Paso TX (already done)
skip Lubbock TX (already done)
skip Corpus Christi TX (already done)
skip McAllen TX (already done)
  [Laredo TX] plumber: +1 (total: 1004, calls: 1022)
  [Laredo TX] electrician: +2 (total: 1006, calls: 1023)
  [Laredo TX] roofer: +1 (total: 1007, calls: 1025)
  [Laredo TX] painter: +1 (total: 1008, calls: 1026)
  [Laredo TX] pest control: +1 (total: 1009, calls: 1028)
  [Laredo TX] appliance repair: +2 (total: 1011, calls: 1032)
  [Laredo TX] gutter cleaning: +2 (total: 1013, calls: 1033)
  [Laredo TX] hair salon: +3 (total: 1016, calls: 1034)
  [Laredo TX] barber shop: +2 (total: 1018, calls: 1035)
  [Laredo TX] nail salon: +2 (total: 1020, calls: 1036)
  [Laredo TX] massage therapist: +4 (total: 1024, calls: 1037)
  [Laredo TX] beauty salon: +3 (total: 1027, calls: 1038)
  [Laredo TX] waxing salon: +2 (total: 1029, calls: 1040)
  [Laredo TX] tattoo shop: +1 (total: 1030, calls: 1041)
  [Laredo TX] auto repair shop: +3 (total: 1033, calls: 1042)
  [Laredo TX] tire shop: +6 (total: 1039, calls: 1043)
  [Laredo TX] car wash: +1 (total: 1040, calls: 1044)
  [Laredo TX] auto body shop: +9 (total: 1049, calls: 1045)
  [Laredo TX] oil change: +1 (total: 1050, calls: 1046)
  [Laredo TX] food truck: +6 (total: 1056, calls: 1048)
  [Laredo TX] bakery: +1 (total: 1057, calls: 1049)
  [Laredo TX] donut shop: +1 (total: 1058, calls: 1052)
  [Laredo TX] ice cream shop: +2 (total: 1060, calls: 1053)
  [Laredo TX] house cleaning service: +2 (total: 1062, calls: 1054)
  [Laredo TX] janitorial service: +2 (total: 1064, calls: 1055)
  [Laredo TX] carpet cleaning: +2 (total: 1066, calls: 1056)
  [Laredo TX] pressure washing: +3 (total: 1069, calls: 1057)
  [Laredo TX] landscaping company: +4 (total: 1073, calls: 1058)
  [Laredo TX] lawn care service: +2 (total: 1075, calls: 1059)
  [Laredo TX] daycare: +10 (total: 1085, calls: 1061)
  [Laredo TX] moving company: +4 (total: 1089, calls: 1062)
  [Laredo TX] alterations tailor: +7 (total: 1096, calls: 1063)
  [Laredo TX] laundromat: +1 (total: 1097, calls: 1064)
  [Laredo TX] notary public: +9 (total: 1106, calls: 1065)
  [Laredo TX] photography studio: +8 (total: 1114, calls: 1067)
  [Laredo TX] catering: +5 (total: 1119, calls: 1068)
  [Laredo TX] dog grooming: +5 (total: 1124, calls: 1069)
  [Laredo TX] dog boarding: +1 (total: 1125, calls: 1070)
=== Laredo TX done: +122 leads (running total: 1125, api_calls so far: 1070) ===
  [Amarillo TX] plumber: +1 (total: 1126, calls: 1071)
  [Amarillo TX] electrician: +6 (total: 1132, calls: 1072)
  [Amarillo TX] painter: +4 (total: 1136, calls: 1075)
  [Amarillo TX] handyman: +3 (total: 1139, calls: 1076)
  [Amarillo TX] pest control: +5 (total: 1144, calls: 1077)
  [Amarillo TX] garage door repair: +3 (total: 1147, calls: 1078)
  [Amarillo TX] pool service: +2 (total: 1149, calls: 1080)
  [Amarillo TX] appliance repair: +3 (total: 1152, calls: 1081)
  [Amarillo TX] gutter cleaning: +1 (total: 1153, calls: 1082)
  [Amarillo TX] nail salon: +2 (total: 1155, calls: 1085)
  [Amarillo TX] massage therapist: +2 (total: 1157, calls: 1086)
  [Amarillo TX] beauty salon: +1 (total: 1158, calls: 1087)
  [Amarillo TX] eyelash extension: +2 (total: 1160, calls: 1088)
  [Amarillo TX] waxing salon: +1 (total: 1161, calls: 1089)
  [Amarillo TX] tattoo shop: +1 (total: 1162, calls: 1090)
  [Amarillo TX] auto repair shop: +1 (total: 1163, calls: 1091)
  [Amarillo TX] tire shop: +1 (total: 1164, calls: 1092)
  [Amarillo TX] car wash: +3 (total: 1167, calls: 1093)
  [Amarillo TX] taqueria: +2 (total: 1169, calls: 1096)
  [Amarillo TX] food truck: +7 (total: 1176, calls: 1097)
  [Amarillo TX] tamale shop: +4 (total: 1180, calls: 1100)
  [Amarillo TX] donut shop: +1 (total: 1181, calls: 1101)
  [Amarillo TX] ice cream shop: +1 (total: 1182, calls: 1102)
  [Amarillo TX] house cleaning service: +3 (total: 1185, calls: 1103)
  [Amarillo TX] janitorial service: +2 (total: 1187, calls: 1104)
  [Amarillo TX] carpet cleaning: +1 (total: 1188, calls: 1105)
  [Amarillo TX] pressure washing: +3 (total: 1191, calls: 1106)
  [Amarillo TX] lawn care service: +1 (total: 1192, calls: 1108)
  [Amarillo TX] tree service: +1 (total: 1193, calls: 1109)
  [Amarillo TX] daycare: +6 (total: 1199, calls: 1110)
  [Amarillo TX] moving company: +1 (total: 1200, calls: 1111)
  [Amarillo TX] alterations tailor: +3 (total: 1203, calls: 1112)
  [Amarillo TX] notary public: +3 (total: 1206, calls: 1114)
  [Amarillo TX] locksmith: +1 (total: 1207, calls: 1115)
  [Amarillo TX] catering: +2 (total: 1209, calls: 1117)
=== Amarillo TX done: +84 leads (running total: 1209, api_calls so far: 1119) ===
  [Beaumont TX] plumber: +2 (total: 1211, calls: 1120)
  [Beaumont TX] electrician: +3 (total: 1214, calls: 1121)
  [Beaumont TX] HVAC contractor: +1 (total: 1215, calls: 1122)
  [Beaumont TX] roofer: +1 (total: 1216, calls: 1123)
  [Beaumont TX] painter: +6 (total: 1222, calls: 1124)
  [Beaumont TX] handyman: +9 (total: 1231, calls: 1125)
  [Beaumont TX] garage door repair: +1 (total: 1232, calls: 1127)
  [Beaumont TX] fence company: +6 (total: 1238, calls: 1128)
  [Beaumont TX] pool service: +2 (total: 1240, calls: 1129)
  [Beaumont TX] appliance repair: +4 (total: 1244, calls: 1130)
  [Beaumont TX] barber shop: +1 (total: 1245, calls: 1133)
  [Beaumont TX] massage therapist: +1 (total: 1246, calls: 1135)
  [Beaumont TX] beauty salon: +1 (total: 1247, calls: 1136)
  [Beaumont TX] eyelash extension: +2 (total: 1249, calls: 1137)
  [Beaumont TX] tire shop: +9 (total: 1258, calls: 1141)
  [Beaumont TX] car wash: +3 (total: 1261, calls: 1142)
  [Beaumont TX] auto body shop: +7 (total: 1268, calls: 1143)
  [Beaumont TX] taqueria: +5 (total: 1273, calls: 1145)
  [Beaumont TX] food truck: +4 (total: 1277, calls: 1146)
  [Beaumont TX] bakery: +5 (total: 1282, calls: 1147)
  [Beaumont TX] tamale shop: +1 (total: 1283, calls: 1149)
  [Beaumont TX] ice cream shop: +1 (total: 1284, calls: 1151)
  [Beaumont TX] house cleaning service: +5 (total: 1289, calls: 1152)
  [Beaumont TX] janitorial service: +3 (total: 1292, calls: 1153)
  [Beaumont TX] carpet cleaning: +2 (total: 1294, calls: 1154)
  [Beaumont TX] pressure washing: +1 (total: 1295, calls: 1155)
  [Beaumont TX] landscaping company: +4 (total: 1299, calls: 1156)
  [Beaumont TX] lawn care service: +2 (total: 1301, calls: 1157)
  [Beaumont TX] tree service: +4 (total: 1305, calls: 1158)
  [Beaumont TX] daycare: +8 (total: 1313, calls: 1159)
  [Beaumont TX] moving company: +2 (total: 1315, calls: 1160)
  [Beaumont TX] alterations tailor: +2 (total: 1317, calls: 1161)
  [Beaumont TX] laundromat: +6 (total: 1323, calls: 1162)
  [Beaumont TX] notary public: +8 (total: 1331, calls: 1163)
  [Beaumont TX] locksmith: +2 (total: 1333, calls: 1164)
  [Beaumont TX] photography studio: +2 (total: 1335, calls: 1165)
  [Beaumont TX] catering: +6 (total: 1341, calls: 1166)
  [Beaumont TX] dog grooming: +2 (total: 1343, calls: 1167)
  [Beaumont TX] dog boarding: +2 (total: 1345, calls: 1168)
=== Beaumont TX done: +136 leads (running total: 1345, api_calls so far: 1168) ===
  [Midland TX] plumber: +2 (total: 1347, calls: 1169)
  [Midland TX] electrician: +5 (total: 1352, calls: 1170)
  [Midland TX] HVAC contractor: +1 (total: 1353, calls: 1171)
  [Midland TX] roofer: +2 (total: 1355, calls: 1172)
  [Midland TX] painter: +4 (total: 1359, calls: 1173)
  [Midland TX] handyman: +2 (total: 1361, calls: 1174)
  [Midland TX] garage door repair: +4 (total: 1365, calls: 1176)
  [Midland TX] fence company: +3 (total: 1368, calls: 1177)
  [Midland TX] pool service: +3 (total: 1371, calls: 1178)
  [Midland TX] appliance repair: +3 (total: 1374, calls: 1179)
  [Midland TX] gutter cleaning: +2 (total: 1376, calls: 1180)
  [Midland TX] hair salon: +4 (total: 1380, calls: 1181)
  [Midland TX] barber shop: +1 (total: 1381, calls: 1182)
  [Midland TX] beauty salon: +1 (total: 1382, calls: 1185)
  [Midland TX] eyelash extension: +1 (total: 1383, calls: 1186)
  [Midland TX] tattoo shop: +3 (total: 1386, calls: 1188)
  [Midland TX] auto repair shop: +2 (total: 1388, calls: 1189)
  [Midland TX] tire shop: +2 (total: 1390, calls: 1190)
  [Midland TX] car wash: +3 (total: 1393, calls: 1191)
  [Midland TX] auto body shop: +2 (total: 1395, calls: 1192)
  [Midland TX] taqueria: +4 (total: 1399, calls: 1194)
  [Midland TX] food truck: +3 (total: 1402, calls: 1195)
  [Midland TX] bakery: +3 (total: 1405, calls: 1196)
  [Midland TX] tamale shop: +2 (total: 1407, calls: 1198)
  [Midland TX] ice cream shop: +1 (total: 1408, calls: 1200)
  [Midland TX] house cleaning service: +2 (total: 1410, calls: 1201)
  [Midland TX] janitorial service: +1 (total: 1411, calls: 1202)
  [Midland TX] carpet cleaning: +2 (total: 1413, calls: 1203)
  [Midland TX] pressure washing: +3 (total: 1416, calls: 1204)
  [Midland TX] lawn care service: +1 (total: 1417, calls: 1206)
  [Midland TX] tree service: +1 (total: 1418, calls: 1207)
  [Midland TX] daycare: +7 (total: 1425, calls: 1208)
  [Midland TX] alterations tailor: +1 (total: 1426, calls: 1210)
  [Midland TX] laundromat: +2 (total: 1428, calls: 1211)
  [Midland TX] notary public: +6 (total: 1434, calls: 1212)
  [Midland TX] photography studio: +1 (total: 1435, calls: 1214)
  [Midland TX] catering: +3 (total: 1438, calls: 1215)
  [Midland TX] dog grooming: +7 (total: 1445, calls: 1216)
=== Midland TX done: +100 leads (running total: 1445, api_calls so far: 1217) ===
  [Odessa TX] plumber: +1 (total: 1446, calls: 1218)
  [Odessa TX] electrician: +5 (total: 1451, calls: 1219)
  [Odessa TX] HVAC contractor: +2 (total: 1453, calls: 1220)
  [Odessa TX] painter: +6 (total: 1459, calls: 1222)
  [Odessa TX] handyman: +2 (total: 1461, calls: 1223)
  [Odessa TX] pest control: +1 (total: 1462, calls: 1224)
  [Odessa TX] garage door repair: +1 (total: 1463, calls: 1225)
  [Odessa TX] fence company: +2 (total: 1465, calls: 1226)
  [Odessa TX] pool service: +4 (total: 1469, calls: 1227)
  [Odessa TX] appliance repair: +4 (total: 1473, calls: 1228)
  [Odessa TX] gutter cleaning: +4 (total: 1477, calls: 1229)
  [Odessa TX] hair salon: +1 (total: 1478, calls: 1230)
  [Odessa TX] barber shop: +2 (total: 1480, calls: 1231)
  [Odessa TX] massage therapist: +3 (total: 1483, calls: 1233)
  [Odessa TX] beauty salon: +2 (total: 1485, calls: 1234)
  [Odessa TX] eyelash extension: +2 (total: 1487, calls: 1235)
  [Odessa TX] tattoo shop: +6 (total: 1493, calls: 1237)
  [Odessa TX] auto repair shop: +3 (total: 1496, calls: 1238)
  [Odessa TX] tire shop: +2 (total: 1498, calls: 1239)
  [Odessa TX] auto body shop: +2 (total: 1500, calls: 1241)
  [Odessa TX] taqueria: +3 (total: 1503, calls: 1243)
  [Odessa TX] food truck: +4 (total: 1507, calls: 1244)
  [Odessa TX] bakery: +1 (total: 1508, calls: 1245)
  [Odessa TX] mexican restaurant: +1 (total: 1509, calls: 1246)
  [Odessa TX] tamale shop: +2 (total: 1511, calls: 1247)
  [Odessa TX] ice cream shop: +2 (total: 1513, calls: 1249)
  [Odessa TX] house cleaning service: +3 (total: 1516, calls: 1250)
  [Odessa TX] carpet cleaning: +3 (total: 1519, calls: 1252)
  [Odessa TX] pressure washing: +1 (total: 1520, calls: 1253)
  [Odessa TX] landscaping company: +3 (total: 1523, calls: 1254)
  [Odessa TX] lawn care service: +1 (total: 1524, calls: 1255)
  [Odessa TX] tree service: +2 (total: 1526, calls: 1256)
  [Odessa TX] daycare: +5 (total: 1531, calls: 1257)
  [Odessa TX] moving company: +1 (total: 1532, calls: 1258)
  [Odessa TX] laundromat: +3 (total: 1535, calls: 1260)
  [Odessa TX] notary public: +7 (total: 1542, calls: 1261)
  [Odessa TX] photography studio: +7 (total: 1549, calls: 1263)
  [Odessa TX] dog grooming: +3 (total: 1552, calls: 1265)
  [Odessa TX] dog boarding: +1 (total: 1553, calls: 1266)
=== Odessa TX done: +108 leads (running total: 1553, api_calls so far: 1266) ===
  [Killeen TX] plumber: +1 (total: 1554, calls: 1267)
  [Killeen TX] electrician: +4 (total: 1558, calls: 1268)
  [Killeen TX] roofer: +1 (total: 1559, calls: 1270)
  [Killeen TX] painter: +3 (total: 1562, calls: 1271)
  [Killeen TX] handyman: +3 (total: 1565, calls: 1272)
  [Killeen TX] pest control: +2 (total: 1567, calls: 1273)
  [Killeen TX] fence company: +1 (total: 1568, calls: 1275)
  [Killeen TX] pool service: +1 (total: 1569, calls: 1276)
  [Killeen TX] gutter cleaning: +1 (total: 1570, calls: 1278)
  [Killeen TX] hair salon: +1 (total: 1571, calls: 1279)
  [Killeen TX] massage therapist: +2 (total: 1573, calls: 1282)
  [Killeen TX] beauty salon: +1 (total: 1574, calls: 1283)
  [Killeen TX] tire shop: +2 (total: 1576, calls: 1288)
  [Killeen TX] car wash: +2 (total: 1578, calls: 1289)
  [Killeen TX] auto body shop: +1 (total: 1579, calls: 1290)
  [Killeen TX] taqueria: +3 (total: 1582, calls: 1292)
  [Killeen TX] food truck: +6 (total: 1588, calls: 1293)
  [Killeen TX] bakery: +2 (total: 1590, calls: 1294)
  [Killeen TX] ice cream shop: +1 (total: 1591, calls: 1298)
  [Killeen TX] house cleaning service: +4 (total: 1595, calls: 1299)
  [Killeen TX] janitorial service: +2 (total: 1597, calls: 1300)
  [Killeen TX] carpet cleaning: +2 (total: 1599, calls: 1301)
  [Killeen TX] pressure washing: +3 (total: 1602, calls: 1302)
  [Killeen TX] lawn care service: +1 (total: 1603, calls: 1304)
  [Killeen TX] daycare: +5 (total: 1608, calls: 1306)
  [Killeen TX] alterations tailor: +1 (total: 1609, calls: 1308)
  [Killeen TX] notary public: +2 (total: 1611, calls: 1310)
  [Killeen TX] photography studio: +2 (total: 1613, calls: 1312)
  [Killeen TX] catering: +1 (total: 1614, calls: 1313)
  [Killeen TX] dog grooming: +1 (total: 1615, calls: 1314)
  [Killeen TX] dog boarding: +2 (total: 1617, calls: 1315)
=== Killeen TX done: +64 leads (running total: 1617, api_calls so far: 1315) ===
  [Waco TX] plumber: +1 (total: 1618, calls: 1316)
  [Waco TX] electrician: +4 (total: 1622, calls: 1317)
  [Waco TX] painter: +1 (total: 1623, calls: 1320)
  [Waco TX] handyman: +1 (total: 1624, calls: 1321)
  [Waco TX] pest control: +1 (total: 1625, calls: 1322)
  [Waco TX] fence company: +3 (total: 1628, calls: 1324)
  [Waco TX] pool service: +1 (total: 1629, calls: 1325)
  [Waco TX] appliance repair: +2 (total: 1631, calls: 1326)
  [Waco TX] gutter cleaning: +4 (total: 1635, calls: 1327)
  [Waco TX] barber shop: +1 (total: 1636, calls: 1329)
  [Waco TX] beauty salon: +1 (total: 1637, calls: 1332)
  [Waco TX] eyelash extension: +2 (total: 1639, calls: 1333)
  [Waco TX] waxing salon: +1 (total: 1640, calls: 1334)
  [Waco TX] tattoo shop: +4 (total: 1644, calls: 1335)
  [Waco TX] tire shop: +1 (total: 1645, calls: 1337)
  [Waco TX] car wash: +1 (total: 1646, calls: 1338)
  [Waco TX] auto body shop: +2 (total: 1648, calls: 1339)
  [Waco TX] bakery: +1 (total: 1649, calls: 1343)
  [Waco TX] tamale shop: +1 (total: 1650, calls: 1345)
  [Waco TX] janitorial service: +1 (total: 1651, calls: 1349)
  [Waco TX] carpet cleaning: +2 (total: 1653, calls: 1350)
  [Waco TX] pressure washing: +2 (total: 1655, calls: 1351)
  [Waco TX] landscaping company: +1 (total: 1656, calls: 1352)
  [Waco TX] tree service: +1 (total: 1657, calls: 1354)
  [Waco TX] daycare: +5 (total: 1662, calls: 1355)
  [Waco TX] moving company: +3 (total: 1665, calls: 1356)
  [Waco TX] alterations tailor: +2 (total: 1667, calls: 1357)
  [Waco TX] laundromat: +5 (total: 1672, calls: 1358)
  [Waco TX] notary public: +1 (total: 1673, calls: 1359)
  [Waco TX] photography studio: +2 (total: 1675, calls: 1361)
  [Waco TX] catering: +1 (total: 1676, calls: 1362)
  [Waco TX] dog grooming: +2 (total: 1678, calls: 1363)
=== Waco TX done: +61 leads (running total: 1678, api_calls so far: 1364) ===
  [Tyler TX] electrician: +1 (total: 1679, calls: 1366)
  [Tyler TX] painter: +2 (total: 1681, calls: 1369)
  [Tyler TX] handyman: +3 (total: 1684, calls: 1370)
  [Tyler TX] fence company: +1 (total: 1685, calls: 1373)
  [Tyler TX] pool service: +1 (total: 1686, calls: 1374)
  [Tyler TX] appliance repair: +5 (total: 1691, calls: 1375)
  [Tyler TX] gutter cleaning: +2 (total: 1693, calls: 1376)
  [Tyler TX] barber shop: +1 (total: 1694, calls: 1378)
  [Tyler TX] eyelash extension: +1 (total: 1695, calls: 1382)
  [Tyler TX] waxing salon: +2 (total: 1697, calls: 1383)
  [Tyler TX] tire shop: +4 (total: 1701, calls: 1386)
  [Tyler TX] car wash: +1 (total: 1702, calls: 1387)
  [Tyler TX] auto body shop: +3 (total: 1705, calls: 1388)
  [Tyler TX] taqueria: +1 (total: 1706, calls: 1390)
  [Tyler TX] food truck: +3 (total: 1709, calls: 1391)
  [Tyler TX] bakery: +1 (total: 1710, calls: 1392)
  [Tyler TX] tamale shop: +1 (total: 1711, calls: 1394)
  [Tyler TX] donut shop: +2 (total: 1713, calls: 1395)
  [Tyler TX] ice cream shop: +2 (total: 1715, calls: 1396)
  [Tyler TX] house cleaning service: +3 (total: 1718, calls: 1397)
  [Tyler TX] janitorial service: +6 (total: 1724, calls: 1398)
  [Tyler TX] carpet cleaning: +1 (total: 1725, calls: 1399)
  [Tyler TX] pressure washing: +2 (total: 1727, calls: 1400)
  [Tyler TX] lawn care service: +4 (total: 1731, calls: 1402)
  [Tyler TX] daycare: +5 (total: 1736, calls: 1404)
  [Tyler TX] alterations tailor: +1 (total: 1737, calls: 1406)
  [Tyler TX] laundromat: +4 (total: 1741, calls: 1407)
  [Tyler TX] notary public: +3 (total: 1744, calls: 1408)
  [Tyler TX] photography studio: +4 (total: 1748, calls: 1410)
  [Tyler TX] catering: +1 (total: 1749, calls: 1411)
  [Tyler TX] dog grooming: +5 (total: 1754, calls: 1412)
=== Tyler TX done: +76 leads (running total: 1754, api_calls so far: 1413) ===
  [Abilene TX] plumber: +2 (total: 1756, calls: 1414)
  [Abilene TX] electrician: +4 (total: 1760, calls: 1415)
  [Abilene TX] roofer: +3 (total: 1763, calls: 1417)
  [Abilene TX] painter: +5 (total: 1768, calls: 1418)
  [Abilene TX] handyman: +7 (total: 1775, calls: 1419)
  [Abilene TX] pest control: +2 (total: 1777, calls: 1420)
  [Abilene TX] fence company: +2 (total: 1779, calls: 1422)
  [Abilene TX] pool service: +1 (total: 1780, calls: 1423)
  [Abilene TX] appliance repair: +1 (total: 1781, calls: 1424)
  [Abilene TX] gutter cleaning: +1 (total: 1782, calls: 1425)
  [Abilene TX] hair salon: +1 (total: 1783, calls: 1426)
  [Abilene TX] massage therapist: +1 (total: 1784, calls: 1429)
  [Abilene TX] eyelash extension: +3 (total: 1787, calls: 1431)
  [Abilene TX] waxing salon: +2 (total: 1789, calls: 1432)
  [Abilene TX] tattoo shop: +5 (total: 1794, calls: 1433)
  [Abilene TX] auto repair shop: +2 (total: 1796, calls: 1434)
  [Abilene TX] car wash: +3 (total: 1799, calls: 1436)
  [Abilene TX] auto body shop: +4 (total: 1803, calls: 1437)
  [Abilene TX] food truck: +5 (total: 1808, calls: 1440)
  [Abilene TX] bakery: +1 (total: 1809, calls: 1441)
  [Abilene TX] donut shop: +2 (total: 1811, calls: 1444)
  [Abilene TX] ice cream shop: +1 (total: 1812, calls: 1445)
  [Abilene TX] house cleaning service: +6 (total: 1818, calls: 1446)
  [Abilene TX] janitorial service: +4 (total: 1822, calls: 1447)
  [Abilene TX] carpet cleaning: +1 (total: 1823, calls: 1448)
  [Abilene TX] pressure washing: +2 (total: 1825, calls: 1449)
  [Abilene TX] landscaping company: +2 (total: 1827, calls: 1450)
  [Abilene TX] tree service: +1 (total: 1828, calls: 1452)
  [Abilene TX] daycare: +5 (total: 1833, calls: 1453)
  [Abilene TX] moving company: +2 (total: 1835, calls: 1454)
  [Abilene TX] alterations tailor: +4 (total: 1839, calls: 1455)
  [Abilene TX] laundromat: +1 (total: 1840, calls: 1456)
  [Abilene TX] notary public: +5 (total: 1845, calls: 1457)
  [Abilene TX] locksmith: +1 (total: 1846, calls: 1458)
  [Abilene TX] photography studio: +2 (total: 1848, calls: 1459)
  [Abilene TX] catering: +1 (total: 1849, calls: 1460)
  [Abilene TX] dog grooming: +2 (total: 1851, calls: 1461)
  [Abilene TX] dog boarding: +1 (total: 1852, calls: 1462)
=== Abilene TX done: +98 leads (running total: 1852, api_calls so far: 1462) ===
  [Harlingen TX] plumber: +6 (total: 1858, calls: 1463)
  [Harlingen TX] electrician: +8 (total: 1866, calls: 1464)
  [Harlingen TX] HVAC contractor: +2 (total: 1868, calls: 1465)
  [Harlingen TX] roofer: +1 (total: 1869, calls: 1466)
  [Harlingen TX] painter: +3 (total: 1872, calls: 1467)
  [Harlingen TX] handyman: +4 (total: 1876, calls: 1468)
  [Harlingen TX] pest control: +1 (total: 1877, calls: 1469)
  [Harlingen TX] garage door repair: +1 (total: 1878, calls: 1470)
  [Harlingen TX] fence company: +1 (total: 1879, calls: 1471)
  [Harlingen TX] pool service: +3 (total: 1882, calls: 1472)
  [Harlingen TX] appliance repair: +3 (total: 1885, calls: 1473)
  [Harlingen TX] gutter cleaning: +1 (total: 1886, calls: 1474)
  [Harlingen TX] hair salon: +2 (total: 1888, calls: 1475)
  [Harlingen TX] barber shop: +3 (total: 1891, calls: 1476)
  [Harlingen TX] nail salon: +2 (total: 1893, calls: 1477)
  [Harlingen TX] massage therapist: +4 (total: 1897, calls: 1478)
  [Harlingen TX] beauty salon: +2 (total: 1899, calls: 1479)
  [Harlingen TX] eyelash extension: +1 (total: 1900, calls: 1480)
  [Harlingen TX] waxing salon: +1 (total: 1901, calls: 1481)
  [Harlingen TX] tattoo shop: +6 (total: 1907, calls: 1482)
  [Harlingen TX] auto repair shop: +6 (total: 1913, calls: 1483)
  [Harlingen TX] tire shop: +2 (total: 1915, calls: 1484)
  [Harlingen TX] car wash: +2 (total: 1917, calls: 1485)
  [Harlingen TX] auto body shop: +3 (total: 1920, calls: 1486)
  [Harlingen TX] taqueria: +1 (total: 1921, calls: 1488)
  [Harlingen TX] food truck: +2 (total: 1923, calls: 1489)
  [Harlingen TX] bakery: +2 (total: 1925, calls: 1490)
  [Harlingen TX] mexican restaurant: +1 (total: 1926, calls: 1491)
  [Harlingen TX] donut shop: +1 (total: 1927, calls: 1493)
  [Harlingen TX] ice cream shop: +5 (total: 1932, calls: 1494)
  [Harlingen TX] house cleaning service: +5 (total: 1937, calls: 1495)
  [Harlingen TX] janitorial service: +1 (total: 1938, calls: 1496)
  [Harlingen TX] carpet cleaning: +1 (total: 1939, calls: 1497)
  [Harlingen TX] pressure washing: +2 (total: 1941, calls: 1498)
  [Harlingen TX] landscaping company: +4 (total: 1945, calls: 1499)
  [Harlingen TX] lawn care service: +4 (total: 1949, calls: 1500)
  [Harlingen TX] tree service: +2 (total: 1951, calls: 1501)
  [Harlingen TX] daycare: +9 (total: 1960, calls: 1502)
  [Harlingen TX] moving company: +5 (total: 1965, calls: 1503)
  [Harlingen TX] laundromat: +1 (total: 1966, calls: 1505)
  [Harlingen TX] notary public: +4 (total: 1970, calls: 1506)
  [Harlingen TX] locksmith: +1 (total: 1971, calls: 1507)
  [Harlingen TX] photography studio: +8 (total: 1979, calls: 1508)
  [Harlingen TX] catering: +5 (total: 1984, calls: 1509)
  [Harlingen TX] dog grooming: +1 (total: 1985, calls: 1510)
=== Harlingen TX done: +133 leads (running total: 1985, api_calls so far: 1511) ===
  [Brownsville TX] plumber: +5 (total: 1990, calls: 1512)
  [Brownsville TX] electrician: +6 (total: 1996, calls: 1513)
  [Brownsville TX] HVAC contractor: +4 (total: 2000, calls: 1514)
  [Brownsville TX] roofer: +1 (total: 2001, calls: 1515)
  [Brownsville TX] painter: +6 (total: 2007, calls: 1516)
=== Brownsville TX PARTIAL (target hit mid-location, will resume here): +22 leads (running total: 2007, api_calls so far: 1516) ===
Target reached (2007 >= 2003), stopping before Wichita Falls TX

Final: 2007 unique leads, 1516 API calls, 0 errors
Output: C:\Users\camac\deal-scraper\output\digital_desert_leads_v2_20260817_2116.csv
