Starting with 30 leads already collected, 1 locations already done. Target: 1000
skip Boerne TX (already done)
  [Schertz TX] plumber: +1 (total: 31, calls: 31)
  [Schertz TX] electrician: +2 (total: 33, calls: 32)
  [Schertz TX] HVAC contractor: +1 (total: 34, calls: 33)
  [Schertz TX] painter: +1 (total: 35, calls: 35)
  [Schertz TX] pest control: +1 (total: 36, calls: 37)
  [Schertz TX] pool service: +2 (total: 38, calls: 40)
  [Schertz TX] appliance repair: +1 (total: 39, calls: 41)
  [Schertz TX] gutter cleaning: +3 (total: 42, calls: 42)
  [Schertz TX] hair salon: +3 (total: 45, calls: 43)
  [Schertz TX] barber shop: +1 (total: 46, calls: 44)
  [Schertz TX] nail salon: +2 (total: 48, calls: 45)
  [Schertz TX] eyelash extension: +1 (total: 49, calls: 48)
  [Schertz TX] tattoo shop: +4 (total: 53, calls: 50)
  [Schertz TX] tire shop: +1 (total: 54, calls: 52)
  [Schertz TX] car wash: +1 (total: 55, calls: 53)
  [Schertz TX] auto body shop: +2 (total: 57, calls: 54)
  [Schertz TX] bakery: +5 (total: 62, calls: 58)
  [Schertz TX] ice cream shop: +2 (total: 64, calls: 62)
  [Schertz TX] janitorial service: +1 (total: 65, calls: 64)
  [Schertz TX] carpet cleaning: +1 (total: 66, calls: 65)
  [Schertz TX] landscaping company: +2 (total: 68, calls: 67)
  [Schertz TX] lawn care service: +1 (total: 69, calls: 68)
  [Schertz TX] tree service: +1 (total: 70, calls: 69)
  [Schertz TX] daycare: +2 (total: 72, calls: 70)
  [Schertz TX] alterations tailor: +1 (total: 73, calls: 72)
  [Schertz TX] notary public: +2 (total: 75, calls: 74)
  [Schertz TX] photography studio: +2 (total: 77, calls: 76)
  [Schertz TX] catering: +2 (total: 79, calls: 77)
  [Schertz TX] dog grooming: +2 (total: 81, calls: 78)
  [Schertz TX] dog boarding: +1 (total: 82, calls: 79)
=== Schertz TX done: +52 leads (running total: 82, api_calls so far: 79) ===
  [Converse TX] plumber: +1 (total: 83, calls: 80)
  [Converse TX] electrician: +1 (total: 84, calls: 81)
  [Converse TX] painter: +2 (total: 86, calls: 84)
  [Converse TX] handyman: +1 (total: 87, calls: 85)
  [Converse TX] appliance repair: +5 (total: 92, calls: 90)
  [Converse TX] gutter cleaning: +1 (total: 93, calls: 91)
  [Converse TX] hair salon: +2 (total: 95, calls: 92)
  [Converse TX] barber shop: +2 (total: 97, calls: 93)
  [Converse TX] massage therapist: +2 (total: 99, calls: 95)
  [Converse TX] eyelash extension: +1 (total: 100, calls: 97)
  [Converse TX] auto repair shop: +2 (total: 102, calls: 100)
  [Converse TX] car wash: +3 (total: 105, calls: 102)
  [Converse TX] food truck: +1 (total: 106, calls: 106)
  [Converse TX] bakery: +1 (total: 107, calls: 107)
  [Converse TX] ice cream shop: +1 (total: 108, calls: 111)
  [Converse TX] house cleaning service: +1 (total: 109, calls: 112)
  [Converse TX] janitorial service: +2 (total: 111, calls: 113)
  [Converse TX] pressure washing: +2 (total: 113, calls: 115)
  [Converse TX] lawn care service: +2 (total: 115, calls: 117)
  [Converse TX] tree service: +1 (total: 116, calls: 118)
  [Converse TX] daycare: +7 (total: 123, calls: 119)
  [Converse TX] laundromat: +1 (total: 124, calls: 122)
  [Converse TX] notary public: +3 (total: 127, calls: 123)
  [Converse TX] dog grooming: +1 (total: 128, calls: 127)
=== Converse TX done: +46 leads (running total: 128, api_calls so far: 128) ===
  [Floresville TX] electrician: +3 (total: 131, calls: 130)
  [Floresville TX] HVAC contractor: +4 (total: 135, calls: 131)
  [Floresville TX] roofer: +1 (total: 136, calls: 132)
  [Floresville TX] painter: +3 (total: 139, calls: 133)
  [Floresville TX] pest control: +2 (total: 141, calls: 135)
  [Floresville TX] fence company: +1 (total: 142, calls: 137)
  [Floresville TX] pool service: +1 (total: 143, calls: 138)
  [Floresville TX] hair salon: +6 (total: 149, calls: 141)
  [Floresville TX] barber shop: +5 (total: 154, calls: 142)
  [Floresville TX] nail salon: +3 (total: 157, calls: 143)
  [Floresville TX] massage therapist: +1 (total: 158, calls: 144)
  [Floresville TX] beauty salon: +1 (total: 159, calls: 145)
  [Floresville TX] eyelash extension: +2 (total: 161, calls: 146)
  [Floresville TX] tattoo shop: +1 (total: 162, calls: 148)
  [Floresville TX] auto repair shop: +4 (total: 166, calls: 149)
  [Floresville TX] car wash: +9 (total: 175, calls: 151)
  [Floresville TX] auto body shop: +1 (total: 176, calls: 152)
  [Floresville TX] food truck: +2 (total: 178, calls: 155)
  [Floresville TX] bakery: +8 (total: 186, calls: 156)
  [Floresville TX] ice cream shop: +2 (total: 188, calls: 160)
  [Floresville TX] janitorial service: +2 (total: 190, calls: 162)
  [Floresville TX] carpet cleaning: +2 (total: 192, calls: 163)
  [Floresville TX] pressure washing: +2 (total: 194, calls: 164)
  [Floresville TX] landscaping company: +1 (total: 195, calls: 165)
  [Floresville TX] lawn care service: +2 (total: 197, calls: 166)
  [Floresville TX] tree service: +1 (total: 198, calls: 167)
  [Floresville TX] daycare: +8 (total: 206, calls: 168)
  [Floresville TX] moving company: +1 (total: 207, calls: 169)
  [Floresville TX] alterations tailor: +2 (total: 209, calls: 170)
  [Floresville TX] notary public: +2 (total: 211, calls: 172)
  [Floresville TX] catering: +1 (total: 212, calls: 175)
  [Floresville TX] dog grooming: +2 (total: 214, calls: 176)
=== Floresville TX done: +86 leads (running total: 214, api_calls so far: 177) ===
  [Pleasanton TX] plumber: +1 (total: 215, calls: 178)
  [Pleasanton TX] HVAC contractor: +2 (total: 217, calls: 180)
  [Pleasanton TX] painter: +1 (total: 218, calls: 182)
  [Pleasanton TX] pest control: +2 (total: 220, calls: 184)
  [Pleasanton TX] fence company: +1 (total: 221, calls: 186)
  [Pleasanton TX] appliance repair: +2 (total: 223, calls: 188)
  [Pleasanton TX] hair salon: +6 (total: 229, calls: 190)
  [Pleasanton TX] barber shop: +2 (total: 231, calls: 191)
  [Pleasanton TX] nail salon: +3 (total: 234, calls: 192)
  [Pleasanton TX] massage therapist: +2 (total: 236, calls: 193)
  [Pleasanton TX] waxing salon: +2 (total: 238, calls: 196)
  [Pleasanton TX] auto repair shop: +4 (total: 242, calls: 198)
  [Pleasanton TX] tire shop: +2 (total: 244, calls: 199)
  [Pleasanton TX] car wash: +1 (total: 245, calls: 200)
  [Pleasanton TX] auto body shop: +1 (total: 246, calls: 201)
  [Pleasanton TX] taqueria: +1 (total: 247, calls: 203)
  [Pleasanton TX] food truck: +2 (total: 249, calls: 204)
  [Pleasanton TX] bakery: +4 (total: 253, calls: 205)
  [Pleasanton TX] tamale shop: +1 (total: 254, calls: 207)
  [Pleasanton TX] carpet cleaning: +1 (total: 255, calls: 212)
  [Pleasanton TX] pressure washing: +1 (total: 256, calls: 213)
  [Pleasanton TX] landscaping company: +2 (total: 258, calls: 214)
  [Pleasanton TX] daycare: +5 (total: 263, calls: 217)
  [Pleasanton TX] moving company: +2 (total: 265, calls: 218)
  [Pleasanton TX] alterations tailor: +1 (total: 266, calls: 219)
  [Pleasanton TX] notary public: +2 (total: 268, calls: 221)
  [Pleasanton TX] photography studio: +2 (total: 270, calls: 223)
  [Pleasanton TX] catering: +2 (total: 272, calls: 224)
  [Pleasanton TX] dog boarding: +4 (total: 276, calls: 226)
=== Pleasanton TX done: +62 leads (running total: 276, api_calls so far: 226) ===
  [Helotes TX] electrician: +3 (total: 279, calls: 228)
  [Helotes TX] roofer: +1 (total: 280, calls: 230)
  [Helotes TX] painter: +3 (total: 283, calls: 231)
  [Helotes TX] pest control: +1 (total: 284, calls: 233)
  [Helotes TX] fence company: +1 (total: 285, calls: 235)
  [Helotes TX] pool service: +1 (total: 286, calls: 236)
  [Helotes TX] appliance repair: +2 (total: 288, calls: 237)
  [Helotes TX] hair salon: +1 (total: 289, calls: 239)
  [Helotes TX] barber shop: +1 (total: 290, calls: 240)
  [Helotes TX] nail salon: +1 (total: 291, calls: 241)
  [Helotes TX] massage therapist: +4 (total: 295, calls: 242)
  [Helotes TX] beauty salon: +2 (total: 297, calls: 243)
  [Helotes TX] auto repair shop: +2 (total: 299, calls: 247)
  [Helotes TX] tire shop: +1 (total: 300, calls: 248)
  [Helotes TX] car wash: +1 (total: 301, calls: 249)
  [Helotes TX] auto body shop: +1 (total: 302, calls: 250)
  [Helotes TX] food truck: +4 (total: 306, calls: 253)
  [Helotes TX] bakery: +2 (total: 308, calls: 254)
  [Helotes TX] ice cream shop: +1 (total: 309, calls: 258)
  [Helotes TX] janitorial service: +1 (total: 310, calls: 260)
  [Helotes TX] pressure washing: +1 (total: 311, calls: 262)
  [Helotes TX] landscaping company: +1 (total: 312, calls: 263)
  [Helotes TX] daycare: +1 (total: 313, calls: 266)
  [Helotes TX] laundromat: +1 (total: 314, calls: 269)
  [Helotes TX] notary public: +3 (total: 317, calls: 270)
  [Helotes TX] photography studio: +1 (total: 318, calls: 272)
  [Helotes TX] catering: +1 (total: 319, calls: 273)
  [Helotes TX] dog grooming: +2 (total: 321, calls: 274)
=== Helotes TX done: +45 leads (running total: 321, api_calls so far: 275) ===
  [Selma TX] plumber: +1 (total: 322, calls: 276)
  [Selma TX] HVAC contractor: +1 (total: 323, calls: 278)
  [Selma TX] painter: +2 (total: 325, calls: 280)
  [Selma TX] pool service: +1 (total: 326, calls: 285)
  [Selma TX] appliance repair: +1 (total: 327, calls: 286)
  [Selma TX] hair salon: +3 (total: 330, calls: 288)
  [Selma TX] barber shop: +1 (total: 331, calls: 289)
  [Selma TX] massage therapist: +1 (total: 332, calls: 291)
  [Selma TX] beauty salon: +2 (total: 334, calls: 292)
  [Selma TX] eyelash extension: +1 (total: 335, calls: 293)
  [Selma TX] waxing salon: +1 (total: 336, calls: 294)
  [Selma TX] auto repair shop: +2 (total: 338, calls: 296)
  [Selma TX] auto body shop: +2 (total: 340, calls: 299)
  [Selma TX] bakery: +2 (total: 342, calls: 303)
  [Selma TX] mexican restaurant: +1 (total: 343, calls: 304)
  [Selma TX] ice cream shop: +1 (total: 344, calls: 307)
  [Selma TX] janitorial service: +1 (total: 345, calls: 309)
  [Selma TX] carpet cleaning: +1 (total: 346, calls: 310)
  [Selma TX] pressure washing: +2 (total: 348, calls: 311)
  [Selma TX] alterations tailor: +1 (total: 349, calls: 317)
  [Selma TX] dog boarding: +1 (total: 350, calls: 324)
=== Selma TX done: +29 leads (running total: 350, api_calls so far: 324) ===
  [Live Oak TX] electrician: +1 (total: 351, calls: 326)
  [Live Oak TX] pest control: +1 (total: 352, calls: 331)
  [Live Oak TX] hair salon: +2 (total: 354, calls: 337)
  [Live Oak TX] barber shop: +1 (total: 355, calls: 338)
  [Live Oak TX] massage therapist: +2 (total: 357, calls: 340)
  [Live Oak TX] auto repair shop: +2 (total: 359, calls: 345)
  [Live Oak TX] tire shop: +1 (total: 360, calls: 346)
  [Live Oak TX] taqueria: +1 (total: 361, calls: 350)
  [Live Oak TX] tamale shop: +1 (total: 362, calls: 354)
  [Live Oak TX] landscaping company: +1 (total: 363, calls: 361)
  [Live Oak TX] daycare: +1 (total: 364, calls: 364)
  [Live Oak TX] alterations tailor: +2 (total: 366, calls: 366)
  [Live Oak TX] locksmith: +1 (total: 367, calls: 369)
=== Live Oak TX done: +17 leads (running total: 367, api_calls so far: 373) ===
  [Cibolo TX] electrician: +2 (total: 369, calls: 375)
  [Cibolo TX] HVAC contractor: +1 (total: 370, calls: 376)
  [Cibolo TX] handyman: +1 (total: 371, calls: 379)
  [Cibolo TX] appliance repair: +1 (total: 372, calls: 384)
  [Cibolo TX] gutter cleaning: +1 (total: 373, calls: 385)
  [Cibolo TX] barber shop: +2 (total: 375, calls: 387)
  [Cibolo TX] beauty salon: +1 (total: 376, calls: 390)
  [Cibolo TX] waxing salon: +1 (total: 377, calls: 392)
  [Cibolo TX] auto repair shop: +1 (total: 378, calls: 394)
  [Cibolo TX] auto body shop: +3 (total: 381, calls: 397)
  [Cibolo TX] taqueria: +1 (total: 382, calls: 399)
  [Cibolo TX] ice cream shop: +1 (total: 383, calls: 405)
  [Cibolo TX] janitorial service: +1 (total: 384, calls: 407)
  [Cibolo TX] moving company: +1 (total: 385, calls: 414)
=== Cibolo TX done: +18 leads (running total: 385, api_calls so far: 422) ===
  [Universal City TX] plumber: +1 (total: 386, calls: 423)
  [Universal City TX] roofer: +1 (total: 387, calls: 426)
  [Universal City TX] painter: +2 (total: 389, calls: 427)
  [Universal City TX] handyman: +1 (total: 390, calls: 428)
  [Universal City TX] garage door repair: +1 (total: 391, calls: 430)
  [Universal City TX] pool service: +1 (total: 392, calls: 432)
  [Universal City TX] hair salon: +1 (total: 393, calls: 435)
  [Universal City TX] barber shop: +1 (total: 394, calls: 436)
  [Universal City TX] massage therapist: +2 (total: 396, calls: 438)
  [Universal City TX] beauty salon: +2 (total: 398, calls: 439)
  [Universal City TX] car wash: +2 (total: 400, calls: 445)
  [Universal City TX] taqueria: +1 (total: 401, calls: 448)
  [Universal City TX] food truck: +1 (total: 402, calls: 449)
  [Universal City TX] bakery: +1 (total: 403, calls: 450)
  [Universal City TX] janitorial service: +1 (total: 404, calls: 456)
  [Universal City TX] landscaping company: +1 (total: 405, calls: 459)
  [Universal City TX] tree service: +1 (total: 406, calls: 461)
  [Universal City TX] moving company: +1 (total: 407, calls: 463)
=== Universal City TX done: +22 leads (running total: 407, api_calls so far: 471) ===
  [Leon Valley TX] HVAC contractor: +1 (total: 408, calls: 474)
  [Leon Valley TX] roofer: +1 (total: 409, calls: 475)
  [Leon Valley TX] handyman: +1 (total: 410, calls: 477)
  [Leon Valley TX] pest control: +2 (total: 412, calls: 478)
  [Leon Valley TX] gutter cleaning: +1 (total: 413, calls: 483)
  [Leon Valley TX] hair salon: +1 (total: 414, calls: 484)
  [Leon Valley TX] barber shop: +1 (total: 415, calls: 485)
  [Leon Valley TX] nail salon: +1 (total: 416, calls: 486)
  [Leon Valley TX] massage therapist: +1 (total: 417, calls: 487)
  [Leon Valley TX] beauty salon: +5 (total: 422, calls: 488)
  [Leon Valley TX] eyelash extension: +2 (total: 424, calls: 489)
  [Leon Valley TX] tattoo shop: +2 (total: 426, calls: 491)
  [Leon Valley TX] auto repair shop: +1 (total: 427, calls: 492)
  [Leon Valley TX] car wash: +1 (total: 428, calls: 494)
  [Leon Valley TX] auto body shop: +1 (total: 429, calls: 495)
  [Leon Valley TX] taqueria: +2 (total: 431, calls: 497)
  [Leon Valley TX] food truck: +4 (total: 435, calls: 498)
  [Leon Valley TX] mexican restaurant: +1 (total: 436, calls: 500)
  [Leon Valley TX] ice cream shop: +1 (total: 437, calls: 503)
  [Leon Valley TX] janitorial service: +1 (total: 438, calls: 505)
  [Leon Valley TX] pressure washing: +1 (total: 439, calls: 507)
  [Leon Valley TX] landscaping company: +1 (total: 440, calls: 508)
  [Leon Valley TX] daycare: +1 (total: 441, calls: 511)
  [Leon Valley TX] alterations tailor: +1 (total: 442, calls: 513)
  [Leon Valley TX] notary public: +5 (total: 447, calls: 515)
  [Leon Valley TX] photography studio: +2 (total: 449, calls: 517)
=== Leon Valley TX done: +42 leads (running total: 449, api_calls so far: 520) ===
  [Lytle TX] plumber: +1 (total: 450, calls: 521)
  [Lytle TX] electrician: +1 (total: 451, calls: 522)
  [Lytle TX] HVAC contractor: +1 (total: 452, calls: 523)
  [Lytle TX] roofer: +1 (total: 453, calls: 524)
  [Lytle TX] painter: +2 (total: 455, calls: 525)
  [Lytle TX] pest control: +1 (total: 456, calls: 527)
  [Lytle TX] fence company: +3 (total: 459, calls: 529)
  [Lytle TX] appliance repair: +1 (total: 460, calls: 531)
  [Lytle TX] hair salon: +4 (total: 464, calls: 533)
  [Lytle TX] barber shop: +1 (total: 465, calls: 534)
  [Lytle TX] nail salon: +1 (total: 466, calls: 535)
  [Lytle TX] tattoo shop: +2 (total: 468, calls: 540)
  [Lytle TX] auto repair shop: +5 (total: 473, calls: 541)
  [Lytle TX] car wash: +1 (total: 474, calls: 543)
  [Lytle TX] food truck: +6 (total: 480, calls: 547)
  [Lytle TX] bakery: +1 (total: 481, calls: 548)
  [Lytle TX] mexican restaurant: +1 (total: 482, calls: 549)
  [Lytle TX] ice cream shop: +3 (total: 485, calls: 552)
  [Lytle TX] carpet cleaning: +1 (total: 486, calls: 555)
  [Lytle TX] landscaping company: +1 (total: 487, calls: 557)
  [Lytle TX] tree service: +1 (total: 488, calls: 559)
  [Lytle TX] daycare: +2 (total: 490, calls: 560)
  [Lytle TX] moving company: +3 (total: 493, calls: 561)
  [Lytle TX] alterations tailor: +3 (total: 496, calls: 562)
  [Lytle TX] notary public: +1 (total: 497, calls: 564)
  [Lytle TX] dog grooming: +1 (total: 498, calls: 568)
  [Lytle TX] dog boarding: +1 (total: 499, calls: 569)
=== Lytle TX done: +50 leads (running total: 499, api_calls so far: 569) ===
  [Hondo TX] plumber: +2 (total: 501, calls: 570)
  [Hondo TX] electrician: +1 (total: 502, calls: 571)
  [Hondo TX] painter: +2 (total: 504, calls: 574)
  [Hondo TX] fence company: +1 (total: 505, calls: 578)
  [Hondo TX] appliance repair: +2 (total: 507, calls: 580)
  [Hondo TX] hair salon: +3 (total: 510, calls: 582)
  [Hondo TX] barber shop: +1 (total: 511, calls: 583)
  [Hondo TX] tattoo shop: +1 (total: 512, calls: 589)
  [Hondo TX] auto repair shop: +3 (total: 515, calls: 590)
  [Hondo TX] car wash: +1 (total: 516, calls: 592)
  [Hondo TX] food truck: +1 (total: 517, calls: 596)
  [Hondo TX] bakery: +3 (total: 520, calls: 597)
  [Hondo TX] tamale shop: +1 (total: 521, calls: 599)
  [Hondo TX] ice cream shop: +6 (total: 527, calls: 601)
  [Hondo TX] janitorial service: +1 (total: 528, calls: 603)
  [Hondo TX] carpet cleaning: +1 (total: 529, calls: 604)
  [Hondo TX] pressure washing: +1 (total: 530, calls: 605)
  [Hondo TX] daycare: +1 (total: 531, calls: 609)
  [Hondo TX] moving company: +2 (total: 533, calls: 610)
  [Hondo TX] laundromat: +1 (total: 534, calls: 612)
  [Hondo TX] notary public: +2 (total: 536, calls: 613)
  [Hondo TX] photography studio: +1 (total: 537, calls: 615)
  [Hondo TX] dog grooming: +1 (total: 538, calls: 617)
=== Hondo TX done: +39 leads (running total: 538, api_calls so far: 618) ===
  [Houston TX] painter: +1 (total: 539, calls: 623)
  [Houston TX] handyman: +1 (total: 540, calls: 624)
  [Houston TX] gutter cleaning: +1 (total: 541, calls: 630)
  [Houston TX] food truck: +3 (total: 544, calls: 645)
  [Houston TX] tamale shop: +1 (total: 545, calls: 648)
  [Houston TX] daycare: +1 (total: 546, calls: 658)
  [Houston TX] dog grooming: +1 (total: 547, calls: 666)
=== Houston TX done: +9 leads (running total: 547, api_calls so far: 667) ===
  [Austin TX] handyman: +1 (total: 548, calls: 673)
  [Austin TX] fence company: +1 (total: 549, calls: 676)
  [Austin TX] eyelash extension: +1 (total: 550, calls: 685)
  [Austin TX] waxing salon: +1 (total: 551, calls: 686)
  [Austin TX] tire shop: +1 (total: 552, calls: 689)
  [Austin TX] food truck: +5 (total: 557, calls: 694)
  [Austin TX] tamale shop: +2 (total: 559, calls: 697)
  [Austin TX] janitorial service: +1 (total: 560, calls: 701)
  [Austin TX] notary public: +4 (total: 564, calls: 711)
=== Austin TX done: +17 leads (running total: 564, api_calls so far: 716) ===
  [Dallas TX] electrician: +1 (total: 565, calls: 718)
  [Dallas TX] painter: +1 (total: 566, calls: 721)
  [Dallas TX] gutter cleaning: +2 (total: 568, calls: 728)
  [Dallas TX] tire shop: +1 (total: 569, calls: 738)
  [Dallas TX] food truck: +1 (total: 570, calls: 743)
  [Dallas TX] donut shop: +1 (total: 571, calls: 747)
  [Dallas TX] landscaping company: +1 (total: 572, calls: 753)
  [Dallas TX] lawn care service: +1 (total: 573, calls: 754)
  [Dallas TX] daycare: +2 (total: 575, calls: 756)
  [Dallas TX] notary public: +1 (total: 576, calls: 760)
=== Dallas TX done: +12 leads (running total: 576, api_calls so far: 765) ===
  [Fort Worth TX] electrician: +2 (total: 578, calls: 767)
  [Fort Worth TX] handyman: +2 (total: 580, calls: 771)
  [Fort Worth TX] pool service: +1 (total: 581, calls: 775)
  [Fort Worth TX] appliance repair: +1 (total: 582, calls: 776)
  [Fort Worth TX] gutter cleaning: +1 (total: 583, calls: 777)
  [Fort Worth TX] eyelash extension: +1 (total: 584, calls: 783)
  [Fort Worth TX] tire shop: +1 (total: 585, calls: 787)
  [Fort Worth TX] food truck: +2 (total: 587, calls: 792)
  [Fort Worth TX] tamale shop: +3 (total: 590, calls: 795)
  [Fort Worth TX] janitorial service: +1 (total: 591, calls: 799)
  [Fort Worth TX] pressure washing: +2 (total: 593, calls: 801)
  [Fort Worth TX] daycare: +2 (total: 595, calls: 805)
  [Fort Worth TX] alterations tailor: +1 (total: 596, calls: 807)
  [Fort Worth TX] laundromat: +1 (total: 597, calls: 808)
  [Fort Worth TX] notary public: +4 (total: 601, calls: 809)
  [Fort Worth TX] catering: +1 (total: 602, calls: 812)
=== Fort Worth TX done: +26 leads (running total: 602, api_calls so far: 814) ===
  [El Paso TX] electrician: +1 (total: 603, calls: 816)
  [El Paso TX] HVAC contractor: +1 (total: 604, calls: 817)
  [El Paso TX] painter: +3 (total: 607, calls: 819)
  [El Paso TX] handyman: +4 (total: 611, calls: 820)
  [El Paso TX] pest control: +1 (total: 612, calls: 821)
  [El Paso TX] fence company: +5 (total: 617, calls: 823)
  [El Paso TX] pool service: +2 (total: 619, calls: 824)
  [El Paso TX] appliance repair: +2 (total: 621, calls: 825)
  [El Paso TX] gutter cleaning: +1 (total: 622, calls: 826)
  [El Paso TX] barber shop: +1 (total: 623, calls: 828)
  [El Paso TX] eyelash extension: +1 (total: 624, calls: 832)
  [El Paso TX] waxing salon: +1 (total: 625, calls: 833)
  [El Paso TX] auto repair shop: +1 (total: 626, calls: 835)
  [El Paso TX] taqueria: +1 (total: 627, calls: 840)
  [El Paso TX] food truck: +3 (total: 630, calls: 841)
  [El Paso TX] tamale shop: +2 (total: 632, calls: 844)
  [El Paso TX] house cleaning service: +1 (total: 633, calls: 847)
  [El Paso TX] janitorial service: +2 (total: 635, calls: 848)
  [El Paso TX] pressure washing: +1 (total: 636, calls: 850)
  [El Paso TX] lawn care service: +1 (total: 637, calls: 852)
  [El Paso TX] tree service: +1 (total: 638, calls: 853)
  [El Paso TX] daycare: +2 (total: 640, calls: 854)
  [El Paso TX] alterations tailor: +5 (total: 645, calls: 856)
  [El Paso TX] laundromat: +1 (total: 646, calls: 857)
  [El Paso TX] notary public: +3 (total: 649, calls: 858)
  [El Paso TX] locksmith: +2 (total: 651, calls: 859)
  [El Paso TX] photography studio: +3 (total: 654, calls: 860)
  [El Paso TX] catering: +3 (total: 657, calls: 861)
  [El Paso TX] dog grooming: +1 (total: 658, calls: 862)
=== El Paso TX done: +56 leads (running total: 658, api_calls so far: 863) ===
  [Lubbock TX] plumber: +1 (total: 659, calls: 864)
  [Lubbock TX] painter: +1 (total: 660, calls: 868)
  [Lubbock TX] handyman: +3 (total: 663, calls: 869)
  [Lubbock TX] garage door repair: +3 (total: 666, calls: 871)
  [Lubbock TX] fence company: +2 (total: 668, calls: 872)
  [Lubbock TX] pool service: +1 (total: 669, calls: 873)
  [Lubbock TX] appliance repair: +1 (total: 670, calls: 874)
  [Lubbock TX] gutter cleaning: +1 (total: 671, calls: 875)
  [Lubbock TX] eyelash extension: +2 (total: 673, calls: 881)
  [Lubbock TX] auto body shop: +1 (total: 674, calls: 887)
  [Lubbock TX] food truck: +2 (total: 676, calls: 890)
  [Lubbock TX] ice cream shop: +1 (total: 677, calls: 895)
  [Lubbock TX] house cleaning service: +1 (total: 678, calls: 896)
  [Lubbock TX] janitorial service: +1 (total: 679, calls: 897)
  [Lubbock TX] carpet cleaning: +4 (total: 683, calls: 898)
  [Lubbock TX] pressure washing: +1 (total: 684, calls: 899)
  [Lubbock TX] lawn care service: +2 (total: 686, calls: 901)
  [Lubbock TX] tree service: +1 (total: 687, calls: 902)
  [Lubbock TX] daycare: +2 (total: 689, calls: 903)
  [Lubbock TX] moving company: +1 (total: 690, calls: 904)
  [Lubbock TX] alterations tailor: +4 (total: 694, calls: 905)
  [Lubbock TX] laundromat: +2 (total: 696, calls: 906)
  [Lubbock TX] notary public: +3 (total: 699, calls: 907)
  [Lubbock TX] photography studio: +1 (total: 700, calls: 909)
  [Lubbock TX] catering: +2 (total: 702, calls: 910)
  [Lubbock TX] dog grooming: +1 (total: 703, calls: 911)
  [Lubbock TX] dog boarding: +3 (total: 706, calls: 912)
=== Lubbock TX done: +48 leads (running total: 706, api_calls so far: 912) ===
  [Corpus Christi TX] plumber: +1 (total: 707, calls: 913)
  [Corpus Christi TX] electrician: +4 (total: 711, calls: 914)
  [Corpus Christi TX] painter: +5 (total: 716, calls: 917)
  [Corpus Christi TX] handyman: +2 (total: 718, calls: 918)
  [Corpus Christi TX] pest control: +2 (total: 720, calls: 919)
  [Corpus Christi TX] garage door repair: +2 (total: 722, calls: 920)
  [Corpus Christi TX] fence company: +3 (total: 725, calls: 921)
  [Corpus Christi TX] pool service: +2 (total: 727, calls: 922)
  [Corpus Christi TX] appliance repair: +3 (total: 730, calls: 923)
  [Corpus Christi TX] gutter cleaning: +1 (total: 731, calls: 924)
  [Corpus Christi TX] barber shop: +2 (total: 733, calls: 926)
  [Corpus Christi TX] massage therapist: +3 (total: 736, calls: 928)
  [Corpus Christi TX] beauty salon: +1 (total: 737, calls: 929)
  [Corpus Christi TX] waxing salon: +2 (total: 739, calls: 931)
  [Corpus Christi TX] tattoo shop: +1 (total: 740, calls: 932)
  [Corpus Christi TX] auto repair shop: +2 (total: 742, calls: 933)
  [Corpus Christi TX] food truck: +4 (total: 746, calls: 939)
  [Corpus Christi TX] bakery: +1 (total: 747, calls: 940)
  [Corpus Christi TX] tamale shop: +1 (total: 748, calls: 942)
  [Corpus Christi TX] donut shop: +1 (total: 749, calls: 943)
  [Corpus Christi TX] ice cream shop: +1 (total: 750, calls: 944)
  [Corpus Christi TX] house cleaning service: +7 (total: 757, calls: 945)
  [Corpus Christi TX] janitorial service: +3 (total: 760, calls: 946)
  [Corpus Christi TX] carpet cleaning: +4 (total: 764, calls: 947)
  [Corpus Christi TX] pressure washing: +3 (total: 767, calls: 948)
  [Corpus Christi TX] landscaping company: +1 (total: 768, calls: 949)
  [Corpus Christi TX] lawn care service: +1 (total: 769, calls: 950)
  [Corpus Christi TX] tree service: +3 (total: 772, calls: 951)
  [Corpus Christi TX] daycare: +4 (total: 776, calls: 952)
  [Corpus Christi TX] moving company: +2 (total: 778, calls: 953)
  [Corpus Christi TX] alterations tailor: +4 (total: 782, calls: 954)
  [Corpus Christi TX] laundromat: +1 (total: 783, calls: 955)
  [Corpus Christi TX] notary public: +9 (total: 792, calls: 956)
  [Corpus Christi TX] photography studio: +1 (total: 793, calls: 958)
  [Corpus Christi TX] dog grooming: +3 (total: 796, calls: 960)
  [Corpus Christi TX] dog boarding: +2 (total: 798, calls: 961)
=== Corpus Christi TX done: +92 leads (running total: 798, api_calls so far: 961) ===
  [McAllen TX] plumber: +4 (total: 802, calls: 962)
  [McAllen TX] electrician: +4 (total: 806, calls: 963)
  [McAllen TX] HVAC contractor: +1 (total: 807, calls: 964)
  [McAllen TX] roofer: +1 (total: 808, calls: 965)
  [McAllen TX] painter: +5 (total: 813, calls: 966)
  [McAllen TX] handyman: +2 (total: 815, calls: 967)
  [McAllen TX] pest control: +2 (total: 817, calls: 968)
  [McAllen TX] garage door repair: +1 (total: 818, calls: 969)
  [McAllen TX] fence company: +7 (total: 825, calls: 970)
  [McAllen TX] pool service: +2 (total: 827, calls: 971)
  [McAllen TX] appliance repair: +14 (total: 841, calls: 972)
  [McAllen TX] gutter cleaning: +1 (total: 842, calls: 973)
  [McAllen TX] barber shop: +3 (total: 845, calls: 975)
  [McAllen TX] massage therapist: +3 (total: 848, calls: 977)
  [McAllen TX] eyelash extension: +4 (total: 852, calls: 979)
  [McAllen TX] waxing salon: +3 (total: 855, calls: 980)
  [McAllen TX] tattoo shop: +5 (total: 860, calls: 981)
  [McAllen TX] auto repair shop: +2 (total: 862, calls: 982)
  [McAllen TX] tire shop: +4 (total: 866, calls: 983)
  [McAllen TX] auto body shop: +3 (total: 869, calls: 985)
  [McAllen TX] oil change: +1 (total: 870, calls: 986)
  [McAllen TX] taqueria: +1 (total: 871, calls: 987)
  [McAllen TX] food truck: +5 (total: 876, calls: 988)
  [McAllen TX] bakery: +2 (total: 878, calls: 989)
  [McAllen TX] tamale shop: +1 (total: 879, calls: 991)
  [McAllen TX] donut shop: +3 (total: 882, calls: 992)
  [McAllen TX] ice cream shop: +2 (total: 884, calls: 993)
  [McAllen TX] house cleaning service: +1 (total: 885, calls: 994)
  [McAllen TX] janitorial service: +3 (total: 888, calls: 995)
  [McAllen TX] carpet cleaning: +5 (total: 893, calls: 996)
  [McAllen TX] pressure washing: +1 (total: 894, calls: 997)
  [McAllen TX] landscaping company: +1 (total: 895, calls: 998)
  [McAllen TX] lawn care service: +4 (total: 899, calls: 999)
  [McAllen TX] tree service: +4 (total: 903, calls: 1000)
  [McAllen TX] daycare: +9 (total: 912, calls: 1001)
  [McAllen TX] moving company: +5 (total: 917, calls: 1002)
  [McAllen TX] alterations tailor: +6 (total: 923, calls: 1003)
  [McAllen TX] laundromat: +3 (total: 926, calls: 1004)
  [McAllen TX] notary public: +8 (total: 934, calls: 1005)
  [McAllen TX] locksmith: +1 (total: 935, calls: 1006)
  [McAllen TX] photography studio: +4 (total: 939, calls: 1007)
  [McAllen TX] catering: +3 (total: 942, calls: 1008)
  [McAllen TX] dog grooming: +2 (total: 944, calls: 1009)
  [McAllen TX] dog boarding: +1 (total: 945, calls: 1010)
=== McAllen TX done: +147 leads (running total: 945, api_calls so far: 1010) ===
  [Laredo TX] plumber: +8 (total: 953, calls: 1011)
  [Laredo TX] electrician: +6 (total: 959, calls: 1012)
  [Laredo TX] HVAC contractor: +6 (total: 965, calls: 1013)
  [Laredo TX] roofer: +4 (total: 969, calls: 1014)
  [Laredo TX] painter: +11 (total: 980, calls: 1015)
  [Laredo TX] handyman: +5 (total: 985, calls: 1016)
  [Laredo TX] pest control: +4 (total: 989, calls: 1017)
  [Laredo TX] garage door repair: +2 (total: 991, calls: 1018)
  [Laredo TX] fence company: +5 (total: 996, calls: 1019)
  [Laredo TX] pool service: +2 (total: 998, calls: 1020)
  [Laredo TX] appliance repair: +5 (total: 1003, calls: 1021)
=== Laredo TX PARTIAL (target hit mid-location, will resume here): +58 leads (running total: 1003, api_calls so far: 1021) ===
Target reached (1003 >= 1000), stopping before Amarillo TX

Final: 1003 unique leads, 1021 API calls, 0 errors
Output: C:\Users\camac\deal-scraper\output\digital_desert_leads_v2_20260817_1547.csv
